******************************************************************************
                  TI ARM Linker Unix v16.9.3                   
******************************************************************************
>> Linked Tue Nov 21 23:35:31 2017

OUTPUT FILE NAME:   <CSRobot_01.out>
ENTRY POINT SYMBOL: "_c_int00"  address: 00008f29


MEMORY CONFIGURATION

         name            origin    length      used     unused   attr    fill
----------------------  --------  ---------  --------  --------  ----  --------
  MAIN                  00000000   00040000  0000e68c  00031974  R  X
  INFO                  00200000   00004000  00000000  00004000  R  X
  SRAM_CODE             01000000   00010000  00000000  00010000  RW X
  SRAM_DATA             20000000   00010000  00006298  00009d68  RW  


SEGMENT ALLOCATION MAP

run origin  load origin   length   init length attrs members
----------  ----------- ---------- ----------- ----- -------
00000000    00000000    0000e698   0000e698    r-x
  00000000    00000000    0000003c   0000003c    r-- .resetVecs
  00000040    00000040    0000b84a   0000b84a    r-x .text
  0000b88c    0000b88c    00002a6e   00002a6e    r-- .const
  0000e300    0000e300    00000398   00000398    r-- .cinit
20000000    20000000    00005f98   00000000    rw-
  20000000    20000000    00000140   00000000    rw- .vecs
  20000140    20000140    000054a8   00000000    rw- .bss
  200055e8    200055e8    000009b0   00000000    rw- .data
2000fd00    2000fd00    00000300   00000000    rw-
  2000fd00    2000fd00    00000300   00000000    rw- .stack


SECTION ALLOCATION MAP

 output                                  attributes/
section   page    origin      length       input sections
--------  ----  ----------  ----------   ----------------
.text      0    00000040    0000b84a     
                  00000040    0000113e     rtsv7M4_T_le_v4SPD16_eabi.lib : _printfi.obj (.text)
                  0000117e    00000002     power_tirtos_MSP432P401R.aem4f : PowerMSP432_tirtos.oem4f (.text:PowerMSP432_initPolicy)
                  00001180    00000950     motor.obj (.text:pwmMotorFxn)
                  00001ad0    00000520     screenTask.obj (.text:screenTaskFxn)
                  00001ff0    00000492     string.obj (.text:Graphics_drawString)
                  00002482    00000006     drivers_MSP432P401R.aem4f : I2CMSP432.oem4f (.text:I2CMSP432_control)
                  00002488    00000430     sysbios.aem4f : BIOS.obj (.text:ti_sysbios_family_arm_m3_Hwi_excDumpRegs__I)
                  000028b8    0000034c     ti.targets.arm.rtsarm.aem4f : System.oem4f (.text:xdc_runtime_System_doPrint__I)
                  00002c04    00000324     rtsv7M4_T_le_v4SPD16_eabi.lib : trgdrv.obj (.text)
                  00002f28    0000030c                                   : lowlev.obj (.text)
                  00003234    00000004     msp432p4xx_driverlib.lib : cpu.o (.text:CPU_wfi)
                  00003238    000002b0     sysbios.aem4f : BIOS.obj (.text:ti_sysbios_knl_Semaphore_pend__E)
                  000034e8    00000264     drivers_MSP432P401R.aem4f : PowerMSP432.oem4f (.text:Power_sleep)
                  0000374c    00000004     msp432p4xx_driverlib.lib : spi.o (.text:EUSCI_A_SPI_transmitData)
                  00003750    00000258     sysbios.aem4f : BIOS.obj (.text:ti_sysbios_heaps_HeapMem_free__E)
                  000039a8    00000248                   : BIOS.obj (.text:ti_sysbios_heaps_HeapMem_alloc__E)
                  00003bf0    00000224     Range_Read.obj (.text:Range_DetectFxn)
                  00003e14    00000004     msp432p4xx_driverlib.lib : spi.o (.text:EUSCI_B_SPI_transmitData)
                  00003e18    00000224     sysbios.aem4f : BIOS.obj (.text:ti_sysbios_knl_Task_Instance_finalize__E)
                  0000403c    00000004     tirtosport.aem4f : HwiP_tirtos.oem4f (.text:HwiP_disable)
                  00004040    000001fc     sysbios.aem4f : BIOS.obj (.text:ti_sysbios_family_arm_m3_Hwi_excHandlerMax__I)
                  0000423c    000001f4     rtsv7M4_T_le_v4SPD16_eabi.lib : ull_div_t2.obj (.text)
                  00004430    000001d4     sysbios.aem4f : BIOS.obj (.text:ti_sysbios_knl_Task_sleep__E)
                  00004604    00000004     msp432p4xx_driverlib.lib : i2c.o (.text:I2C_setSlaveAddress)
                  00004608    000001c8     sysbios.aem4f : BIOS.obj (.text:ti_sysbios_knl_Task_Instance_init__E)
                  000047d0    000001c4     rtsv7M4_T_le_v4SPD16_eabi.lib : fopen.obj (.text)
                  00004994    000001b6                                   : fd_add_t2.obj (.text)
                  00004b4a    000001a2     Range_Read.obj (.text:Init)
                  00004cec    000001a0     msp432p4xx_driverlib.lib : pcm.o (.text:__PCM_setPowerStateAdvanced)
                  00004e8c    00000178     drivers_MSP432P401R.aem4f : I2CMSP432.oem4f (.text:I2CMSP432_open)
                  00005004    00000004                               : List.oem4f (.text:List_head)
                  00005008    00000174     sysbios.aem4f : BIOS.obj (.text:ti_sysbios_family_arm_m3_Hwi_excBusFault__I)
                  0000517c    00000004     drivers_MSP432P401R.aem4f : List.oem4f (.text:List_next)
                  00005180    00000164     sysbios.aem4f : BIOS.obj (.text:ti_sysbios_family_arm_m3_Hwi_excUsageFault__I)
                  000052e4    00000158     Sharp96x96.obj (.text:Sharp96x96_RectFill)
                  0000543c    00000004     drivers_MSP432P401R.aem4f : PowerMSP432.oem4f (.text:PowerMSP432_getNumPerfLevels)
                  00005440    00000148     sysbios.aem4f : BIOS.obj (.text:ti_sysbios_family_arm_m3_Hwi_excMemFault__I)
                  00005588    00000140     drivers_MSP432P401R.aem4f : GPIOMSP432.oem4f (.text:GPIO_setConfig)
                  000056c8    0000013c     sysbios.aem4f : BIOS.obj (.text:ti_sysbios_heaps_HeapMem_Instance_init__E)
                  00005804    00000138     Sharp96x96.obj (.text:Sharp96x96_LineDrawH)
                  0000593c    00000136     rtsv7M4_T_le_v4SPD16_eabi.lib : fd_div_t2.obj (.text)
                  00005a72    00000002                                   : i_div0.obj (.text)
                  00005a74    00000134                                   : fputs.obj (.text)
                  00005ba8    00000118     drivers_MSP432P401R.aem4f : I2CMSP432.oem4f (.text:I2CMSP432_hwiIntFxn)
                  00005cc0    00000118     ti.targets.arm.rtsarm.aem4f : Error.oem4f (.text:xdc_runtime_Error_policyDefault__E)
                  00005dd8    00000100                                 : Core-mem.oem4f (.text:xdc_runtime_Core_createObject__I)
                  00005ed8    000000fc     rtsv7M4_T_le_v4SPD16_eabi.lib : fd_mul_t2.obj (.text)
                  00005fd4    000000fc                                   : s_scalbn.obj (.text)
                  000060d0    000000f8     ti.targets.arm.rtsarm.aem4f : Startup.oem4f (.text:xdc_runtime_Startup_startMods__I)
                  000061c8    000000f8     Robot_pem4f.oem4f (.text:xdc_runtime_System_printfExtend__I)
                  000062c0    000000f4     main.obj (.text:main)
                  000063b4    000000f0     drivers_MSP432P401R.aem4f : PowerMSP432.oem4f (.text:initPerfControl)
                  000064a4    000000ec     sysbios.aem4f : m3_Hwi_asm.obj (.text:ti_sysbios_family_arm_m3_Hwi_dispatch__I)
                  00006590    000000ec                   : BIOS.obj (.text:ti_sysbios_knl_Semaphore_post__E)
                  0000667c    000000e2     drivers_MSP432P401R.aem4f : PWMTimerMSP432.oem4f (.text:initHw)
                  0000675e    00000002     Robot_pem4f.oem4f (.text:ti_sysbios_BIOS_nullFunc__I)
                  00006760    000000e0     msp432p4xx_driverlib.lib : cs.o (.text:CS_initClockSignal)
                  00006840    000000dc                              : pcm.o (.text:__PCM_setPowerModeAdvanced)
                  0000691c    000000dc     rtsv7M4_T_le_v4SPD16_eabi.lib : setvbuf.obj (.text)
                  000069f8    000000d8     Sharp96x96.obj (.text:Sharp96x96_Flush)
                  00006ad0    000000cc     ti.targets.arm.rtsarm.aem4f : Core-smem.oem4f (.text:xdc_runtime_Core_constructObject__I)
                  00006b9c    000000c8     rtsv7M4_T_le_v4SPD16_eabi.lib : fflush.obj (.text)
                  00006c64    00000004     Robot_pem4f.oem4f (.text:ti_sysbios_BIOS_RtsGateProxy_enter__E)
                  00006c68    000000bc     sysbios.aem4f : BIOS.obj (.text:ti_sysbios_family_arm_m3_Hwi_excDebugMon__I)
                  00006d24    00000004     Robot_pem4f.oem4f (.text:ti_sysbios_BIOS_RtsGateProxy_leave__E)
                  00006d28    000000bc     sysbios.aem4f : BIOS.obj (.text:ti_sysbios_family_arm_m3_Hwi_excHardFault__I)
                  00006de4    00000004     Robot_pem4f.oem4f (.text:ti_sysbios_family_arm_m3_Hwi_destruct)
                  00006de8    000000b4     sysbios.aem4f : BIOS.obj (.text:ti_sysbios_gates_GateMutex_enter__E)
                  00006e9c    00000004     Robot_pem4f.oem4f (.text:ti_sysbios_family_arm_m3_TaskSupport_Module__startupDone__S)
                  00006ea0    000000b4     sysbios.aem4f : BIOS.obj (.text:ti_sysbios_knl_Task_checkStacks__E)
                  00006f54    000000b2     msp432p4xx_driverlib.lib : timer_a.o (.text:privateTimer_AProcessClockSourceDivider)
                  00007006    00000002     --HOLE-- [fill = 0]
                  00007008    000000b0                              : pcm.o (.text:__PCM_setCoreVoltageLevelAdvanced)
                  000070b8    000000ac     drivers_MSP432P401R.aem4f : PWMTimerMSP432.oem4f (.text:PWMTimerMSP432_open)
                  00007164    000000ac     rtsv7M4_T_le_v4SPD16_eabi.lib : _io_perm.obj (.text)
                  00007210    000000a8     sysbios.aem4f : BIOS.obj (.text:ti_sysbios_family_arm_msp432_Timer_periodicStub__E)
                  000072b8    000000a4     line.obj (.text:Graphics_drawLineH)
                  0000735c    000000a0     auto_init.aem4f : auto_init.oem4f (.text)
                  000073fc    000000a0     ti.targets.arm.rtsarm.aem4f : Text.oem4f (.text:xdc_runtime_Text_putMod__E)
                  0000749c    0000009c     rtsv7M4_T_le_v4SPD16_eabi.lib : memcpy_t2.obj (.text)
                  00007538    0000009c     sysbios.aem4f : BIOS.obj (.text:ti_sysbios_knl_Semaphore_Instance_init__E)
                  000075d4    00000004     Robot_pem4f.oem4f (.text:ti_sysbios_heaps_HeapMem_Module_GateProxy_enter__E)
                  000075d8    0000009c     sysbios.aem4f : BIOS.obj (.text:ti_sysbios_knl_Task_postInit__I)
                  00007674    0000009a     ti.targets.arm.rtsarm.aem4f : Text.oem4f (.text:xdc_runtime_Text_putSite__E)
                  0000770e    00000002     --HOLE-- [fill = 0]
                  00007710    00000098     rtsv7M4_T_le_v4SPD16_eabi.lib : fclose.obj (.text)
                  000077a8    00000098                                   : fputc.obj (.text)
                  00007840    00000094     sysbios.aem4f : BIOS.obj (.text:ti_sysbios_family_arm_m3_Hwi_Instance_init__E)
                  000078d4    00000004     Robot_pem4f.oem4f (.text:ti_sysbios_heaps_HeapMem_Module_GateProxy_leave__E)
                  000078d8    00000094     sysbios.aem4f : BIOS.obj (.text:ti_sysbios_family_arm_m3_Hwi_initNVIC__E)
                  0000796c    00000092     drivers_MSP432P401R.aem4f : I2CMSP432.oem4f (.text:I2CMSP432_cancel)
                  000079fe    00000092                               : PWMTimerMSP432.oem4f (.text:PWMTimerMSP432_setPeriod)
                  00007a90    00000090     Sharp96x96.obj (.text:Sharp96x96_LineDrawV)
                  00007b20    0000008c     drivers_MSP432P401R.aem4f : I2CMSP432.oem4f (.text:I2CMSP432_transfer)
                  00007bac    0000008c     sysbios.aem4f : m3_TaskSupport_asm.obj (.text:ti_sysbios_family_arm_m3_TaskSupport_buildTaskStack)
                  00007c38    00000089     Range_Read.obj (.text:Switch_Open)
                  00007cc1    00000001     --HOLE-- [fill = 0]
                  00007cc2    00000088     msp432p4xx_driverlib.lib : spi.o (.text:SPI_initMaster)
                  00007d4a    00000006                              : i2c.o (.text:I2C_getEnabledInterruptStatus)
                  00007d50    00000088     sysbios.aem4f : BIOS.obj (.text:ti_sysbios_family_arm_msp432_Timer_Module_startup__E)
                  00007dd8    00000086     rtsv7M4_T_le_v4SPD16_eabi.lib : fd_cmp_t2.obj (.text:__aeabi_cdcmple)
                  00007e5e    00000086                                   : fd_cmp_t2.obj (.text:__aeabi_cdrcmple)
                  00007ee4    00000084     drivers_MSP432P401R.aem4f : PWMTimerMSP432.oem4f (.text:PWMTimerMSP432_setDuty)
                  00007f68    00000084     sysbios.aem4f : BIOS.obj (.text:ti_sysbios_family_arm_m3_Hwi_postInit__I)
                  00007fec    00000080     Sharp96x96.obj (.text:Sharp96x96_SendToggleVCOMCommand)
                  0000806c    0000007c     msp432p4xx_driverlib.lib : pcm.o (.text:PCM_gotoLPM3)
                  000080e8    0000007c     Sharp96x96.obj (.text:Sharp96x96_ClearScreen)
                  00008164    0000007c     Sharp96x96.obj (.text:Sharp96x96_DrawMultiple)
                  000081e0    0000007a     rtsv7M4_T_le_v4SPD16_eabi.lib : memset_t2.obj (.text)
                  0000825a    00000002     --HOLE-- [fill = 0]
                  0000825c    00000077     Range_Read.obj (.text:VL6180X_W)
                  000082d3    00000001     --HOLE-- [fill = 0]
                  000082d4    00000073     Range_Read.obj (.text:VL6180X_R)
                  00008347    00000001     --HOLE-- [fill = 0]
                  00008348    00000070     rtsv7M4_T_le_v4SPD16_eabi.lib : printf.obj (.text)
                  000083b8    00000070     sysbios.aem4f : BIOS.obj (.text:ti_sysbios_knl_Task_exit__E)
                  00008428    0000006e     rtsv7M4_T_le_v4SPD16_eabi.lib : fd_tos_t2.obj (.text)
                  00008496    00000002     --HOLE-- [fill = 0]
                  00008498    0000006d     ti.targets.arm.rtsarm.aem4f : System.oem4f (.text:xdc_runtime_System_formatNum__I)
                  00008505    00000003     --HOLE-- [fill = 0]
                  00008508    0000006c     sysbios.aem4f : BIOS.obj (.text:ti_sysbios_knl_Clock_workFunc__E)
                  00008574    00000004     Robot_pem4f.oem4f (.text:ti_sysbios_knl_Clock_TimerProxy_getMaxTicks__E)
                  00008578    0000006c     sysbios.aem4f : BIOS.obj (.text:ti_sysbios_knl_Swi_restoreHwi__E)
                  000085e4    0000006c     ti.targets.arm.rtsarm.aem4f : Error.oem4f (.text:xdc_runtime_Error_print__E)
                  00008650    0000006c                                 : Memory.oem4f (.text:xdc_runtime_Memory_alloc__E)
                  000086bc    00000068     Sharp96x96.obj (.text:Sharp96x96_PixelDraw)
                  00008724    00000068     rtsv7M4_T_le_v4SPD16_eabi.lib : copy_decompress_lzss.obj (.text:decompress:lzss)
                  0000878c    00000068     drivers_MSP432P401R.aem4f : I2CMSP432.oem4f (.text:primeTransfer)
                  000087f4    00000068     rtsv7M4_T_le_v4SPD16_eabi.lib : trgmsg.obj (.text)
                  0000885c    00000066     drivers_MSP432P401R.aem4f : I2CMSP432.oem4f (.text:I2CMSP432_close)
                  000088c2    00000066     ti.targets.arm.rtsarm.aem4f : Core-mem.oem4f (.text:xdc_runtime_Core_deleteObject__I)
                  00008928    00000064     rtsv7M4_T_le_v4SPD16_eabi.lib : fseek.obj (.text)
                  0000898c    00000064                                   : s_frexp.obj (.text)
                  000089f0    00000064     sysbios.aem4f : BIOS.obj (.text:ti_sysbios_family_arm_m3_Hwi_dispatchC__I)
                  00008a54    00000064     timer2.obj (.text:timer2Fxn)
                  00008ab8    00000062     tirtosport.aem4f : HwiP_tirtos.oem4f (.text:HwiP_create)
                  00008b1a    00000062     Sharp96x96utils.obj (.text:reverse)
                  00008b7c    00000060     rtsv7M4_T_le_v4SPD16_eabi.lib : sprintf.obj (.text)
                  00008bdc    00000004     Robot_pem4f.oem4f (.text:ti_sysbios_knl_Queue_destruct)
                  00008be0    00000060     sysbios.aem4f : BIOS.obj (.text:ti_sysbios_knl_Task_schedule__I)
                  00008c40    0000005c     drivers_MSP432P401R.aem4f : GPIOMSP432.oem4f (.text:GPIO_init)
                  00008c9c    00000004     Robot_pem4f.oem4f (.text:ti_sysbios_knl_Semaphore_destruct)
                  00008ca0    0000005c     sysbios.aem4f : BIOS.obj (.text:ti_sysbios_knl_Swi_run__I)
                  00008cfc    00000004     ti.targets.arm.rtsarm.aem4f : Error.oem4f (.text:xdc_runtime_Error_getSite__E)
                  00008d00    0000005c     sysbios.aem4f : BIOS.obj (.text:ti_sysbios_knl_Swi_schedule__I)
                  00008d5c    00000004     Robot_pem4f.oem4f (.text:xdc_runtime_System_Module_GateProxy_enter__E)
                  00008d60    0000005c     sysbios.aem4f : BIOS.obj (.text:ti_sysbios_knl_Task_Module_startup__E)
                  00008dbc    00000004     Robot_pem4f.oem4f (.text:xdc_runtime_System_Module_GateProxy_leave__E)
                  00008dc0    0000005c     sysbios.aem4f : BIOS.obj (.text:ti_sysbios_knl_Task_startCore__E)
                  00008e1c    0000005b     ti.targets.arm.rtsarm.aem4f : Text.oem4f (.text:xdc_runtime_Text_putLab__E)
                  00008e77    00000001     --HOLE-- [fill = 0]
                  00008e78    00000058     tirtosport.aem4f : SemaphoreP_tirtos.oem4f (.text:SemaphoreP_create)
                  00008ed0    00000058     Sharp96x96.obj (.text:Sharp96x96_InitializeDisplayBuffer)
                  00008f28    00000058     boot.aem4f : boot.oem4f (.text)
                  00008f80    00000058     Robot_pem4f.oem4f (.text:ti_sysbios_family_arm_m3_Hwi_construct)
                  00008fd8    00000058     sysbios.aem4f : m3_Hwi_asm_switch.obj (.text:ti_sysbios_family_arm_m3_Hwi_initStacks__E)
                  00009030    00000054     drivers_MSP432P401R.aem4f : GPIOMSP432.oem4f (.text:GPIO_hwiIntFxn)
                  00009084    00000054                               : GPIOMSP432.oem4f (.text:GPIO_setCallback)
                  000090d8    00000054                               : PWMTimerMSP432.oem4f (.text:PWMTimerMSP432_stop)
                  0000912c    00000054     Sharp96x96.obj (.text:Sharp96x96_LCDInit)
                  00009180    00000054     drivers_MSP432P401R.aem4f : I2CMSP432.oem4f (.text:initHw)
                  000091d4    00000054     rtsv7M4_T_le_v4SPD16_eabi.lib : exit.obj (.text)
                  00009228    00000054                                   : ltoa.obj (.text)
                  0000927c    00000004     ti.targets.arm.rtsarm.aem4f : System.oem4f (.text:xdc_runtime_System_aprintf_va__F)
                  00009280    00000054     sysbios.aem4f : BIOS.obj (.text:ti_sysbios_family_arm_msp432_Timer_initDevice__I)
                  000092d4    00000004     ti.targets.arm.rtsarm.aem4f : System.oem4f (.text:xdc_runtime_System_printf_va__F)
                  000092d8    00000054     sysbios.aem4f : BIOS.obj (.text:ti_sysbios_family_arm_msp432_init_Boot_configureClocksHigh)
                  0000932c    00000054     Robot_pem4f.oem4f (.text:ti_sysbios_knl_Task_construct)
                  00009380    00000054     ti.targets.arm.rtsarm.aem4f : Assert.oem4f (.text:xdc_runtime_Assert_raise__I)
                  000093d4    00000050     drivers_MSP432P401R.aem4f : GPIOMSP432.oem4f (.text:GPIO_write)
                  00009424    00000050     msp432p4xx_driverlib.lib : pcm.o (.text:PCM_shutdownDevice)
                  00009474    00000050     drivers_MSP432P401R.aem4f : PWMTimerMSP432.oem4f (.text:PWMTimerMSP432_close)
                  000094c4    00000004     --HOLE-- [fill = 0]
                  000094c8    00000050     sysbios.aem4f : BIOS.obj (.text:ti_sysbios_family_arm_m3_Hwi_Module_startup__E)
                  00009518    00000050     ti.targets.arm.rtsarm.aem4f : Startup.oem4f (.text:xdc_runtime_Startup_exec__E)
                  00009568    00000050                                 : Text.oem4f (.text:xdc_runtime_Text_visitRope2__I)
                  000095b8    0000004c     msp432p4xx_driverlib.lib : gpio.o (.text:GPIO_setAsPeripheralModuleFunctionOutputPin)
                  00009604    0000004c     rtsv7M4_T_le_v4SPD16_eabi.lib : atoi.obj (.text)
                  00009650    0000004c                                   : cpy_tbl.obj (.text)
                  0000969c    00000004     --HOLE-- [fill = 0]
                  000096a0    0000004c     sysbios.aem4f : BIOS.obj (.text:ti_sysbios_family_arm_msp432_Timer_start__E)
                  000096ec    00000004     --HOLE-- [fill = 0]
                  000096f0    0000004c                   : BIOS.obj (.text:ti_sysbios_heaps_HeapMem_getStats__E)
                  0000973c    00000004     --HOLE-- [fill = 0]
                  00009740    0000004c                   : BIOS.obj (.text:ti_sysbios_knl_Swi_runLoop__I)
                  0000978c    00000004     --HOLE-- [fill = 0]
                  00009790    0000004c                   : BIOS.obj (.text:ti_sysbios_knl_Task_allBlockedFunction__I)
                  000097dc    0000004a     context.obj (.text:Graphics_initContext)
                  00009826    00000048     msp432p4xx_driverlib.lib : timer_a.o (.text:Timer_A_generatePWM)
                  0000986e    00000048     rtsv7M4_T_le_v4SPD16_eabi.lib : fd_toi_t2.obj (.text)
                  000098b6    00000002     --HOLE-- [fill = 0]
                  000098b8    00000048     sysbios.aem4f : BIOS.obj (.text:ti_sysbios_family_arm_m3_Hwi_disableInterrupt__E)
                  00009900    00000048                   : BIOS.obj (.text:ti_sysbios_family_arm_m3_Hwi_enableInterrupt__E)
                  00009948    00000048                   : BIOS.obj (.text:ti_sysbios_family_arm_m3_Hwi_excReserved__I)
                  00009990    00000046     ti.targets.arm.rtsarm.aem4f : Core-params.oem4f (.text:xdc_runtime_Core_assignParams__I)
                  000099d6    00000002     --HOLE-- [fill = 0]
                  000099d8    00000044     MSP_EXP432P401R.obj (.text:MSP_EXP432P401R_initPWM)
                  00009a1c    00000044     drivers_MSP432P401R.aem4f : PowerMSP432.oem4f (.text:Power_init)
                  00009a60    00000044     sysbios.aem4f : BIOS.obj (.text:ti_sysbios_family_arm_m3_Hwi_getStackInfo__E)
                  00009aa4    00000004     --HOLE-- [fill = 0]
                  00009aa8    00000044                   : BIOS.obj (.text:ti_sysbios_knl_Swi_post__E)
                  00009aec    00000044     ti.targets.arm.rtsarm.aem4f : Error.oem4f (.text:xdc_runtime_Error_setX__E)
                  00009b30    00000044                                 : SysMin.oem4f (.text:xdc_runtime_SysMin_flush__E)
                  00009b74    00000044                                 : Text.oem4f (.text:xdc_runtime_Text_xprintf__I)
                  00009bb8    00000042     drivers_MSP432P401R.aem4f : I2CMSP432.oem4f (.text:completeTransfer)
                  00009bfa    00000002     --HOLE-- [fill = 0]
                  00009bfc    00000040     msp432p4xx_driverlib.lib : flash.o (.text:FlashCtl_disableReadBuffering)
                  00009c3c    00000040     string.obj (.text:Graphics_getNumberOfLeadingZeros)
                  00009c7c    00000040     msp432p4xx_driverlib.lib : i2c.o (.text:I2C_masterSendMultiByteFinish)
                  00009cbc    00000040     drivers_MSP432P401R.aem4f : PWMTimerMSP432.oem4f (.text:PWMTimerMSP432_start)
                  00009cfc    00000040                               : PowerMSP432.oem4f (.text:notify)
                  00009d3c    00000040     rtsv7M4_T_le_v4SPD16_eabi.lib : u_divt2.obj (.text)
                  00009d7c    00000004     --HOLE-- [fill = 0]
                  00009d80    00000040     sysbios.aem4f : BIOS.obj (.text:ti_sysbios_family_arm_msp432_Timer_startup__E)
                  00009dc0    0000003e     msp432p4xx_driverlib.lib : i2c.o (.text:I2C_initMaster)
                  00009dfe    00000002     --HOLE-- [fill = 0]
                  00009e00    0000003c     MSP_EXP432P401R.obj (.text:MSP_EXP432P401R_initI2C)
                  00009e3c    0000003c     power_tirtos_MSP432P401R.aem4f : PowerMSP432_tirtos.oem4f (.text:PowerMSP432_sleepPolicy)
                  00009e78    0000003c     drivers_MSP432P401R.aem4f : PWMTimerMSP432.oem4f (.text:getPeriodCounts)
                  00009eb4    00000004     --HOLE-- [fill = 0]
                  00009eb8    0000003c     sysbios.aem4f : BIOS.obj (.text:ti_sysbios_family_arm_m3_Hwi_excSvCall__I)
                  00009ef4    00000004     --HOLE-- [fill = 0]
                  00009ef8    0000003c                   : BIOS.obj (.text:ti_sysbios_heaps_HeapMem_init__I)
                  00009f34    00000004     --HOLE-- [fill = 0]
                  00009f38    0000003c                   : BIOS.obj (.text:ti_sysbios_knl_Swi_restore__E)
                  00009f74    00000038     drivers_MSP432P401R.aem4f : I2C.oem4f (.text:I2C_init)
                  00009fac    00000038                               : PWM.oem4f (.text:PWM_init)
                  00009fe4    00000038                               : PWMTimerMSP432.oem4f (.text:getDutyCounts)
                  0000a01c    00000038                               : I2CMSP432.oem4f (.text:perfChangeNotifyFxn)
                  0000a054    00000038     rtsv7M4_T_le_v4SPD16_eabi.lib : fs_tod_t2.obj (.text)
                  0000a08c    00000004     --HOLE-- [fill = 0]
                  0000a090    00000038     sysbios.aem4f : BIOS.obj (.text:ti_sysbios_family_arm_m3_Hwi_excNoIsr__I)
                  0000a0c8    00000038                   : BIOS.obj (.text:ti_sysbios_knl_Task_processVitalTaskFlag__I)
                  0000a100    00000038     ti.targets.arm.rtsarm.aem4f : SysMin.oem4f (.text:xdc_runtime_SysMin_putch__E)
                  0000a138    00000038                                 : System.oem4f (.text:xdc_runtime_System_atexit__E)
                  0000a170    00000036     rtsv7M4_T_le_v4SPD16_eabi.lib : strncpy.obj (.text)
                  0000a1a6    00000002     --HOLE-- [fill = 0]
                  0000a1a8    00000034     msp432p4xx_driverlib.lib : flash.o (.text:FlashCtl_enableReadBuffering)
                  0000a1dc    00000004     --HOLE-- [fill = 0]
                  0000a1e0    00000034     sysbios.aem4f : BIOS.obj (.text:ti_sysbios_family_arm_m3_Hwi_Instance_finalize__E)
                  0000a214    00000004     --HOLE-- [fill = 0]
                  0000a218    00000034                   : BIOS.obj (.text:ti_sysbios_family_arm_m3_Hwi_excNmi__I)
                  0000a24c    00000004     --HOLE-- [fill = 0]
                  0000a250    00000034                   : BIOS.obj (.text:ti_sysbios_hal_Hwi_checkStack)
                  0000a284    00000034     ti.targets.arm.rtsarm.aem4f : Core-label.oem4f (.text:xdc_runtime_Core_assignLabel__I)
                  0000a2b8    00000033                                 : Text.oem4f (.text:xdc_runtime_Text_printVisFxn__I)
                  0000a2eb    00000005     --HOLE-- [fill = 0]
                  0000a2f0    00000032     sysbios.aem4f : BIOS.obj (.text:ti_sysbios_hal_Hwi_initStack)
                  0000a322    00000002     --HOLE-- [fill = 0]
                  0000a324    00000030     msp432p4xx_driverlib.lib : gpio.o (.text:GPIO_getEnabledInterruptStatus)
                  0000a354    00000030                              : gpio.o (.text:GPIO_setAsInputPinWithPullDownResistor)
                  0000a384    00000030                              : gpio.o (.text:GPIO_setAsInputPinWithPullUpResistor)
                  0000a3b4    00000030     drivers_MSP432P401R.aem4f : I2C.oem4f (.text:I2C_open)
                  0000a3e4    00000030                               : PWM.oem4f (.text:PWM_open)
                  0000a414    00000030     msp432p4xx_driverlib.lib : spi.o (.text:is_A_Module)
                  0000a444    00000030     Robot_pem4f.oem4f (.text:ti_sysbios_BIOS_atExitFunc__I)
                  0000a474    00000030     Robot_pem4f.oem4f (.text:ti_sysbios_BIOS_startFunc__I)
                  0000a4a4    00000004     --HOLE-- [fill = 0]
                  0000a4a8    00000030     sysbios.aem4f : BIOS.obj (.text:ti_sysbios_family_arm_m3_TaskSupport_start__E)
                  0000a4d8    00000030     Robot_pem4f.oem4f (.text:ti_sysbios_gates_GateHwi_Object__create__S)
                  0000a508    00000030     Robot_pem4f.oem4f (.text:ti_sysbios_gates_GateMutex_Object__create__S)
                  0000a538    00000030     Robot_pem4f.oem4f (.text:ti_sysbios_heaps_HeapMem_Object__create__S)
                  0000a568    00000030     Robot_pem4f.oem4f (.text:ti_sysbios_knl_Semaphore_construct)
                  0000a598    00000030     sysbios.aem4f : BIOS.obj (.text:ti_sysbios_knl_Semaphore_pendTimeout__I)
                  0000a5c8    00000030                   : BIOS.obj (.text:ti_sysbios_knl_Task_unblockI__E)
                  0000a5f8    00000030     ti.targets.arm.rtsarm.aem4f : SysMin.oem4f (.text:xdc_runtime_SysMin_abort__E)
                  0000a628    00000030                                 : System.oem4f (.text:xdc_runtime_System_processAtExit__E)
                  0000a658    0000002e     Robot_pem4f.oem4f (.text:malloc)
                  0000a686    0000002e     rtsv7M4_T_le_v4SPD16_eabi.lib : i_tofd_t2.obj (.text)
                  0000a6b4    0000002c     msp432p4xx_driverlib.lib : gpio.o (.text:GPIO_setAsInputPin)
                  0000a6e0    0000002c                              : pcm.o (.text:PCM_getCoreVoltageLevel)
                  0000a70c    0000002c     power_tirtos_MSP432P401R.aem4f : PowerMSP432_tirtos.oem4f (.text:PowerMSP432_updateFreqs)
                  0000a738    0000002c     drivers_MSP432P401R.aem4f : PowerMSP432.oem4f (.text:Power_releaseConstraint)
                  0000a764    0000002c                               : PowerMSP432.oem4f (.text:Power_setConstraint)
                  0000a790    0000002c     Robot_pem4f.oem4f (.text:ti_sysbios_knl_Clock_doTick__I)
                  0000a7bc    0000002c     Robot_pem4f.oem4f (.text:ti_sysbios_knl_Queue_construct)
                  0000a7e8    0000002c     sysbios.aem4f : BIOS.obj (.text:ti_sysbios_knl_Task_restore__E)
                  0000a814    0000002c     ti.targets.arm.rtsarm.aem4f : Text.oem4f (.text:xdc_runtime_Text_cordText__E)
                  0000a840    0000002a     msp432p4xx_driverlib.lib : pcm.o (.text:PCM_getPowerMode)
                  0000a86a    0000002a     ti.targets.arm.rtsarm.aem4f : System.oem4f (.text:xdc_runtime_System_putchar__I)
                  0000a894    00000028     msp432p4xx_driverlib.lib : flash.o (.text:FlashCtl_setWaitState)
                  0000a8bc    00000028     drivers_MSP432P401R.aem4f : GPIOMSP432.oem4f (.text:GPIO_enableInt)
                  0000a8e4    00000028     msp432p4xx_driverlib.lib : pcm.o (.text:PCM_gotoLPM0)
                  0000a90c    00000004     --HOLE-- [fill = 0]
                  0000a910    00000028     sysbios.aem4f : BIOS.obj (.text:ti_sysbios_knl_Swi_Module_startup__E)
                  0000a938    00000026     drivers_MSP432P401R.aem4f : List.oem4f (.text:List_put)
                  0000a95e    00000026     sysbios.aem4f : m3_Hwi_asm.obj (.text:ti_sysbios_family_arm_m3_Hwi_pendSV__I)
                  0000a984    00000026     ti.targets.arm.rtsarm.aem4f : System.oem4f (.text:xdc_runtime_System_avprintf__E)
                  0000a9aa    00000002     --HOLE-- [fill = 0]
                  0000a9ac    00000024     msp432p4xx_driverlib.lib : cs.o (.text:CS_setDCOCenteredFrequency)
                  0000a9d0    00000024                              : gpio.o (.text:GPIO_setAsOutputPin)
                  0000a9f4    00000024                              : i2c.o (.text:I2C_masterSendMultiByteNext)
                  0000aa18    00000024                              : rtc_c.o (.text:RTC_C_holdClock)
                  0000aa3c    00000024                              : rtc_c.o (.text:RTC_C_startClock)
                  0000aa60    00000024     Robot_pem4f.oem4f (.text:ti_sysbios_BIOS_errorRaiseHook__I)
                  0000aa84    00000024     Robot_pem4f.oem4f (.text:ti_sysbios_BIOS_registerRTSLock__I)
                  0000aaa8    00000024     Robot_pem4f.oem4f (.text:ti_sysbios_BIOS_removeRTSLock__I)
                  0000aacc    00000004     --HOLE-- [fill = 0]
                  0000aad0    00000024     sysbios.aem4f : BIOS.obj (.text:ti_sysbios_family_arm_msp432_ClockFreqs_setFrequency__E)
                  0000aaf4    00000024     Robot_pem4f.oem4f (.text:ti_sysbios_gates_GateMutex_Object__delete__S)
                  0000ab18    00000024     sysbios.aem4f : BIOS.obj (.text:ti_sysbios_knl_Clock_Module_startup__E)
                  0000ab3c    00000004     --HOLE-- [fill = 0]
                  0000ab40    00000024                   : BIOS.obj (.text:ti_sysbios_knl_Task_restoreHwi__E)
                  0000ab64    00000024     ti.targets.arm.rtsarm.aem4f : System.oem4f (.text:xdc_runtime_System_vprintf__E)
                  0000ab88    00000022     Robot_pem4f.oem4f (.text:xdc_runtime_SysMin_output__I)
                  0000abaa    00000002     --HOLE-- [fill = 0]
                  0000abac    00000020     msp432p4xx_driverlib.lib : gpio.o (.text:GPIO_interruptEdgeSelect)
                  0000abcc    00000020     drivers_MSP432P401R.aem4f : PowerMSP432.oem4f (.text:PowerMSP432_getFreqs)
                  0000abec    00000020                               : PowerMSP432.oem4f (.text:Power_unregisterNotify)
                  0000ac0c    00000020     msp432p4xx_driverlib.lib : spi.o (.text:SPI_transmitData)
                  0000ac2c    00000020     rtsv7M4_T_le_v4SPD16_eabi.lib : memchr.obj (.text)
                  0000ac4c    00000020                                   : u_tofd_t2.obj (.text)
                  0000ac6c    00000020     Robot_pem4f.oem4f (.text:ti_sysbios_BIOS_rtsLock__I)
                  0000ac8c    00000020     sysbios.aem4f : m3_Hwi_asm.obj (.text:ti_sysbios_family_arm_m3_Hwi_excHandlerAsm__I)
                  0000acac    00000004     --HOLE-- [fill = 0]
                  0000acb0    00000020                   : BIOS.obj (.text:ti_sysbios_family_arm_m3_Hwi_excHandler__I)
                  0000acd0    00000020     Robot_pem4f.oem4f (.text:ti_sysbios_gates_GateHwi_Object__delete__S)
                  0000acf0    00000020     Robot_pem4f.oem4f (.text:ti_sysbios_heaps_HeapMem_Object__delete__S)
                  0000ad10    00000020     sysbios.aem4f : BIOS.obj (.text:ti_sysbios_knl_Idle_run__E)
                  0000ad30    00000020     Robot_pem4f.oem4f (.text:ti_sysbios_knl_Semaphore_Object__destruct__S)
                  0000ad50    00000020     ti.targets.arm.rtsarm.aem4f : Registry.oem4f (.text:xdc_runtime_Registry_findById__E)
                  0000ad70    00000020                                 : SysMin.oem4f (.text:xdc_runtime_SysMin_Module_startup__E)
                  0000ad90    0000001e     drivers_MSP432P401R.aem4f : PWMTimerMSP432.oem4f (.text:corroboratePeriod)
                  0000adae    0000001e     sysbios.aem4f : m3_Hwi_asm_switch.obj (.text:ti_sysbios_family_xxx_Hwi_switchAndRunFunc)
                  0000adcc    0000001c     msp432p4xx_driverlib.lib : spi.o (.text:EUSCI_B_SPI_isBusy)
                  0000ade8    0000001c                              : pcm.o (.text:PCM_enableRudeMode)
                  0000ae04    0000001c     drivers_MSP432P401R.aem4f : PowerMSP432.oem4f (.text:Power_registerNotify)
                  0000ae20    0000001c     rtsv7M4_T_le_v4SPD16_eabi.lib : memccpy.obj (.text)
                  0000ae3c    0000001c     Robot_pem4f.oem4f (.text:ti_sysbios_family_arm_m3_Hwi_Object__destruct__S)
                  0000ae58    0000001c     sysbios.aem4f : BIOS.obj (.text:ti_sysbios_gates_GateMutex_Instance_init__E)
                  0000ae74    0000001c     Robot_pem4f.oem4f (.text:ti_sysbios_knl_Queue_Object__destruct__S)
                  0000ae90    0000001c     sysbios.aem4f : BIOS.obj (.text:ti_sysbios_knl_Queue_put__E)
                  0000aeac    00000004     --HOLE-- [fill = 0]
                  0000aeb0    0000001c                   : BIOS.obj (.text:ti_sysbios_knl_Task_enter__I)
                  0000aecc    0000001c     ti.targets.arm.rtsarm.aem4f : Error.oem4f (.text:xdc_runtime_Error_raiseX__E)
                  0000aee8    0000001c                                 : Memory.oem4f (.text:xdc_runtime_Memory_valloc__E)
                  0000af04    0000001c                                 : SysMin.oem4f (.text:xdc_runtime_SysMin_exit__E)
                  0000af20    0000001c                                 : System.oem4f (.text:xdc_runtime_System_abort__E)
                  0000af3c    0000001a     drivers_MSP432P401R.aem4f : List.oem4f (.text:List_remove)
                  0000af56    0000001a     msp432p4xx_driverlib.lib : spi.o (.text:SPI_enableModule)
                  0000af70    0000001a     Robot_pem4f.oem4f (.text:ti_sysbios_family_arm_m3_Hwi_Handle__label__S)
                  0000af8a    0000001a     Robot_pem4f.oem4f (.text:ti_sysbios_gates_GateHwi_Handle__label__S)
                  0000afa4    0000001a     Robot_pem4f.oem4f (.text:ti_sysbios_gates_GateMutex_Handle__label__S)
                  0000afbe    0000001a     Robot_pem4f.oem4f (.text:ti_sysbios_heaps_HeapMem_Handle__label__S)
                  0000afd8    0000001a     Robot_pem4f.oem4f (.text:ti_sysbios_knl_Swi_Handle__label__S)
                  0000aff2    0000001a     Robot_pem4f.oem4f (.text:ti_sysbios_knl_Task_Handle__label__S)
                  0000b00c    0000001a     Robot_pem4f.oem4f (.text:xdc_runtime_System_aprintf__E)
                  0000b026    0000001a     Robot_pem4f.oem4f (.text:xdc_runtime_System_printf__E)
                  0000b040    00000018     msp432p4xx_driverlib.lib : gpio.o (.text:GPIO_clearInterruptFlag)
                  0000b058    00000018                              : gpio.o (.text:GPIO_setDriveStrengthLow)
                  0000b070    00000018                              : gpio.o (.text:GPIO_setOutputLowOnPin)
                  0000b088    00000018                              : i2c.o (.text:I2C_masterIsStartSent)
                  0000b0a0    00000018                              : wdt_a.o (.text:WDT_A_holdTimer)
                  0000b0b8    00000018     drivers_MSP432P401R.aem4f : PWMTimerMSP432.oem4f (.text:corroborateDuty)
                  0000b0d0    00000018     Robot_pem4f.oem4f (.text:free)
                  0000b0e8    00000018     rtsv7M4_T_le_v4SPD16_eabi.lib : args_main.obj (.text)
                  0000b100    00000018                                   : strcmp.obj (.text)
                  0000b118    00000018     Robot_pem4f.oem4f (.text:ti_sysbios_BIOS_rtsUnlock__I)
                  0000b130    00000018     Robot_pem4f.oem4f (.text:ti_sysbios_family_arm_m3_Hwi_Module__startupDone__F)
                  0000b148    00000018     sysbios.aem4f : m3_TaskSupport_asm.obj (.text:ti_sysbios_family_arm_m3_TaskSupport_swap__E)
                  0000b160    00000018     Robot_pem4f.oem4f (.text:ti_sysbios_family_arm_msp432_Timer_Module__startupDone__F)
                  0000b178    00000018     sysbios.aem4f : BIOS.obj (.text:ti_sysbios_gates_GateMutex_leave__E)
                  0000b190    00000018                   : BIOS.obj (.text:ti_sysbios_knl_Task_sleepTimeout__I)
                  0000b1a8    00000018     ti.targets.arm.rtsarm.aem4f : Error.oem4f (.text:xdc_runtime_Error_check__E)
                  0000b1c0    00000018                                 : System.oem4f (.text:xdc_runtime_System_exit__E)
                  0000b1d8    00000018                                 : Text.oem4f (.text:xdc_runtime_Text_ropeText__E)
                  0000b1f0    00000016     tirtosport.aem4f : HwiP_tirtos.oem4f (.text:HwiP_delete)
                  0000b206    00000016                      : SemaphoreP_tirtos.oem4f (.text:SemaphoreP_delete)
                  0000b21c    00000016     rtsv7M4_T_le_v4SPD16_eabi.lib : strchr.obj (.text)
                  0000b232    00000016     Robot_pem4f.oem4f (.text:ti_sysbios_BIOS_exitFunc__I)
                  0000b248    00000016     main.obj (.text:ti_sysbios_knl_Task_Params_init)
                  0000b25e    00000002     --HOLE-- [fill = 0]
                  0000b260    00000014     msp432p4xx_driverlib.lib : gpio.o (.text:GPIO_enableInterrupt)
                  0000b274    00000014                              : gpio.o (.text:GPIO_setDriveStrengthHigh)
                  0000b288    00000014                              : gpio.o (.text:GPIO_setOutputHighOnPin)
                  0000b29c    00000014     drivers_MSP432P401R.aem4f : PWM.oem4f (.text:PWM_Params_init)
                  0000b2b0    00000014                               : PowerMSP432.oem4f (.text:Power_idleFunc)
                  0000b2c4    00000014     Sharp96x96.obj (.text:Sharp96x96_ClearBuffer)
                  0000b2d8    00000014     msp432p4xx_driverlib.lib : wdt_a.o (.text:WDT_A_startTimer)
                  0000b2ec    00000014     buttons.obj (.text:gpioButtonFxn0)
                  0000b300    00000014     buttons.obj (.text:gpioButtonFxn1)
                  0000b314    00000014     rtsv7M4_T_le_v4SPD16_eabi.lib : _lock.obj (.text)
                  0000b328    00000014                                   : s_copysign.obj (.text)
                  0000b33c    00000014                                   : strcpy.obj (.text)
                  0000b350    00000014                                   : strlen.obj (.text)
                  0000b364    00000014     Robot_pem4f.oem4f (.text:ti_sysbios_family_arm_m3_Hwi_Object__get__S)
                  0000b378    00000014     sysbios.aem4f : BIOS.obj (.text:ti_sysbios_family_arm_m3_Hwi_switchFromBootStack__E)
                  0000b38c    00000014     Robot_pem4f.oem4f (.text:ti_sysbios_heaps_HeapMem_Object__get__S)
                  0000b3a0    00000014     Robot_pem4f.oem4f (.text:ti_sysbios_knl_Swi_Object__get__S)
                  0000b3b4    00000012     tirtosport.aem4f : SemaphoreP_tirtos.oem4f (.text:SemaphoreP_pend)
                  0000b3c6    00000012     Sharp96x96.obj (.text:Sharp96x96_ColorTranslate)
                  0000b3d8    00000012     heartBeatTask.obj (.text:heartBeatTaskFxn)
                  0000b3ea    00000006     msp432p4xx_driverlib.lib : i2c.o (.text:I2C_getInterruptStatus)
                  0000b3f0    00000012     sysbios.aem4f : BIOS.obj (.text:ti_sysbios_hal_Hwi_Module_startup__E)
                  0000b402    00000006     msp432p4xx_driverlib.lib : i2c.o (.text:I2C_masterReceiveMultiByteNext)
                  0000b408    00000012     sysbios.aem4f : BIOS.obj (.text:ti_sysbios_hal_Timer_Module_startup__E)
                  0000b41a    00000012     Robot_pem4f.oem4f (.text:xdc_runtime_Startup_exec__I)
                  0000b42c    00000010     msp432p4xx_driverlib.lib : gpio.o (.text:GPIO_getInterruptStatus)
                  0000b43c    00000010     drivers_MSP432P401R.aem4f : I2C.oem4f (.text:I2C_Params_init)
                  0000b44c    00000010     msp432p4xx_driverlib.lib : i2c.o (.text:I2C_masterReceiveMultiByteStop)
                  0000b45c    00000010                              : i2c.o (.text:I2C_masterReceiveStart)
                  0000b46c    00000010                              : i2c.o (.text:I2C_masterSendStart)
                  0000b47c    00000010     motor.obj (.text:LHMotorChannelAFallingFxn)
                  0000b48c    00000010     msp432p4xx_driverlib.lib : pcm.o (.text:PCM_gotoLPM4)
                  0000b49c    00000010     motor.obj (.text:RHMotorChannelAFallingFxn)
                  0000b4ac    00000004     --HOLE-- [fill = 0]
                  0000b4b0    00000010     sysbios.aem4f : BIOS.obj (.text:ti_sysbios_BIOS_setCpuFreq__E)
                  0000b4c0    00000010                   : BIOS.obj (.text:ti_sysbios_BIOS_setThreadType__E)
                  0000b4d0    00000010                   : BIOS.obj (.text:ti_sysbios_BIOS_start__E)
                  0000b4e0    00000010                   : m3_TaskSupport_asm.obj (.text:ti_sysbios_family_arm_m3_TaskSupport_glue)
                  0000b4f0    00000010                   : BIOS.obj (.text:ti_sysbios_family_arm_msp432_init_Boot_disableWatchdog)
                  0000b500    00000010                   : BIOS.obj (.text:ti_sysbios_gates_GateMutex_Instance_finalize__E)
                  0000b510    00000010                   : BIOS.obj (.text:ti_sysbios_knl_Semaphore_Instance_finalize__E)
                  0000b520    00000010                   : BIOS.obj (.text:ti_sysbios_knl_Swi_disable__E)
                  0000b530    00000010     Robot_pem4f.oem4f (.text:ti_sysbios_knl_Task_Object__get__S)
                  0000b540    00000010     sysbios.aem4f : BIOS.obj (.text:ti_sysbios_knl_Task_disable__E)
                  0000b550    00000010     ti.targets.arm.rtsarm.aem4f : Gate.oem4f (.text:xdc_runtime_Gate_leaveSystem__E)
                  0000b560    00000010                                 : Memory.oem4f (.text:xdc_runtime_Memory_free__E)
                  0000b570    00000010                                 : SysMin.oem4f (.text:xdc_runtime_SysMin_ready__E)
                  0000b580    00000010                                 : System.oem4f (.text:xdc_runtime_System_vsnprintf__E)
                  0000b590    00000010     Robot_pem4f.oem4f (.text:xdc_runtime_Text_visitRope__I)
                  0000b5a0    0000000e     tirtosport.aem4f : HwiP_tirtos.oem4f (.text:HwiP_Params_init)
                  0000b5ae    0000000e     msp432p4xx_driverlib.lib : i2c.o (.text:I2C_clearInterruptFlag)
                  0000b5bc    0000000e                              : i2c.o (.text:I2C_disableInterrupt)
                  0000b5ca    0000000e                              : i2c.o (.text:I2C_setMode)
                  0000b5d8    0000000e                              : timer_a.o (.text:Timer_A_setCompareValue)
                  0000b5e6    0000000e     rtsv7M4_T_le_v4SPD16_eabi.lib : copy_decompress_none.obj (.text:decompress:none)
                  0000b5f4    00000004     --HOLE-- [fill = 0]
                  0000b5f8    0000000e     sysbios.aem4f : BIOS.obj (.text:ti_sysbios_knl_Idle_loop__E)
                  0000b606    00000002     --HOLE-- [fill = 0]
                  0000b608    0000000e                   : BIOS.obj (.text:ti_sysbios_knl_Queue_empty__E)
                  0000b616    0000000c     Robot_pem4f.oem4f (.text:.bootCodeSection:ti_sysbios_family_arm_msp432_init_Boot_init__I)
                  0000b622    0000000c     msp432p4xx_driverlib.lib : cpu.o (.text:CPU_cpsid)
                  0000b62e    0000000c                              : cpu.o (.text:CPU_cpsie)
                  0000b63a    0000000c                              : spi.o (.text:EUSCI_A_SPI_enable)
                  0000b646    0000000c                              : spi.o (.text:EUSCI_B_SPI_enable)
                  0000b652    0000000c                              : i2c.o (.text:I2C_disableModule)
                  0000b65e    0000000c                              : i2c.o (.text:I2C_enableModule)
                  0000b66a    00000002     --HOLE-- [fill = 0]
                  0000b66c    0000000c                              : pcm.o (.text:PCM_getPowerState)
                  0000b678    0000000c     drivers_MSP432P401R.aem4f : PowerMSP432.oem4f (.text:Power_getConstraintMask)
                  0000b684    0000000c                               : PowerMSP432.oem4f (.text:Power_getPerformanceLevel)
                  0000b690    0000000c     msp432p4xx_driverlib.lib : timer_a.o (.text:Timer_A_stopTimer)
                  0000b69c    0000000c     rtsv7M4_T_le_v4SPD16_eabi.lib : copy_zero_init.obj (.text:decompress:ZI)
                  0000b6a8    0000000c     Robot_pem4f.oem4f (.text:ti_sysbios_family_arm_m3_Hwi_Params__init__S)
                  0000b6b4    00000004     --HOLE-- [fill = 0]
                  0000b6b8    0000000c     sysbios.aem4f : BIOS.obj (.text:ti_sysbios_family_arm_m3_Hwi_disableFxn__E)
                  0000b6c4    00000004     --HOLE-- [fill = 0]
                  0000b6c8    0000000c                   : BIOS.obj (.text:ti_sysbios_family_arm_m3_TaskSupport_checkStack__E)
                  0000b6d4    00000004     --HOLE-- [fill = 0]
                  0000b6d8    0000000c                   : BIOS.obj (.text:ti_sysbios_family_arm_m3_TaskSupport_getStackAlignment__E)
                  0000b6e4    00000004     --HOLE-- [fill = 0]
                  0000b6e8    0000000c                   : BIOS.obj (.text:ti_sysbios_family_arm_msp432_Timer_getMaxTicks__E)
                  0000b6f4    00000004     --HOLE-- [fill = 0]
                  0000b6f8    0000000c                   : BIOS.obj (.text:ti_sysbios_gates_GateHwi_enter__E)
                  0000b704    00000004     --HOLE-- [fill = 0]
                  0000b708    0000000c                   : BIOS.obj (.text:ti_sysbios_knl_Clock_getTicks__E)
                  0000b714    0000000c     Robot_pem4f.oem4f (.text:ti_sysbios_knl_Queue_Object__get__S)
                  0000b720    0000000c     Robot_pem4f.oem4f (.text:ti_sysbios_knl_Semaphore_Params__init__S)
                  0000b72c    0000000c     Robot_pem4f.oem4f (.text:ti_sysbios_knl_Task_Params__init__S)
                  0000b738    0000000c     main.obj (.text:ti_sysbios_knl_Task_handle)
                  0000b744    0000000c     ti.targets.arm.rtsarm.aem4f : Error.oem4f (.text:xdc_runtime_Error_init__E)
                  0000b750    0000000c                                 : Gate.oem4f (.text:xdc_runtime_Gate_enterSystem__E)
                  0000b75c    0000000c                                 : Memory.oem4f (.text:xdc_runtime_Memory_calloc__E)
                  0000b768    0000000c                                 : Memory.oem4f (.text:xdc_runtime_Memory_getMaxDefaultTypeAlign__E)
                  0000b774    0000000c                                 : Startup.oem4f (.text:xdc_runtime_Startup_rtsDone__E)
                  0000b780    0000000a     drivers_MSP432P401R.aem4f : I2CMSP432.oem4f (.text:I2CMSP432_init)
                  0000b78a    0000000a                               : I2C.oem4f (.text:I2C_transfer)
                  0000b794    0000000a                               : PWM.oem4f (.text:PWM_setDuty)
                  0000b79e    0000000a                               : PWM.oem4f (.text:PWM_start)
                  0000b7a8    0000000a     tirtosport.aem4f : SemaphoreP_tirtos.oem4f (.text:SemaphoreP_post)
                  0000b7b2    0000000a     Robot_pem4f.oem4f (.text:xdc_runtime_IHeap_alloc)
                  0000b7bc    0000000a     Robot_pem4f.oem4f (.text:xdc_runtime_IHeap_free)
                  0000b7c6    00000008     msp432p4xx_driverlib.lib : i2c.o (.text:I2C_enableInterrupt)
                  0000b7ce    00000008     MSP_EXP432P401R.obj (.text:MSP_EXP432P401R_initGPIO)
                  0000b7d6    00000008     MSP_EXP432P401R.obj (.text:MSP_EXP432P401R_initGeneral)
                  0000b7de    00000008     msp432p4xx_driverlib.lib : pcm.o (.text:PCM_setPowerMode)
                  0000b7e6    00000008                              : pcm.o (.text:PCM_setPowerState)
                  0000b7ee    00000008     drivers_MSP432P401R.aem4f : PWMTimerMSP432.oem4f (.text:PWMTimerMSP432_init)
                  0000b7f6    00000008     tirtosport.aem4f : SemaphoreP_tirtos.oem4f (.text:SemaphoreP_Params_init)
                  0000b7fe    00000008     msp432p4xx_driverlib.lib : timer_a.o (.text:Timer_A_startCounter)
                  0000b806    00000008     drivers_MSP432P401R.aem4f : I2CMSP432.oem4f (.text:blockingTransferCallback)
                  0000b80e    00000002     --HOLE-- [fill = 0]
                  0000b810    00000008     sysbios.aem4f : BIOS.obj (.text:ti_sysbios_family_arm_m3_Hwi_doSwiRestore__I)
                  0000b818    00000008                   : BIOS.obj (.text:ti_sysbios_family_arm_m3_Hwi_startup__E)
                  0000b820    00000006     drivers_MSP432P401R.aem4f : PWMTimerMSP432.oem4f (.text:PWMTimerMSP432_control)
                  0000b826    00000002     --HOLE-- [fill = 0]
                  0000b828    00000006     sysbios.aem4f : BIOS.obj (.text:ti_sysbios_family_arm_m3_Hwi_doTaskRestore__I)
                  0000b82e    00000002     --HOLE-- [fill = 0]
                  0000b830    00000006                   : BIOS.obj (.text:ti_sysbios_family_arm_m3_Hwi_restoreFxn__E)
                  0000b836    00000002     --HOLE-- [fill = 0]
                  0000b838    00000006                   : BIOS.obj (.text:ti_sysbios_gates_GateHwi_leave__E)
                  0000b83e    00000002     --HOLE-- [fill = 0]
                  0000b840    00000006                   : BIOS.obj (.text:ti_sysbios_heaps_HeapMem_isBlocking__E)
                  0000b846    00000002     --HOLE-- [fill = 0]
                  0000b848    00000006                   : BIOS.obj (.text:ti_sysbios_knl_Queue_Instance_init__E)
                  0000b84e    00000002     --HOLE-- [fill = 0]
                  0000b850    00000006                   : BIOS.obj (.text:ti_sysbios_knl_Swi_startup__E)
                  0000b856    00000006     ti.targets.arm.rtsarm.aem4f : System.oem4f (.text:xdc_runtime_System_Module_startup__E)
                  0000b85c    00000004     --HOLE-- [fill = 0]
                  0000b860    00000004     sysbios.aem4f : BIOS.obj (.text:ti_sysbios_gates_GateHwi_query__E)
                  0000b864    00000004     --HOLE-- [fill = 0]
                  0000b868    00000004                   : BIOS.obj (.text:ti_sysbios_gates_GateMutex_query__E)
                  0000b86c    00000004     --HOLE-- [fill = 0]
                  0000b870    00000004                   : BIOS.obj (.text:ti_sysbios_knl_Task_startup__E)
                  0000b874    00000004     --HOLE-- [fill = 0]
                  0000b878    00000002                   : BIOS.obj (.text:ti_sysbios_BIOS_linkedWithIncorrectBootLibrary__E)
                  0000b87a    00000006     --HOLE-- [fill = 0]
                  0000b880    00000002                   : BIOS.obj (.text:ti_sysbios_gates_GateHwi_Instance_init__E)
                  0000b882    00000006     --HOLE-- [fill = 0]
                  0000b888    00000002                   : BIOS.obj (.text:ti_sysbios_knl_Clock_logTick__E)

.const     0    0000b88c    00002a6e     
                  0000b88c    0000183b     Robot_pem4f.oem4f (.const:xdc_runtime_Text_charTab__A)
                  0000d0c7    0000094d     fontcm20b.obj (.const:.string:g_pucCm20bData)
                  0000da14    00000101     rtsv7M4_T_le_v4SPD16_eabi.lib : ctype.obj (.const:.string:_ctypes_)
                  0000db15    00000001     Robot_pem4f.oem4f (.const:xdc_runtime_Error_policy__C)
                  0000db16    00000002     Robot_pem4f.oem4f (.const:ti_sysbios_family_arm_m3_Hwi_Module__id__C)
                  0000db18    000000c8     fontcm20b.obj (.const:g_sFontCm20b)
                  0000dbe0    000000b4     Robot_pem4f.oem4f (.const:xdc_runtime_Text_nodeTab__A)
                  0000dc94    00000048     Robot_pem4f.oem4f (.const:.string)
                  0000dcdc    0000003c     MSP_EXP432P401R.obj (.const:PWM_config)
                  0000dd18    0000003c     Robot_pem4f.oem4f (.const:ti_sysbios_knl_Task_Object__PARAMS__C)
                  0000dd54    00000030     MSP_EXP432P401R.obj (.const:I2C_config)
                  0000dd84    00000030     Sharp96x96.obj (.const:g_sharp96x96LCD)
                  0000ddb4    00000030     MSP_EXP432P401R.obj (.const:i2cMSP432HWAttrs)
                  0000dde4    00000030     MSP_EXP432P401R.obj (.const:pwmTimerMSP432HWAttrs)
                  0000de14    00000030     Robot_pem4f.oem4f (.const:ti_sysbios_family_arm_m3_Hwi_Object__PARAMS__C)
                  0000de44    00000028     drivers_MSP432P401R.aem4f : PWMTimerMSP432.oem4f (.const)
                  0000de6c    00000028     Robot_pem4f.oem4f (.const:ti_sysbios_heaps_HeapMem_Module__FXNS__C)
                  0000de94    00000024     Robot_pem4f.oem4f (.const:ti_sysbios_gates_GateHwi_Module__FXNS__C)
                  0000deb8    00000024     Robot_pem4f.oem4f (.const:ti_sysbios_gates_GateMutex_Module__FXNS__C)
                  0000dedc    00000024     Robot_pem4f.oem4f (.const:ti_sysbios_heaps_HeapMem_Object__PARAMS__C)
                  0000df00    00000024     Robot_pem4f.oem4f (.const:ti_sysbios_knl_Semaphore_Object__PARAMS__C)
                  0000df24    00000024     Robot_pem4f.oem4f (.const:xdc_runtime_Startup_sfxnTab__A)
                  0000df48    00000020     drivers_MSP432P401R.aem4f : I2CMSP432.oem4f (.const)
                  0000df68    00000020     Robot_pem4f.oem4f (.const:ti_sysbios_family_arm_m3_Hwi_Object__DESC__C)
                  0000df88    00000020     Robot_pem4f.oem4f (.const:ti_sysbios_gates_GateHwi_Object__DESC__C)
                  0000dfa8    00000020     Robot_pem4f.oem4f (.const:ti_sysbios_gates_GateMutex_Object__DESC__C)
                  0000dfc8    00000020     Robot_pem4f.oem4f (.const:ti_sysbios_heaps_HeapMem_Object__DESC__C)
                  0000dfe8    00000020     Robot_pem4f.oem4f (.const:ti_sysbios_knl_Queue_Object__DESC__C)
                  0000e008    00000020     Robot_pem4f.oem4f (.const:ti_sysbios_knl_Semaphore_Object__DESC__C)
                  0000e028    00000020     Robot_pem4f.oem4f (.const:ti_sysbios_knl_Task_Object__DESC__C)
                  0000e048    0000001c     Sharp96x96.obj (.const:$P$T0$1)
                  0000e064    00000018     drivers_MSP432P401R.aem4f : PWM.oem4f (.const)
                  0000e07c    00000018     Robot_pem4f.oem4f (.const:ti_sysbios_gates_GateHwi_Object__PARAMS__C)
                  0000e094    00000018     Robot_pem4f.oem4f (.const:ti_sysbios_gates_GateMutex_Object__PARAMS__C)
                  0000e0ac    00000018     Robot_pem4f.oem4f (.const:ti_sysbios_knl_Queue_Object__PARAMS__C)
                  0000e0c4    00000014     MSP_EXP432P401R.obj (.const:GPIOMSP432_config)
                  0000e0d8    00000012     Robot_pem4f.oem4f (.const:xdc_runtime_Startup_sfxnRts__A)
                  0000e0ea    00000002     Robot_pem4f.oem4f (.const:ti_sysbios_gates_GateMutex_Module__id__C)
                  0000e0ec    00000010     MSP_EXP432P401R.obj (.const:PowerMSP432_config)
                  0000e0fc    00000010     drivers_MSP432P401R.aem4f : I2C.oem4f (.const)
                  0000e10c    0000000c                               : GPIOMSP432.oem4f (.const:.string)
                  0000e118    0000000c     Robot_pem4f.oem4f (.const:xdc_runtime_Startup_firstFxns__A)
                  0000e124    00000008     MSP_EXP432P401R.obj (.const:.string:$P$T0$1)
                  0000e12c    00000008     Robot_pem4f.oem4f (.const:ti_sysbios_family_arm_m3_Hwi_excHookFuncs__A)
                  0000e134    00000008     Robot_pem4f.oem4f (.const:ti_sysbios_knl_Idle_funcList__A)
                  0000e13c    00000008     Robot_pem4f.oem4f (.const:ti_sysbios_knl_Idle_funcList__C)
                  0000e144    00000008     Robot_pem4f.oem4f (.const:xdc_runtime_Startup_firstFxns__C)
                  0000e14c    00000008     Robot_pem4f.oem4f (.const:xdc_runtime_Startup_lastFxns__C)
                  0000e154    00000004     Robot_pem4f.oem4f (.const:ti_sysbios_family_arm_m3_Hwi_E_NMI__C)
                  0000e158    00000004     Robot_pem4f.oem4f (.const:ti_sysbios_family_arm_m3_Hwi_E_alreadyDefined__C)
                  0000e15c    00000004     Robot_pem4f.oem4f (.const:ti_sysbios_family_arm_m3_Hwi_E_busFault__C)
                  0000e160    00000004     Robot_pem4f.oem4f (.const:ti_sysbios_family_arm_m3_Hwi_E_debugMon__C)
                  0000e164    00000004     Robot_pem4f.oem4f (.const:ti_sysbios_family_arm_m3_Hwi_E_hardFault__C)
                  0000e168    00000004     Robot_pem4f.oem4f (.const:ti_sysbios_family_arm_m3_Hwi_E_memFault__C)
                  0000e16c    00000004     Robot_pem4f.oem4f (.const:ti_sysbios_family_arm_m3_Hwi_E_noIsr__C)
                  0000e170    00000004     Robot_pem4f.oem4f (.const:ti_sysbios_family_arm_m3_Hwi_E_reserved__C)
                  0000e174    00000004     Robot_pem4f.oem4f (.const:ti_sysbios_family_arm_m3_Hwi_E_svCall__C)
                  0000e178    00000004     Robot_pem4f.oem4f (.const:ti_sysbios_family_arm_m3_Hwi_E_usageFault__C)
                  0000e17c    00000004     Robot_pem4f.oem4f (.const:ti_sysbios_family_arm_m3_Hwi_NUM_INTERRUPTS__C)
                  0000e180    00000004     Robot_pem4f.oem4f (.const:ti_sysbios_family_arm_m3_Hwi_Object__count__C)
                  0000e184    00000004     Robot_pem4f.oem4f (.const:ti_sysbios_family_arm_m3_Hwi_ccr__C)
                  0000e188    00000004     Robot_pem4f.oem4f (.const:ti_sysbios_family_arm_m3_Hwi_excHandlerFunc__C)
                  0000e18c    00000004     Robot_pem4f.oem4f (.const:ti_sysbios_family_arm_m3_Hwi_excHookFuncs__C)
                  0000e190    00000004     Robot_pem4f.oem4f (.const:ti_sysbios_family_arm_m3_Hwi_nullIsrFunc__C)
                  0000e194    00000004     Robot_pem4f.oem4f (.const:ti_sysbios_family_arm_m3_Hwi_priGroup__C)
                  0000e198    00000004     Robot_pem4f.oem4f (.const:ti_sysbios_family_arm_m3_TaskSupport_stackAlignment__C)
                  0000e19c    00000004     Robot_pem4f.oem4f (.const:ti_sysbios_family_arm_msp432_Timer_numTimerDevices__C)
                  0000e1a0    00000004     Robot_pem4f.oem4f (.const:ti_sysbios_family_arm_msp432_Timer_startupNeeded__C)
                  0000e1a4    00000004     Robot_pem4f.oem4f (.const:ti_sysbios_gates_GateMutex_A_badContext__C)
                  0000e1a8    00000004     Robot_pem4f.oem4f (.const:ti_sysbios_gates_GateMutex_Instance_State_sem__O)
                  0000e1ac    00000004     Robot_pem4f.oem4f (.const:ti_sysbios_gates_GateMutex_Module__diagsEnabled__C)
                  0000e1b0    00000004     Robot_pem4f.oem4f (.const:ti_sysbios_gates_GateMutex_Module__diagsIncluded__C)
                  0000e1b4    00000004     Robot_pem4f.oem4f (.const:ti_sysbios_gates_GateMutex_Module__diagsMask__C)
                  0000e1b8    00000004     Robot_pem4f.oem4f (.const:ti_sysbios_hal_Hwi_E_stackOverflow__C)
                  0000e1bc    00000004     Robot_pem4f.oem4f (.const:ti_sysbios_heaps_HeapMem_A_align__C)
                  0000e1c0    00000004     Robot_pem4f.oem4f (.const:ti_sysbios_heaps_HeapMem_A_heapSize__C)
                  0000e1c4    00000004     Robot_pem4f.oem4f (.const:ti_sysbios_heaps_HeapMem_A_invalidFree__C)
                  0000e1c8    00000004     Robot_pem4f.oem4f (.const:ti_sysbios_heaps_HeapMem_A_zeroBlock__C)
                  0000e1cc    00000004     Robot_pem4f.oem4f (.const:ti_sysbios_heaps_HeapMem_E_memory__C)
                  0000e1d0    00000004     Robot_pem4f.oem4f (.const:ti_sysbios_heaps_HeapMem_Module__diagsEnabled__C)
                  0000e1d4    00000004     Robot_pem4f.oem4f (.const:ti_sysbios_heaps_HeapMem_Module__diagsIncluded__C)
                  0000e1d8    00000004     Robot_pem4f.oem4f (.const:ti_sysbios_heaps_HeapMem_Module__diagsMask__C)
                  0000e1dc    00000004     Robot_pem4f.oem4f (.const:ti_sysbios_heaps_HeapMem_Module__gateObj__C)
                  0000e1e0    00000004     Robot_pem4f.oem4f (.const:ti_sysbios_heaps_HeapMem_Object__count__C)
                  0000e1e4    00000004     Robot_pem4f.oem4f (.const:ti_sysbios_heaps_HeapMem_reqAlign__C)
                  0000e1e8    00000004     Robot_pem4f.oem4f (.const:ti_sysbios_knl_Clock_Module_State_clockQ__O)
                  0000e1ec    00000004     Robot_pem4f.oem4f (.const:ti_sysbios_knl_Semaphore_A_badContext__C)
                  0000e1f0    00000004     Robot_pem4f.oem4f (.const:ti_sysbios_knl_Semaphore_A_noEvents__C)
                  0000e1f4    00000004     Robot_pem4f.oem4f (.const:ti_sysbios_knl_Semaphore_A_overflow__C)
                  0000e1f8    00000004     Robot_pem4f.oem4f (.const:ti_sysbios_knl_Semaphore_A_pendTaskDisabled__C)
                  0000e1fc    00000004     Robot_pem4f.oem4f (.const:ti_sysbios_knl_Semaphore_Instance_State_pendQ__O)
                  0000e200    00000004     Robot_pem4f.oem4f (.const:ti_sysbios_knl_Semaphore_Module__diagsEnabled__C)
                  0000e204    00000004     Robot_pem4f.oem4f (.const:ti_sysbios_knl_Semaphore_Module__diagsIncluded__C)
                  0000e208    00000004     Robot_pem4f.oem4f (.const:ti_sysbios_knl_Semaphore_Module__diagsMask__C)
                  0000e20c    00000004     Robot_pem4f.oem4f (.const:ti_sysbios_knl_Swi_Object__count__C)
                  0000e210    00000004     Robot_pem4f.oem4f (.const:ti_sysbios_knl_Task_A_badPriority__C)
                  0000e214    00000004     Robot_pem4f.oem4f (.const:ti_sysbios_knl_Task_A_badTaskState__C)
                  0000e218    00000004     Robot_pem4f.oem4f (.const:ti_sysbios_knl_Task_A_badThreadType__C)
                  0000e21c    00000004     Robot_pem4f.oem4f (.const:ti_sysbios_knl_Task_A_badTimeout__C)
                  0000e220    00000004     Robot_pem4f.oem4f (.const:ti_sysbios_knl_Task_A_noPendElem__C)
                  0000e224    00000004     Robot_pem4f.oem4f (.const:ti_sysbios_knl_Task_A_sleepTaskDisabled__C)
                  0000e228    00000004     Robot_pem4f.oem4f (.const:ti_sysbios_knl_Task_E_spOutOfBounds__C)
                  0000e22c    00000004     Robot_pem4f.oem4f (.const:ti_sysbios_knl_Task_E_stackOverflow__C)
                  0000e230    00000004     Robot_pem4f.oem4f (.const:ti_sysbios_knl_Task_Module_State_inactiveQ__O)
                  0000e234    00000004     Robot_pem4f.oem4f (.const:ti_sysbios_knl_Task_Module__diagsEnabled__C)
                  0000e238    00000004     Robot_pem4f.oem4f (.const:ti_sysbios_knl_Task_Module__diagsIncluded__C)
                  0000e23c    00000004     Robot_pem4f.oem4f (.const:ti_sysbios_knl_Task_Module__diagsMask__C)
                  0000e240    00000004     Robot_pem4f.oem4f (.const:ti_sysbios_knl_Task_Object__count__C)
                  0000e244    00000004     Robot_pem4f.oem4f (.const:ti_sysbios_knl_Task_allBlockedFunc__C)
                  0000e248    00000004     Robot_pem4f.oem4f (.const:ti_sysbios_knl_Task_defaultStackHeap__C)
                  0000e24c    00000004     Robot_pem4f.oem4f (.const:ti_sysbios_knl_Task_defaultStackSize__C)
                  0000e250    00000004     Robot_pem4f.oem4f (.const:ti_sysbios_knl_Task_numConstructedTasks__C)
                  0000e254    00000004     Robot_pem4f.oem4f (.const:xdc_runtime_Assert_E_assertFailed__C)
                  0000e258    00000004     Robot_pem4f.oem4f (.const:xdc_runtime_Core_A_initializedParams__C)
                  0000e25c    00000004     Robot_pem4f.oem4f (.const:xdc_runtime_Core_Module__diagsEnabled__C)
                  0000e260    00000004     Robot_pem4f.oem4f (.const:xdc_runtime_Core_Module__diagsIncluded__C)
                  0000e264    00000004     Robot_pem4f.oem4f (.const:xdc_runtime_Core_Module__diagsMask__C)
                  0000e268    00000004     Robot_pem4f.oem4f (.const:xdc_runtime_Error_E_memory__C)
                  0000e26c    00000004     Robot_pem4f.oem4f (.const:xdc_runtime_Error_Module__diagsEnabled__C)
                  0000e270    00000004     Robot_pem4f.oem4f (.const:xdc_runtime_Error_Module__diagsIncluded__C)
                  0000e274    00000004     Robot_pem4f.oem4f (.const:xdc_runtime_Error_Module__diagsMask__C)
                  0000e278    00000004     Robot_pem4f.oem4f (.const:xdc_runtime_Error_Module__loggerFxn8__C)
                  0000e27c    00000004     Robot_pem4f.oem4f (.const:xdc_runtime_Error_Module__loggerObj__C)
                  0000e280    00000004     Robot_pem4f.oem4f (.const:xdc_runtime_Error_policyFxn__C)
                  0000e284    00000004     Robot_pem4f.oem4f (.const:xdc_runtime_Error_raiseHook__C)
                  0000e288    00000004     Robot_pem4f.oem4f (.const:xdc_runtime_IGateProvider_Interface__BASE__C)
                  0000e28c    00000004     Robot_pem4f.oem4f (.const:xdc_runtime_IHeap_Interface__BASE__C)
                  0000e290    00000004     Robot_pem4f.oem4f (.const:xdc_runtime_IModule_Interface__BASE__C)
                  0000e294    00000004     Robot_pem4f.oem4f (.const:xdc_runtime_Log_L_error__C)
                  0000e298    00000004     Robot_pem4f.oem4f (.const:xdc_runtime_Memory_defaultHeapInstance__C)
                  0000e29c    00000004     Robot_pem4f.oem4f (.const:xdc_runtime_Startup_execImpl__C)
                  0000e2a0    00000004     Robot_pem4f.oem4f (.const:xdc_runtime_Startup_maxPasses__C)
                  0000e2a4    00000004     Robot_pem4f.oem4f (.const:xdc_runtime_Startup_sfxnRts__C)
                  0000e2a8    00000004     Robot_pem4f.oem4f (.const:xdc_runtime_Startup_sfxnTab__C)
                  0000e2ac    00000004     Robot_pem4f.oem4f (.const:xdc_runtime_SysMin_bufSize__C)
                  0000e2b0    00000004     Robot_pem4f.oem4f (.const:xdc_runtime_SysMin_outputFunc__C)
                  0000e2b4    00000004     Robot_pem4f.oem4f (.const:xdc_runtime_System_Module__gateObj__C)
                  0000e2b8    00000004     Robot_pem4f.oem4f (.const:xdc_runtime_System_abortFxn__C)
                  0000e2bc    00000004     Robot_pem4f.oem4f (.const:xdc_runtime_System_exitFxn__C)
                  0000e2c0    00000004     Robot_pem4f.oem4f (.const:xdc_runtime_System_extendFxn__C)
                  0000e2c4    00000004     Robot_pem4f.oem4f (.const:xdc_runtime_System_maxAtexitHandlers__C)
                  0000e2c8    00000004     Robot_pem4f.oem4f (.const:xdc_runtime_Text_charTab__C)
                  0000e2cc    00000004     Robot_pem4f.oem4f (.const:xdc_runtime_Text_nameEmpty__C)
                  0000e2d0    00000004     Robot_pem4f.oem4f (.const:xdc_runtime_Text_nameStatic__C)
                  0000e2d4    00000004     Robot_pem4f.oem4f (.const:xdc_runtime_Text_nameUnknown__C)
                  0000e2d8    00000004     Robot_pem4f.oem4f (.const:xdc_runtime_Text_nodeTab__C)
                  0000e2dc    00000004     Robot_pem4f.oem4f (.const:xdc_runtime_Text_visitRopeFxn__C)
                  0000e2e0    00000002     Robot_pem4f.oem4f (.const:ti_sysbios_hal_Hwi_Module__id__C)
                  0000e2e2    00000002     Robot_pem4f.oem4f (.const:ti_sysbios_heaps_HeapMem_Module__id__C)
                  0000e2e4    00000002     Robot_pem4f.oem4f (.const:ti_sysbios_knl_Semaphore_Module__id__C)
                  0000e2e6    00000002     Robot_pem4f.oem4f (.const:ti_sysbios_knl_Task_Module__id__C)
                  0000e2e8    00000002     Robot_pem4f.oem4f (.const:xdc_runtime_Core_Module__id__C)
                  0000e2ea    00000002     Robot_pem4f.oem4f (.const:xdc_runtime_Error_Module__loggerDefined__C)
                  0000e2ec    00000002     Robot_pem4f.oem4f (.const:xdc_runtime_Error_maxDepth__C)
                  0000e2ee    00000002     Robot_pem4f.oem4f (.const:xdc_runtime_Memory_Module__id__C)
                  0000e2f0    00000002     Robot_pem4f.oem4f (.const:xdc_runtime_SysMin_flushAtExit__C)
                  0000e2f2    00000002     Robot_pem4f.oem4f (.const:xdc_runtime_Text_charCnt__C)
                  0000e2f4    00000002     Robot_pem4f.oem4f (.const:xdc_runtime_Text_isLoaded__C)
                  0000e2f6    00000002     Robot_pem4f.oem4f (.const:xdc_runtime_Text_registryModsLastId__C)
                  0000e2f8    00000002     Robot_pem4f.oem4f (.const:xdc_runtime_Text_unnamedModsLastId__C)

.cinit     0    0000e300    00000398     
                  0000e300    00000364     (.cinit..data.load) [load image, compression = lzss]
                  0000e664    0000000c     (__TI_handler_table)
                  0000e670    00000008     (.cinit..bss.load) [load image, compression = zero_init]
                  0000e678    00000008     (.cinit..vecs.load) [load image, compression = zero_init]
                  0000e680    00000018     (__TI_cinit_table)

.resetVecs 
*          0    00000000    0000003c     
                  00000000    0000003c     Robot_pem4f.oem4f (.resetVecs)

.bss       0    20000140    000054a8     UNINITIALIZED
                  20000140    00002ee0     (.common:DisplayBuffer)
                  20003020    00000c00     Robot_pem4f.oem4f (.bss:taskStackSection)
                  20003c20    00000800     (.common:task0Stack)
                  20004420    00000800     (.common:tsk1Stack)
                  20004c20    00000400     (.common:ti_sysbios_heaps_HeapMem_Instance_State_0_buf__A)
                  20005020    00000140     (.common:ti_sysbios_family_arm_m3_Hwi_dispatchTable)
                  20005160    00000120     rtsv7M4_T_le_v4SPD16_eabi.lib : trgmsg.obj (.bss:_CIOBUF_)
                  20005280    000000d8     (.common:i2cMSP432Objects)
                  20005358    000000a0     (.common:__TI_tmpnams)
                  200053f8    00000080     (.common:xdc_runtime_SysMin_Module_State_0_outbuf__A)
                  20005478    00000050     (.common:task0Struct)
                  200054c8    00000050     (.common:tsk1Struct)
                  20005518    00000030     drivers_MSP432P401R.aem4f : GPIOMSP432.oem4f (.bss:gpioCallbackInfo)
                  20005548    00000030     (.common:pwmTimerMSP432Objects)
                  20005578    00000008     rtsv7M4_T_le_v4SPD16_eabi.lib : trgdrv.obj (.bss:parmbuf)
                  20005580    00000008     (.common:Kd_L)
                  20005588    00000008     (.common:Kd_R)
                  20005590    00000008     (.common:Ki_L)
                  20005598    00000008     (.common:Ki_R)
                  200055a0    00000008     (.common:Kp_L)
                  200055a8    00000008     (.common:Kp_R)
                  200055b0    00000008     (.common:dt)
                  200055b8    00000008     (.common:error_L)
                  200055c0    00000008     (.common:error_R)
                  200055c8    00000004     (.common:curr_T)
                  200055cc    00000004     (.common:distance_L)
                  200055d0    00000004     (.common:distance_R)
                  200055d4    00000004     (.common:pre_T)
                  200055d8    00000004     (.common:speed_L)
                  200055dc    00000004     (.common:speed_R)
                  200055e0    00000004     (.common:task)
                  200055e4    00000004     (.common:task1)

.data      0    200055e8    000009b0     UNINITIALIZED
                  200055e8    000000f0     rtsv7M4_T_le_v4SPD16_eabi.lib : defs.obj (.data:_ftable)
                  200056d8    000000e4     Robot_pem4f.oem4f (.data:ti_sysbios_knl_Task_Object__table__V)
                  200057bc    000000d0     rtsv7M4_T_le_v4SPD16_eabi.lib : lowlev.obj (.data:$O1$$)
                  2000588c    0000009c     drivers_MSP432P401R.aem4f : PowerMSP432.oem4f (.data:PowerMSP432_perfLevels)
                  20005928    00000098     Robot_pem4f.oem4f (.data:ti_sysbios_family_arm_msp432_Timer_Object__table__V)
                  200059c0    00000094     motor.obj (.data)
                  20005a54    00000080     drivers_MSP432P401R.aem4f : PWMTimerMSP432.oem4f (.data:pwmTimerStatus)
                  20005ad4    00000080     Robot_pem4f.oem4f (.data:ti_sysbios_knl_Swi_Module_State_0_readyQ__A)
                  20005b54    00000080     Robot_pem4f.oem4f (.data:ti_sysbios_knl_Task_Module_State_0_readyQ__A)
                  20005bd4    0000006c     MSP_EXP432P401R.obj (.data:gpioCallbackFunctions)
                  20005c40    0000006c     MSP_EXP432P401R.obj (.data:gpioPinConfigs)
                  20005cac    00000044     Robot_pem4f.oem4f (.data:ti_sysbios_knl_Task_Module__state__V)
                  20005cf0    00000038     Robot_pem4f.oem4f (.data:ti_sysbios_gates_GateMutex_Object__table__V)
                  20005d28    00000034     Robot_pem4f.oem4f (.data:ti_sysbios_family_arm_m3_Hwi_Module__state__V)
                  20005d5c    00000030     msp432p4xx_driverlib.lib : gpio.o (.data:GPIO_PORT_TO_BASE)
                  20005d8c    00000030     Robot_pem4f.oem4f (.data:ti_sysbios_family_arm_m3_Hwi_Object__table__V)
                  20005dbc    00000030     Robot_pem4f.oem4f (.data:ti_sysbios_knl_Swi_Object__table__V)
                  20005dec    0000002c     Robot_pem4f.oem4f (.data:ti_sysbios_knl_Clock_Module__state__V)
                  20005e18    00000028     drivers_MSP432P401R.aem4f : PowerMSP432.oem4f (.data:PowerMSP432_module)
                  20005e40    00000024     Robot_pem4f.oem4f (.data:ti_sysbios_BIOS_Module__state__V)
                  20005e64    00000020     Robot_pem4f.oem4f (.data:ti_sysbios_family_arm_msp432_Timer_Module_State_0_device__A)
                  20005e84    0000001c     Robot_pem4f.oem4f (.data:ti_sysbios_knl_Swi_Module__state__V)
                  20005ea0    00000018     Robot_pem4f.oem4f (.data:ti_sysbios_heaps_HeapMem_Object__table__V)
                  20005eb8    00000010     rtsv7M4_T_le_v4SPD16_eabi.lib : defs.obj (.data)
                  20005ec8    00000010     Robot_pem4f.oem4f (.data:ti_sysbios_family_arm_msp432_Timer_Module_State_0_handles__A)
                  20005ed8    0000000c     rtsv7M4_T_le_v4SPD16_eabi.lib : exit.obj (.data:$O1$$)
                  20005ee4    0000000c     Robot_pem4f.oem4f (.data:ti_sysbios_family_arm_msp432_ClockFreqs_Module__state__V)
                  20005ef0    0000000c     Robot_pem4f.oem4f (.data:ti_sysbios_family_arm_msp432_Timer_Module__state__V)
                  20005efc    0000000c     Robot_pem4f.oem4f (.data:xdc_runtime_SysMin_Module__state__V)
                  20005f08    00000008     rtsv7M4_T_le_v4SPD16_eabi.lib : _lock.obj (.data:$O1$$)
                  20005f10    00000008     Robot_pem4f.oem4f (.data:ti_sysbios_family_arm_m3_Hwi_Module__root__V)
                  20005f18    00000008     Robot_pem4f.oem4f (.data:ti_sysbios_gates_GateHwi_Module__root__V)
                  20005f20    00000008     Robot_pem4f.oem4f (.data:ti_sysbios_gates_GateMutex_Module__root__V)
                  20005f28    00000008     Robot_pem4f.oem4f (.data:ti_sysbios_heaps_HeapMem_Module__root__V)
                  20005f30    00000008     Robot_pem4f.oem4f (.data:ti_sysbios_knl_Queue_Module__root__V)
                  20005f38    00000008     Robot_pem4f.oem4f (.data:ti_sysbios_knl_Semaphore_Module__root__V)
                  20005f40    00000008     Robot_pem4f.oem4f (.data:ti_sysbios_knl_Task_Module__root__V)
                  20005f48    00000008     Robot_pem4f.oem4f (.data:xdc_runtime_Registry_Module__state__V)
                  20005f50    00000008     Robot_pem4f.oem4f (.data:xdc_runtime_Startup_Module__state__V)
                  20005f58    00000008     Robot_pem4f.oem4f (.data:xdc_runtime_System_Module_State_0_atexitHandlers__A)
                  20005f60    00000008     Robot_pem4f.oem4f (.data:xdc_runtime_System_Module__state__V)
                  20005f68    00000004     drivers_MSP432P401R.aem4f : I2C.oem4f (.data)
                  20005f6c    00000004                               : PWM.oem4f (.data)
                  20005f70    00000004     rtsv7M4_T_le_v4SPD16_eabi.lib : errno.obj (.data)
                  20005f74    00000004                                   : fopen.obj (.data)
                  20005f78    00000004                                   : stkdepth_vars.obj (.data)
                  20005f7c    00000004     Robot_pem4f.oem4f (.data:ti_sysbios_family_arm_m3_Hwi_Module_State_0_excContext__A)
                  20005f80    00000004     Robot_pem4f.oem4f (.data:ti_sysbios_family_arm_m3_Hwi_Module_State_0_excStack__A)
[...]
0000db15  xdc_runtime_Error_policy__C                                 
0000db16  ti_sysbios_family_arm_m3_Hwi_Module__id__C                  
0000db18  g_sFontCm20b                                                
0000dbe0  xdc_runtime_Text_nodeTab__A                                 
0000dcdc  PWM_config                                                  
0000dd18  ti_sysbios_knl_Task_Object__PARAMS__C                       
0000dd54  I2C_config                                                  
0000dd84  g_sharp96x96LCD                                             
0000ddb4  i2cMSP432HWAttrs                                            
0000dde4  pwmTimerMSP432HWAttrs                                       
0000de14  ti_sysbios_family_arm_m3_Hwi_Object__PARAMS__C              
0000de44  PWMTimerMSP432_fxnTable                                     
0000de6c  ti_sysbios_heaps_HeapMem_Module__FXNS__C                    
0000de94  ti_sysbios_gates_GateHwi_Module__FXNS__C                    
0000deb8  ti_sysbios_gates_GateMutex_Module__FXNS__C                  
0000dedc  ti_sysbios_heaps_HeapMem_Object__PARAMS__C                  
0000df00  ti_sysbios_knl_Semaphore_Object__PARAMS__C                  
0000df24  xdc_runtime_Startup_sfxnTab__A                              
0000df48  I2CMSP432_fxnTable                                          
0000df68  ti_sysbios_family_arm_m3_Hwi_Object__DESC__C                
0000df88  ti_sysbios_gates_GateHwi_Object__DESC__C                    
0000dfa8  ti_sysbios_gates_GateMutex_Object__DESC__C                  
0000dfc8  ti_sysbios_heaps_HeapMem_Object__DESC__C                    
0000dfe8  ti_sysbios_knl_Queue_Object__DESC__C                        
0000e008  ti_sysbios_knl_Semaphore_Object__DESC__C                    
0000e028  ti_sysbios_knl_Task_Object__DESC__C                         
0000e064  PWM_defaultParams                                           
0000e07c  ti_sysbios_gates_GateHwi_Object__PARAMS__C                  
0000e094  ti_sysbios_gates_GateMutex_Object__PARAMS__C                
0000e0ac  ti_sysbios_knl_Queue_Object__PARAMS__C                      
0000e0c4  GPIOMSP432_config                                           
0000e0d8  xdc_runtime_Startup_sfxnRts__A                              
0000e0ea  ti_sysbios_gates_GateMutex_Module__id__C                    
0000e0ec  PowerMSP432_config                                          
0000e0fc  I2C_defaultParams                                           
0000e118  xdc_runtime_Startup_firstFxns__A                            
0000e12c  ti_sysbios_family_arm_m3_Hwi_excHookFuncs__A                
0000e134  ti_sysbios_knl_Idle_funcList__A                             
0000e13c  ti_sysbios_knl_Idle_funcList__C                             
0000e144  xdc_runtime_Startup_firstFxns__C                            
0000e14c  xdc_runtime_Startup_lastFxns__C                             
0000e154  ti_sysbios_family_arm_m3_Hwi_E_NMI__C                       
0000e158  ti_sysbios_family_arm_m3_Hwi_E_alreadyDefined__C            
0000e15c  ti_sysbios_family_arm_m3_Hwi_E_busFault__C                  
0000e160  ti_sysbios_family_arm_m3_Hwi_E_debugMon__C                  
0000e164  ti_sysbios_family_arm_m3_Hwi_E_hardFault__C                 
0000e168  ti_sysbios_family_arm_m3_Hwi_E_memFault__C                  
0000e16c  ti_sysbios_family_arm_m3_Hwi_E_noIsr__C                     
0000e170  ti_sysbios_family_arm_m3_Hwi_E_reserved__C                  
0000e174  ti_sysbios_family_arm_m3_Hwi_E_svCall__C                    
0000e178  ti_sysbios_family_arm_m3_Hwi_E_usageFault__C                
0000e17c  ti_sysbios_family_arm_m3_Hwi_NUM_INTERRUPTS__C              
0000e180  ti_sysbios_family_arm_m3_Hwi_Object__count__C               
0000e184  ti_sysbios_family_arm_m3_Hwi_ccr__C                         
0000e188  ti_sysbios_family_arm_m3_Hwi_excHandlerFunc__C              
0000e18c  ti_sysbios_family_arm_m3_Hwi_excHookFuncs__C                
0000e190  ti_sysbios_family_arm_m3_Hwi_nullIsrFunc__C                 
0000e194  ti_sysbios_family_arm_m3_Hwi_priGroup__C                    
0000e198  ti_sysbios_family_arm_m3_TaskSupport_stackAlignment__C      
0000e19c  ti_sysbios_family_arm_msp432_Timer_numTimerDevices__C       
0000e1a0  ti_sysbios_family_arm_msp432_Timer_startupNeeded__C         
0000e1a4  ti_sysbios_gates_GateMutex_A_badContext__C                  
0000e1a8  ti_sysbios_gates_GateMutex_Instance_State_sem__O            
0000e1ac  ti_sysbios_gates_GateMutex_Module__diagsEnabled__C          
0000e1b0  ti_sysbios_gates_GateMutex_Module__diagsIncluded__C         
0000e1b4  ti_sysbios_gates_GateMutex_Module__diagsMask__C             
0000e1b8  ti_sysbios_hal_Hwi_E_stackOverflow__C                       
0000e1bc  ti_sysbios_heaps_HeapMem_A_align__C                         
0000e1c0  ti_sysbios_heaps_HeapMem_A_heapSize__C                      
0000e1c4  ti_sysbios_heaps_HeapMem_A_invalidFree__C                   
0000e1c8  ti_sysbios_heaps_HeapMem_A_zeroBlock__C                     
0000e1cc  ti_sysbios_heaps_HeapMem_E_memory__C                        
0000e1d0  ti_sysbios_heaps_HeapMem_Module__diagsEnabled__C            
0000e1d4  ti_sysbios_heaps_HeapMem_Module__diagsIncluded__C           
0000e1d8  ti_sysbios_heaps_HeapMem_Module__diagsMask__C               
0000e1dc  ti_sysbios_heaps_HeapMem_Module__gateObj__C                 
0000e1e0  ti_sysbios_heaps_HeapMem_Object__count__C                   
0000e1e4  ti_sysbios_heaps_HeapMem_reqAlign__C                        
0000e1e8  ti_sysbios_knl_Clock_Module_State_clockQ__O                 
0000e1ec  ti_sysbios_knl_Semaphore_A_badContext__C                    
0000e1f0  ti_sysbios_knl_Semaphore_A_noEvents__C                      
0000e1f4  ti_sysbios_knl_Semaphore_A_overflow__C                      
0000e1f8  ti_sysbios_knl_Semaphore_A_pendTaskDisabled__C              
0000e1fc  ti_sysbios_knl_Semaphore_Instance_State_pendQ__O            
0000e200  ti_sysbios_knl_Semaphore_Module__diagsEnabled__C            
0000e204  ti_sysbios_knl_Semaphore_Module__diagsIncluded__C           
0000e208  ti_sysbios_knl_Semaphore_Module__diagsMask__C               
0000e20c  ti_sysbios_knl_Swi_Object__count__C                         
0000e210  ti_sysbios_knl_Task_A_badPriority__C                        
0000e214  ti_sysbios_knl_Task_A_badTaskState__C                       
0000e218  ti_sysbios_knl_Task_A_badThreadType__C                      
0000e21c  ti_sysbios_knl_Task_A_badTimeout__C                         
0000e220  ti_sysbios_knl_Task_A_noPendElem__C                         
0000e224  ti_sysbios_knl_Task_A_sleepTaskDisabled__C                  
0000e228  ti_sysbios_knl_Task_E_spOutOfBounds__C                      
0000e22c  ti_sysbios_knl_Task_E_stackOverflow__C                      
0000e230  ti_sysbios_knl_Task_Module_State_inactiveQ__O               
0000e234  ti_sysbios_knl_Task_Module__diagsEnabled__C                 
0000e238  ti_sysbios_knl_Task_Module__diagsIncluded__C                
0000e23c  ti_sysbios_knl_Task_Module__diagsMask__C                    
0000e240  ti_sysbios_knl_Task_Object__count__C                        
0000e244  ti_sysbios_knl_Task_allBlockedFunc__C                       
0000e248  ti_sysbios_knl_Task_defaultStackHeap__C                     
0000e24c  ti_sysbios_knl_Task_defaultStackSize__C                     
0000e250  ti_sysbios_knl_Task_numConstructedTasks__C                  
0000e254  xdc_runtime_Assert_E_assertFailed__C                        
0000e258  xdc_runtime_Core_A_initializedParams__C                     
0000e25c  xdc_runtime_Core_Module__diagsEnabled__C                    
0000e260  xdc_runtime_Core_Module__diagsIncluded__C                   
0000e264  xdc_runtime_Core_Module__diagsMask__C                       
0000e268  xdc_runtime_Error_E_memory__C                               
0000e26c  xdc_runtime_Error_Module__diagsEnabled__C                   
0000e270  xdc_runtime_Error_Module__diagsIncluded__C                  
0000e274  xdc_runtime_Error_Module__diagsMask__C                      
0000e278  xdc_runtime_Error_Module__loggerFxn8__C                     
0000e27c  xdc_runtime_Error_Module__loggerObj__C                      
0000e280  xdc_runtime_Error_policyFxn__C                              
0000e284  xdc_runtime_Error_raiseHook__C                              
0000e288  xdc_runtime_IGateProvider_Interface__BASE__C                
0000e28c  xdc_runtime_IHeap_Interface__BASE__C                        
0000e290  xdc_runtime_IModule_Interface__BASE__C                      
0000e294  xdc_runtime_Log_L_error__C                                  
0000e298  xdc_runtime_Memory_defaultHeapInstance__C                   
0000e29c  xdc_runtime_Startup_execImpl__C                             
0000e2a0  xdc_runtime_Startup_maxPasses__C                            
0000e2a4  xdc_runtime_Startup_sfxnRts__C                              
0000e2a8  xdc_runtime_Startup_sfxnTab__C                              
0000e2ac  xdc_runtime_SysMin_bufSize__C                               
0000e2b0  xdc_runtime_SysMin_outputFunc__C                            
0000e2b4  xdc_runtime_System_Module__gateObj__C                       
0000e2b8  xdc_runtime_System_abortFxn__C                              
0000e2bc  xdc_runtime_System_exitFxn__C                               
0000e2c0  xdc_runtime_System_extendFxn__C                             
0000e2c4  xdc_runtime_System_maxAtexitHandlers__C                     
0000e2c8  xdc_runtime_Text_charTab__C                                 
0000e2cc  xdc_runtime_Text_nameEmpty__C                               
0000e2d0  xdc_runtime_Text_nameStatic__C                              
0000e2d4  xdc_runtime_Text_nameUnknown__C                             
0000e2d8  xdc_runtime_Text_nodeTab__C                                 
0000e2dc  xdc_runtime_Text_visitRopeFxn__C                            
0000e2e0  ti_sysbios_hal_Hwi_Module__id__C                            
0000e2e2  ti_sysbios_heaps_HeapMem_Module__id__C                      
0000e2e4  ti_sysbios_knl_Semaphore_Module__id__C                      
0000e2e6  ti_sysbios_knl_Task_Module__id__C                           
0000e2e8  xdc_runtime_Core_Module__id__C                              
0000e2ea  xdc_runtime_Error_Module__loggerDefined__C                  
0000e2ec  xdc_runtime_Error_maxDepth__C                               
0000e2ee  xdc_runtime_Memory_Module__id__C                            
0000e2f0  xdc_runtime_SysMin_flushAtExit__C                           
0000e2f2  xdc_runtime_Text_charCnt__C                                 
0000e2f4  xdc_runtime_Text_isLoaded__C                                
0000e2f6  xdc_runtime_Text_registryModsLastId__C                      
0000e2f8  xdc_runtime_Text_unnamedModsLastId__C                       
0000e300  __TI_static_base__                                          
0000e664  __TI_Handler_Table_Base                                     
0000e670  __TI_Handler_Table_Limit                                    
0000e680  __TI_CINIT_Base                                             
0000e698  __TI_CINIT_Limit                                            
20000000  ti_sysbios_family_arm_m3_Hwi_ramVectors                     
20000140  DisplayBuffer                                               
20003020  ti_sysbios_knl_Task_Instance_State_0_stack__A               
20003220  ti_sysbios_knl_Task_Instance_State_1_stack__A               
20003a20  ti_sysbios_knl_Task_Instance_State_2_stack__A               
20003c20  task0Stack                                                  
20004420  tsk1Stack                                                   
20004c20  ti_sysbios_heaps_HeapMem_Instance_State_0_buf__A            
20005020  ti_sysbios_family_arm_m3_Hwi_dispatchTable                  
20005160  __CIOBUF_                                                   
20005280  i2cMSP432Objects                                            
20005358  __TI_tmpnams                                                
200053f8  xdc_runtime_SysMin_Module_State_0_outbuf__A                 
20005478  task0Struct                                                 
200054c8  tsk1Struct                                                  
20005548  pwmTimerMSP432Objects                                       
20005580  Kd_L                                                        
20005588  Kd_R                                                        
20005590  Ki_L                                                        
20005598  Ki_R                                                        
200055a0  Kp_L                                                        
200055a8  Kp_R                                                        
200055b0  dt                                                          
200055b8  error_L                                                     
200055c0  error_R                                                     
200055c8  curr_T                                                      
200055cc  distance_L                                                  
200055d0  distance_R                                                  
200055d4  pre_T                                                       
200055d8  speed_L                                                     
200055dc  speed_R                                                     
200055e0  task                                                        
200055e4  task1                                                       
200055e8  _ftable                                                     
200056d8  ti_sysbios_knl_Task_Object__table__V                        
2000588c  PowerMSP432_perfLevels                                      
20005928  ti_sysbios_family_arm_msp432_Timer_Object__table__V         
200059c0  setpoint                                                    
200059c4  Rotation_R                                                  
200059c8  Rotation_L                                                  
200059cc  ooo                                                         
200059d0  pre_error_R                                                 
200059d8  pre_error_L                                                 
200059e0  integ_R                                                     
200059e8  integ_L                                                     
200059f0  diff_R                                                      
200059f8  diff_L                                                      
20005a00  duty_change_R                                               
20005a04  duty_change_L                                               
20005a08  pwm_R                                                       
20005a0a  pwm_L                                                       
20005a10  Setpoint                                                    
20005a18  Kp                                                          
20005a20  Ki                                                          
20005a28  Kd                                                          
20005a30  ini_speed_left                                              
20005a38  ini_speed_right                                             
20005a40  Igap                                                        
20005a48  previous_gap                                                
20005a50  n                                                           
20005ad4  ti_sysbios_knl_Swi_Module_State_0_readyQ__A                 
20005b54  ti_sysbios_knl_Task_Module_State_0_readyQ__A                
20005bd4  gpioCallbackFunctions                                       
20005c40  gpioPinConfigs                                              
20005cac  ti_sysbios_knl_Task_Module__state__V                        
20005cf0  ti_sysbios_gates_GateMutex_Object__table__V                 
20005d28  ti_sysbios_family_arm_m3_Hwi_Module__state__V               
20005d8c  ti_sysbios_family_arm_m3_Hwi_Object__table__V               
20005dbc  ti_sysbios_knl_Swi_Object__table__V                         
20005dec  ti_sysbios_knl_Clock_Module__state__V                       
20005e18  PowerMSP432_module                                          
20005e40  ti_sysbios_BIOS_Module__state__V                            
20005e64  ti_sysbios_family_arm_msp432_Timer_Module_State_0_device__A 
20005e84  ti_sysbios_knl_Swi_Module__state__V                         
20005ea0  ti_sysbios_heaps_HeapMem_Object__table__V                   
20005eb8  __TI_ft_end                                                 
20005ebc  __aeabi_stdin                                               
20005ec0  __aeabi_stdout                                              
20005ec4  __aeabi_stderr                                              
20005ec8  ti_sysbios_family_arm_msp432_Timer_Module_State_0_handles__A
20005ed8  __TI_cleanup_ptr                                            
20005edc  __TI_dtors_ptr                                              
20005ee0  __TI_enable_exit_profile_output                             
20005ee4  ti_sysbios_family_arm_msp432_ClockFreqs_Module__state__V    
20005ef0  ti_sysbios_family_arm_msp432_Timer_Module__state__V         
20005efc  xdc_runtime_SysMin_Module__state__V                         
20005f08  _lock                                                       
20005f0c  _unlock                                                     
20005f10  ti_sysbios_family_arm_m3_Hwi_Module__root__V                
20005f18  ti_sysbios_gates_GateHwi_Module__root__V                    
20005f20  ti_sysbios_gates_GateMutex_Module__root__V                  
20005f28  ti_sysbios_heaps_HeapMem_Module__root__V                    
20005f30  ti_sysbios_knl_Queue_Module__root__V                        
20005f38  ti_sysbios_knl_Semaphore_Module__root__V                    
20005f40  ti_sysbios_knl_Task_Module__root__V                         
20005f48  xdc_runtime_Registry_Module__state__V                       
20005f50  xdc_runtime_Startup_Module__state__V                        
20005f58  xdc_runtime_System_Module_State_0_atexitHandlers__A         
20005f60  xdc_runtime_System_Module__state__V                         
20005f70  errno                                                       
20005f78  main_func_sp                                                
20005f7c  ti_sysbios_family_arm_m3_Hwi_Module_State_0_excContext__A   
20005f80  ti_sysbios_family_arm_m3_Hwi_Module_State_0_excStack__A     
20005f84  ti_sysbios_gates_GateHwi_Object__table__V                   
20005f88  ti_sysbios_knl_Task_Module_State_0_idleTask__A              
20005f8c  xdc_runtime_Memory_Module__state__V                         
20005f90  VCOMbit                                                     
20005f91  flagSendToggleVCOMCommand                                   
20005f92  ti_sysbios_family_arm_m3_Hwi_Module_State_0_excActive__A    
20005f94  xdc_runtime_Error_Module__state__V                          
20005f97  state                                                       
2000fd00  __stack                                                     
20010000  __STACK_END                                                 
4000480c  WDTCTL_SYM                                                  
e000e000  ti_sysbios_family_arm_m3_Hwi_nvic                           
ffffffff  __TI_pprof_out_hndl                                         
ffffffff  __TI_prof_data_size                                         
ffffffff  __TI_prof_data_start                                        
ffffffff  __binit__                                                   
ffffffff  __c_args__                                                  
ffffffff  binit                                                       
UNDEFED   SHT$$INIT_ARRAY$$Base                                       
UNDEFED   SHT$$INIT_ARRAY$$Limit                                      

[815 symbols]
