******************************************************************************
                  TI ARM Linker Unix v16.9.3                   
******************************************************************************
>> Linked Wed Nov 22 23:43:17 2017

OUTPUT FILE NAME:   <CSRobot_01.out>
ENTRY POINT SYMBOL: "_c_int00"  address: 00009169


MEMORY CONFIGURATION

         name            origin    length      used     unused   attr    fill
----------------------  --------  ---------  --------  --------  ----  --------
  MAIN                  00000000   00040000  0000e8f4  0003170c  R  X
  INFO                  00200000   00004000  00000000  00004000  R  X
  SRAM_CODE             01000000   00010000  00000000  00010000  RW X
  SRAM_DATA             20000000   00010000  000062d2  00009d2e  RW  


SEGMENT ALLOCATION MAP

run origin  load origin   length   init length attrs members
----------  ----------- ---------- ----------- ----- -------
00000000    00000000    0000e900   0000e900    r-x
  00000000    00000000    0000003c   0000003c    r-- .resetVecs
  00000040    00000040    0000baaa   0000baaa    r-x .text
  0000baec    0000baec    00002a6e   00002a6e    r-- .const
  0000e560    0000e560    000003a0   000003a0    r-- .cinit
20000000    20000000    00005fd2   00000000    rw-
  20000000    20000000    00000140   00000000    rw- .vecs
  20000140    20000140    000054d8   00000000    rw- .bss
  20005618    20005618    000009ba   00000000    rw- .data
2000fd00    2000fd00    00000300   00000000    rw-
  2000fd00    2000fd00    00000300   00000000    rw- .stack


SECTION ALLOCATION MAP

 output                                  attributes/
section   page    origin      length       input sections
--------  ----  ----------  ----------   ----------------
.text      0    00000040    0000baaa     
                  00000040    0000113e     rtsv7M4_T_le_v4SPD16_eabi.lib : _printfi.obj (.text)
                  0000117e    00000002     power_tirtos_MSP432P401R.aem4f : PowerMSP432_tirtos.oem4f (.text:PowerMSP432_initPolicy)
                  00001180    00000790     motor.obj (.text:pwmMotorFxn)
                  00001910    0000055c     screenTask.obj (.text:screenTaskFxn)
                  00001e6c    00000492     string.obj (.text:Graphics_drawString)
                  000022fe    00000002     rtsv7M4_T_le_v4SPD16_eabi.lib : i_div0.obj (.text)
                  00002300    00000430     sysbios.aem4f : BIOS.obj (.text:ti_sysbios_family_arm_m3_Hwi_excDumpRegs__I)
                  00002730    0000034c     ti.targets.arm.rtsarm.aem4f : System.oem4f (.text:xdc_runtime_System_doPrint__I)
                  00002a7c    00000324     rtsv7M4_T_le_v4SPD16_eabi.lib : trgdrv.obj (.text)
                  00002da0    0000030c                                   : lowlev.obj (.text)
                  000030ac    000002c4     motor.obj (.text:pid)
                  00003370    000002b0     sysbios.aem4f : BIOS.obj (.text:ti_sysbios_knl_Semaphore_pend__E)
                  00003620    00000264     drivers_MSP432P401R.aem4f : PowerMSP432.oem4f (.text:Power_sleep)
                  00003884    00000004     msp432p4xx_driverlib.lib : cpu.o (.text:CPU_wfi)
                  00003888    00000258     sysbios.aem4f : BIOS.obj (.text:ti_sysbios_heaps_HeapMem_free__E)
                  00003ae0    00000248                   : BIOS.obj (.text:ti_sysbios_heaps_HeapMem_alloc__E)
                  00003d28    00000224     Range_Read.obj (.text:Range_DetectFxn)
                  00003f4c    00000004     msp432p4xx_driverlib.lib : spi.o (.text:EUSCI_A_SPI_transmitData)
                  00003f50    00000224     sysbios.aem4f : BIOS.obj (.text:ti_sysbios_knl_Task_Instance_finalize__E)
                  00004174    00000004     msp432p4xx_driverlib.lib : spi.o (.text:EUSCI_B_SPI_transmitData)
                  00004178    000001fc     sysbios.aem4f : BIOS.obj (.text:ti_sysbios_family_arm_m3_Hwi_excHandlerMax__I)
                  00004374    000001f4     rtsv7M4_T_le_v4SPD16_eabi.lib : ull_div_t2.obj (.text)
                  00004568    000001d4     sysbios.aem4f : BIOS.obj (.text:ti_sysbios_knl_Task_sleep__E)
                  0000473c    00000004     tirtosport.aem4f : HwiP_tirtos.oem4f (.text:HwiP_disable)
                  00004740    000001c8     sysbios.aem4f : BIOS.obj (.text:ti_sysbios_knl_Task_Instance_init__E)
                  00004908    000001c4     rtsv7M4_T_le_v4SPD16_eabi.lib : fopen.obj (.text)
                  00004acc    000001b6                                   : fd_add_t2.obj (.text)
                  00004c82    000001a2     Range_Read.obj (.text:Init)
                  00004e24    000001a0     msp432p4xx_driverlib.lib : pcm.o (.text:__PCM_setPowerStateAdvanced)
                  00004fc4    00000178     drivers_MSP432P401R.aem4f : I2CMSP432.oem4f (.text:I2CMSP432_open)
                  0000513c    00000004     msp432p4xx_driverlib.lib : i2c.o (.text:I2C_setSlaveAddress)
                  00005140    00000174     sysbios.aem4f : BIOS.obj (.text:ti_sysbios_family_arm_m3_Hwi_excBusFault__I)
                  000052b4    00000004     drivers_MSP432P401R.aem4f : List.oem4f (.text:List_head)
                  000052b8    00000164     sysbios.aem4f : BIOS.obj (.text:ti_sysbios_family_arm_m3_Hwi_excUsageFault__I)
                  0000541c    00000158     Sharp96x96.obj (.text:Sharp96x96_RectFill)
                  00005574    00000004     drivers_MSP432P401R.aem4f : List.oem4f (.text:List_next)
                  00005578    00000148     sysbios.aem4f : BIOS.obj (.text:ti_sysbios_family_arm_m3_Hwi_excMemFault__I)
                  000056c0    00000140     drivers_MSP432P401R.aem4f : GPIOMSP432.oem4f (.text:GPIO_setConfig)
                  00005800    0000013c     sysbios.aem4f : BIOS.obj (.text:ti_sysbios_heaps_HeapMem_Instance_init__E)
                  0000593c    00000138     Sharp96x96.obj (.text:Sharp96x96_LineDrawH)
                  00005a74    00000136     rtsv7M4_T_le_v4SPD16_eabi.lib : fd_div_t2.obj (.text)
                  00005baa    00000002     Robot_pem4f.oem4f (.text:ti_sysbios_BIOS_nullFunc__I)
                  00005bac    00000134     rtsv7M4_T_le_v4SPD16_eabi.lib : fputs.obj (.text)
                  00005ce0    00000118     drivers_MSP432P401R.aem4f : I2CMSP432.oem4f (.text:I2CMSP432_hwiIntFxn)
                  00005df8    00000118     ti.targets.arm.rtsarm.aem4f : Error.oem4f (.text:xdc_runtime_Error_policyDefault__E)
                  00005f10    00000100                                 : Core-mem.oem4f (.text:xdc_runtime_Core_createObject__I)
                  00006010    000000fc     rtsv7M4_T_le_v4SPD16_eabi.lib : fd_mul_t2.obj (.text)
                  0000610c    000000fc                                   : s_scalbn.obj (.text)
                  00006208    000000f8     ti.targets.arm.rtsarm.aem4f : Startup.oem4f (.text:xdc_runtime_Startup_startMods__I)
                  00006300    000000f8     Robot_pem4f.oem4f (.text:xdc_runtime_System_printfExtend__I)
                  000063f8    000000f4     main.obj (.text:main)
                  000064ec    000000f0     drivers_MSP432P401R.aem4f : PowerMSP432.oem4f (.text:initPerfControl)
                  000065dc    000000ec     sysbios.aem4f : m3_Hwi_asm.obj (.text:ti_sysbios_family_arm_m3_Hwi_dispatch__I)
                  000066c8    000000ec                   : BIOS.obj (.text:ti_sysbios_knl_Semaphore_post__E)
                  000067b4    000000e2     drivers_MSP432P401R.aem4f : PWMTimerMSP432.oem4f (.text:initHw)
                  00006896    00000002     --HOLE-- [fill = 0]
                  00006898    000000e0     msp432p4xx_driverlib.lib : cs.o (.text:CS_initClockSignal)
                  00006978    000000dc                              : pcm.o (.text:__PCM_setPowerModeAdvanced)
                  00006a54    000000dc     rtsv7M4_T_le_v4SPD16_eabi.lib : setvbuf.obj (.text)
                  00006b30    000000d8     Sharp96x96.obj (.text:Sharp96x96_Flush)
                  00006c08    000000cc     ti.targets.arm.rtsarm.aem4f : Core-smem.oem4f (.text:xdc_runtime_Core_constructObject__I)
                  00006cd4    000000c8     rtsv7M4_T_le_v4SPD16_eabi.lib : fflush.obj (.text)
                  00006d9c    00000004     drivers_MSP432P401R.aem4f : PowerMSP432.oem4f (.text:PowerMSP432_getNumPerfLevels)
                  00006da0    000000bc     sysbios.aem4f : BIOS.obj (.text:ti_sysbios_family_arm_m3_Hwi_excDebugMon__I)
                  00006e5c    00000004     Robot_pem4f.oem4f (.text:ti_sysbios_BIOS_RtsGateProxy_enter__E)
                  00006e60    000000bc     sysbios.aem4f : BIOS.obj (.text:ti_sysbios_family_arm_m3_Hwi_excHardFault__I)
                  00006f1c    00000004     Robot_pem4f.oem4f (.text:ti_sysbios_BIOS_RtsGateProxy_leave__E)
                  00006f20    000000b4     sysbios.aem4f : BIOS.obj (.text:ti_sysbios_gates_GateMutex_enter__E)
                  00006fd4    00000004     Robot_pem4f.oem4f (.text:ti_sysbios_family_arm_m3_Hwi_destruct)
                  00006fd8    000000b4     sysbios.aem4f : BIOS.obj (.text:ti_sysbios_knl_Task_checkStacks__E)
                  0000708c    000000b2     msp432p4xx_driverlib.lib : timer_a.o (.text:privateTimer_AProcessClockSourceDivider)
                  0000713e    00000002     --HOLE-- [fill = 0]
                  00007140    000000b0                              : pcm.o (.text:__PCM_setCoreVoltageLevelAdvanced)
                  000071f0    000000ac     drivers_MSP432P401R.aem4f : PWMTimerMSP432.oem4f (.text:PWMTimerMSP432_open)
                  0000729c    000000ac     rtsv7M4_T_le_v4SPD16_eabi.lib : _io_perm.obj (.text)
                  00007348    000000a8     sysbios.aem4f : BIOS.obj (.text:ti_sysbios_family_arm_msp432_Timer_periodicStub__E)
                  000073f0    000000a4     line.obj (.text:Graphics_drawLineH)
                  00007494    000000a0     auto_init.aem4f : auto_init.oem4f (.text)
                  00007534    000000a0     ti.targets.arm.rtsarm.aem4f : Text.oem4f (.text:xdc_runtime_Text_putMod__E)
                  000075d4    0000009c     rtsv7M4_T_le_v4SPD16_eabi.lib : memcpy_t2.obj (.text)
                  00007670    0000009c     sysbios.aem4f : BIOS.obj (.text:ti_sysbios_knl_Semaphore_Instance_init__E)
                  0000770c    00000004     Robot_pem4f.oem4f (.text:ti_sysbios_family_arm_m3_TaskSupport_Module__startupDone__S)
                  00007710    0000009c     sysbios.aem4f : BIOS.obj (.text:ti_sysbios_knl_Task_postInit__I)
                  000077ac    0000009a     ti.targets.arm.rtsarm.aem4f : Text.oem4f (.text:xdc_runtime_Text_putSite__E)
                  00007846    00000002     --HOLE-- [fill = 0]
                  00007848    00000098     rtsv7M4_T_le_v4SPD16_eabi.lib : fclose.obj (.text)
                  000078e0    00000098                                   : fputc.obj (.text)
                  00007978    00000094     sysbios.aem4f : BIOS.obj (.text:ti_sysbios_family_arm_m3_Hwi_Instance_init__E)
                  00007a0c    00000004     Robot_pem4f.oem4f (.text:ti_sysbios_heaps_HeapMem_Module_GateProxy_enter__E)
                  00007a10    00000094     sysbios.aem4f : BIOS.obj (.text:ti_sysbios_family_arm_m3_Hwi_initNVIC__E)
                  00007aa4    00000094     motor.obj (.text:turn90)
                  00007b38    00000092     drivers_MSP432P401R.aem4f : I2CMSP432.oem4f (.text:I2CMSP432_cancel)
                  00007bca    00000092                               : PWMTimerMSP432.oem4f (.text:PWMTimerMSP432_setPeriod)
                  00007c5c    00000090     Sharp96x96.obj (.text:Sharp96x96_LineDrawV)
                  00007cec    0000008c     drivers_MSP432P401R.aem4f : I2CMSP432.oem4f (.text:I2CMSP432_transfer)
                  00007d78    0000008c     sysbios.aem4f : m3_TaskSupport_asm.obj (.text:ti_sysbios_family_arm_m3_TaskSupport_buildTaskStack)
                  00007e04    00000089     Range_Read.obj (.text:Switch_Open)
                  00007e8d    00000001     --HOLE-- [fill = 0]
                  00007e8e    00000088     msp432p4xx_driverlib.lib : spi.o (.text:SPI_initMaster)
                  00007f16    00000002     --HOLE-- [fill = 0]
                  00007f18    00000088     sysbios.aem4f : BIOS.obj (.text:ti_sysbios_family_arm_msp432_Timer_Module_startup__E)
                  00007fa0    00000086     rtsv7M4_T_le_v4SPD16_eabi.lib : fd_cmp_t2.obj (.text:__aeabi_cdcmple)
                  00008026    00000086                                   : fd_cmp_t2.obj (.text:__aeabi_cdrcmple)
                  000080ac    00000084     drivers_MSP432P401R.aem4f : PWMTimerMSP432.oem4f (.text:PWMTimerMSP432_setDuty)
                  00008130    00000084     sysbios.aem4f : BIOS.obj (.text:ti_sysbios_family_arm_m3_Hwi_postInit__I)
                  000081b4    00000080     Sharp96x96.obj (.text:Sharp96x96_SendToggleVCOMCommand)
                  00008234    0000007c     msp432p4xx_driverlib.lib : pcm.o (.text:PCM_gotoLPM3)
                  000082b0    0000007c     Sharp96x96.obj (.text:Sharp96x96_ClearScreen)
                  0000832c    0000007c     Sharp96x96.obj (.text:Sharp96x96_DrawMultiple)
                  000083a8    0000007a     rtsv7M4_T_le_v4SPD16_eabi.lib : memset_t2.obj (.text)
                  00008422    00000002     --HOLE-- [fill = 0]
                  00008424    00000078     motor.obj (.text:go_straight)
                  0000849c    00000077     Range_Read.obj (.text:VL6180X_W)
                  00008513    00000001     --HOLE-- [fill = 0]
                  00008514    00000073     Range_Read.obj (.text:VL6180X_R)
                  00008587    00000001     --HOLE-- [fill = 0]
                  00008588    00000070     rtsv7M4_T_le_v4SPD16_eabi.lib : printf.obj (.text)
                  000085f8    00000070     sysbios.aem4f : BIOS.obj (.text:ti_sysbios_knl_Task_exit__E)
                  00008668    0000006e     rtsv7M4_T_le_v4SPD16_eabi.lib : fd_tos_t2.obj (.text)
                  000086d6    00000002     --HOLE-- [fill = 0]
                  000086d8    0000006d     ti.targets.arm.rtsarm.aem4f : System.oem4f (.text:xdc_runtime_System_formatNum__I)
                  00008745    00000003     --HOLE-- [fill = 0]
                  00008748    0000006c     sysbios.aem4f : BIOS.obj (.text:ti_sysbios_knl_Clock_workFunc__E)
                  000087b4    00000004     Robot_pem4f.oem4f (.text:ti_sysbios_heaps_HeapMem_Module_GateProxy_leave__E)
                  000087b8    0000006c     sysbios.aem4f : BIOS.obj (.text:ti_sysbios_knl_Swi_restoreHwi__E)
                  00008824    0000006c     ti.targets.arm.rtsarm.aem4f : Error.oem4f (.text:xdc_runtime_Error_print__E)
                  00008890    0000006c                                 : Memory.oem4f (.text:xdc_runtime_Memory_alloc__E)
                  000088fc    00000068     Sharp96x96.obj (.text:Sharp96x96_PixelDraw)
                  00008964    00000068     rtsv7M4_T_le_v4SPD16_eabi.lib : copy_decompress_lzss.obj (.text:decompress:lzss)
                  000089cc    00000068     drivers_MSP432P401R.aem4f : I2CMSP432.oem4f (.text:primeTransfer)
                  00008a34    00000068     rtsv7M4_T_le_v4SPD16_eabi.lib : trgmsg.obj (.text)
                  00008a9c    00000066     drivers_MSP432P401R.aem4f : I2CMSP432.oem4f (.text:I2CMSP432_close)
                  00008b02    00000066     ti.targets.arm.rtsarm.aem4f : Core-mem.oem4f (.text:xdc_runtime_Core_deleteObject__I)
                  00008b68    00000064     rtsv7M4_T_le_v4SPD16_eabi.lib : fseek.obj (.text)
                  00008bcc    00000064                                   : s_frexp.obj (.text)
                  00008c30    00000064     sysbios.aem4f : BIOS.obj (.text:ti_sysbios_family_arm_m3_Hwi_dispatchC__I)
                  00008c94    00000064     timer2.obj (.text:timer2Fxn)
                  00008cf8    00000062     tirtosport.aem4f : HwiP_tirtos.oem4f (.text:HwiP_create)
                  00008d5a    00000062     Sharp96x96utils.obj (.text:reverse)
                  00008dbc    00000060     rtsv7M4_T_le_v4SPD16_eabi.lib : sprintf.obj (.text)
                  00008e1c    00000004     Robot_pem4f.oem4f (.text:ti_sysbios_knl_Clock_TimerProxy_getMaxTicks__E)
                  00008e20    00000060     sysbios.aem4f : BIOS.obj (.text:ti_sysbios_knl_Task_schedule__I)
                  00008e80    0000005c     drivers_MSP432P401R.aem4f : GPIOMSP432.oem4f (.text:GPIO_init)
                  00008edc    00000004     Robot_pem4f.oem4f (.text:ti_sysbios_knl_Queue_destruct)
                  00008ee0    0000005c     sysbios.aem4f : BIOS.obj (.text:ti_sysbios_knl_Swi_run__I)
                  00008f3c    00000004     Robot_pem4f.oem4f (.text:ti_sysbios_knl_Semaphore_destruct)
                  00008f40    0000005c     sysbios.aem4f : BIOS.obj (.text:ti_sysbios_knl_Swi_schedule__I)
                  00008f9c    00000004     ti.targets.arm.rtsarm.aem4f : Error.oem4f (.text:xdc_runtime_Error_getSite__E)
                  00008fa0    0000005c     sysbios.aem4f : BIOS.obj (.text:ti_sysbios_knl_Task_Module_startup__E)
                  00008ffc    00000004     Robot_pem4f.oem4f (.text:xdc_runtime_System_Module_GateProxy_enter__E)
                  00009000    0000005c     sysbios.aem4f : BIOS.obj (.text:ti_sysbios_knl_Task_startCore__E)
                  0000905c    0000005b     ti.targets.arm.rtsarm.aem4f : Text.oem4f (.text:xdc_runtime_Text_putLab__E)
                  000090b7    00000001     --HOLE-- [fill = 0]
                  000090b8    00000058     tirtosport.aem4f : SemaphoreP_tirtos.oem4f (.text:SemaphoreP_create)
                  00009110    00000058     Sharp96x96.obj (.text:Sharp96x96_InitializeDisplayBuffer)
                  00009168    00000058     boot.aem4f : boot.oem4f (.text)
                  000091c0    00000058     Robot_pem4f.oem4f (.text:ti_sysbios_family_arm_m3_Hwi_construct)
                  00009218    00000058     sysbios.aem4f : m3_Hwi_asm_switch.obj (.text:ti_sysbios_family_arm_m3_Hwi_initStacks__E)
                  00009270    00000054     drivers_MSP432P401R.aem4f : GPIOMSP432.oem4f (.text:GPIO_hwiIntFxn)
                  000092c4    00000054                               : GPIOMSP432.oem4f (.text:GPIO_setCallback)
                  00009318    00000054                               : PWMTimerMSP432.oem4f (.text:PWMTimerMSP432_stop)
                  0000936c    00000054     Sharp96x96.obj (.text:Sharp96x96_LCDInit)
                  000093c0    00000054     drivers_MSP432P401R.aem4f : I2CMSP432.oem4f (.text:initHw)
                  00009414    00000054     rtsv7M4_T_le_v4SPD16_eabi.lib : exit.obj (.text)
                  00009468    00000054                                   : ltoa.obj (.text)
                  000094bc    00000004     Robot_pem4f.oem4f (.text:xdc_runtime_System_Module_GateProxy_leave__E)
                  000094c0    00000054     sysbios.aem4f : BIOS.obj (.text:ti_sysbios_family_arm_msp432_Timer_initDevice__I)
                  00009514    00000004     ti.targets.arm.rtsarm.aem4f : System.oem4f (.text:xdc_runtime_System_aprintf_va__F)
                  00009518    00000054     sysbios.aem4f : BIOS.obj (.text:ti_sysbios_family_arm_msp432_init_Boot_configureClocksHigh)
                  0000956c    00000054     Robot_pem4f.oem4f (.text:ti_sysbios_knl_Task_construct)
                  000095c0    00000054     ti.targets.arm.rtsarm.aem4f : Assert.oem4f (.text:xdc_runtime_Assert_raise__I)
                  00009614    00000050     drivers_MSP432P401R.aem4f : GPIOMSP432.oem4f (.text:GPIO_write)
                  00009664    00000050     msp432p4xx_driverlib.lib : pcm.o (.text:PCM_shutdownDevice)
                  000096b4    00000050     drivers_MSP432P401R.aem4f : PWMTimerMSP432.oem4f (.text:PWMTimerMSP432_close)
                  00009704    00000004     ti.targets.arm.rtsarm.aem4f : System.oem4f (.text:xdc_runtime_System_printf_va__F)
                  00009708    00000050     sysbios.aem4f : BIOS.obj (.text:ti_sysbios_family_arm_m3_Hwi_Module_startup__E)
                  00009758    00000050     ti.targets.arm.rtsarm.aem4f : Startup.oem4f (.text:xdc_runtime_Startup_exec__E)
                  000097a8    00000050                                 : Text.oem4f (.text:xdc_runtime_Text_visitRope2__I)
                  000097f8    0000004c     msp432p4xx_driverlib.lib : gpio.o (.text:GPIO_setAsPeripheralModuleFunctionOutputPin)
                  00009844    0000004c     rtsv7M4_T_le_v4SPD16_eabi.lib : atoi.obj (.text)
                  00009890    0000004c                                   : cpy_tbl.obj (.text)
                  000098dc    00000004     --HOLE-- [fill = 0]
                  000098e0    0000004c     sysbios.aem4f : BIOS.obj (.text:ti_sysbios_family_arm_msp432_Timer_start__E)
                  0000992c    00000004     --HOLE-- [fill = 0]
                  00009930    0000004c                   : BIOS.obj (.text:ti_sysbios_heaps_HeapMem_getStats__E)
                  0000997c    00000004     --HOLE-- [fill = 0]
                  00009980    0000004c                   : BIOS.obj (.text:ti_sysbios_knl_Swi_runLoop__I)
                  000099cc    00000004     --HOLE-- [fill = 0]
                  000099d0    0000004c                   : BIOS.obj (.text:ti_sysbios_knl_Task_allBlockedFunction__I)
                  00009a1c    0000004a     context.obj (.text:Graphics_initContext)
                  00009a66    00000048     msp432p4xx_driverlib.lib : timer_a.o (.text:Timer_A_generatePWM)
                  00009aae    00000048     rtsv7M4_T_le_v4SPD16_eabi.lib : fd_toi_t2.obj (.text)
                  00009af6    00000002     --HOLE-- [fill = 0]
                  00009af8    00000048     sysbios.aem4f : BIOS.obj (.text:ti_sysbios_family_arm_m3_Hwi_disableInterrupt__E)
                  00009b40    00000048                   : BIOS.obj (.text:ti_sysbios_family_arm_m3_Hwi_enableInterrupt__E)
                  00009b88    00000048                   : BIOS.obj (.text:ti_sysbios_family_arm_m3_Hwi_excReserved__I)
                  00009bd0    00000046     ti.targets.arm.rtsarm.aem4f : Core-params.oem4f (.text:xdc_runtime_Core_assignParams__I)
                  00009c16    00000002     --HOLE-- [fill = 0]
                  00009c18    00000044     MSP_EXP432P401R.obj (.text:MSP_EXP432P401R_initPWM)
                  00009c5c    00000044     drivers_MSP432P401R.aem4f : PowerMSP432.oem4f (.text:Power_init)
                  00009ca0    00000044     sysbios.aem4f : BIOS.obj (.text:ti_sysbios_family_arm_m3_Hwi_getStackInfo__E)
                  00009ce4    00000004     --HOLE-- [fill = 0]
                  00009ce8    00000044                   : BIOS.obj (.text:ti_sysbios_knl_Swi_post__E)
                  00009d2c    00000044     ti.targets.arm.rtsarm.aem4f : Error.oem4f (.text:xdc_runtime_Error_setX__E)
                  00009d70    00000044                                 : SysMin.oem4f (.text:xdc_runtime_SysMin_flush__E)
                  00009db4    00000044                                 : Text.oem4f (.text:xdc_runtime_Text_xprintf__I)
                  00009df8    00000042     drivers_MSP432P401R.aem4f : I2CMSP432.oem4f (.text:completeTransfer)
                  00009e3a    00000002     --HOLE-- [fill = 0]
                  00009e3c    00000040     msp432p4xx_driverlib.lib : flash.o (.text:FlashCtl_disableReadBuffering)
                  00009e7c    00000040     string.obj (.text:Graphics_getNumberOfLeadingZeros)
                  00009ebc    00000040     msp432p4xx_driverlib.lib : i2c.o (.text:I2C_masterSendMultiByteFinish)
                  00009efc    00000040     drivers_MSP432P401R.aem4f : PWMTimerMSP432.oem4f (.text:PWMTimerMSP432_start)
                  00009f3c    00000040                               : PowerMSP432.oem4f (.text:notify)
                  00009f7c    00000040     rtsv7M4_T_le_v4SPD16_eabi.lib : u_divt2.obj (.text)
                  00009fbc    00000004     --HOLE-- [fill = 0]
                  00009fc0    00000040     sysbios.aem4f : BIOS.obj (.text:ti_sysbios_family_arm_msp432_Timer_startup__E)
                  0000a000    0000003e     msp432p4xx_driverlib.lib : i2c.o (.text:I2C_initMaster)
                  0000a03e    00000002     --HOLE-- [fill = 0]
                  0000a040    0000003c     MSP_EXP432P401R.obj (.text:MSP_EXP432P401R_initI2C)
                  0000a07c    0000003c     power_tirtos_MSP432P401R.aem4f : PowerMSP432_tirtos.oem4f (.text:PowerMSP432_sleepPolicy)
                  0000a0b8    0000003c     drivers_MSP432P401R.aem4f : PWMTimerMSP432.oem4f (.text:getPeriodCounts)
                  0000a0f4    00000004     --HOLE-- [fill = 0]
                  0000a0f8    0000003c     sysbios.aem4f : BIOS.obj (.text:ti_sysbios_family_arm_m3_Hwi_excSvCall__I)
                  0000a134    00000004     --HOLE-- [fill = 0]
                  0000a138    0000003c                   : BIOS.obj (.text:ti_sysbios_heaps_HeapMem_init__I)
                  0000a174    00000004     --HOLE-- [fill = 0]
                  0000a178    0000003c                   : BIOS.obj (.text:ti_sysbios_knl_Swi_restore__E)
                  0000a1b4    00000038     drivers_MSP432P401R.aem4f : I2C.oem4f (.text:I2C_init)
                  0000a1ec    00000038                               : PWM.oem4f (.text:PWM_init)
                  0000a224    00000038                               : PWMTimerMSP432.oem4f (.text:getDutyCounts)
                  0000a25c    00000038                               : I2CMSP432.oem4f (.text:perfChangeNotifyFxn)
                  0000a294    00000038     rtsv7M4_T_le_v4SPD16_eabi.lib : fs_tod_t2.obj (.text)
                  0000a2cc    00000004     --HOLE-- [fill = 0]
                  0000a2d0    00000038     sysbios.aem4f : BIOS.obj (.text:ti_sysbios_family_arm_m3_Hwi_excNoIsr__I)
                  0000a308    00000038                   : BIOS.obj (.text:ti_sysbios_knl_Task_processVitalTaskFlag__I)
                  0000a340    00000038     ti.targets.arm.rtsarm.aem4f : SysMin.oem4f (.text:xdc_runtime_SysMin_putch__E)
                  0000a378    00000038                                 : System.oem4f (.text:xdc_runtime_System_atexit__E)
                  0000a3b0    00000036     rtsv7M4_T_le_v4SPD16_eabi.lib : strncpy.obj (.text)
                  0000a3e6    00000002     --HOLE-- [fill = 0]
                  0000a3e8    00000034     msp432p4xx_driverlib.lib : flash.o (.text:FlashCtl_enableReadBuffering)
                  0000a41c    00000004     --HOLE-- [fill = 0]
                  0000a420    00000034     sysbios.aem4f : BIOS.obj (.text:ti_sysbios_family_arm_m3_Hwi_Instance_finalize__E)
                  0000a454    00000004     --HOLE-- [fill = 0]
                  0000a458    00000034                   : BIOS.obj (.text:ti_sysbios_family_arm_m3_Hwi_excNmi__I)
                  0000a48c    00000004     --HOLE-- [fill = 0]
                  0000a490    00000034                   : BIOS.obj (.text:ti_sysbios_hal_Hwi_checkStack)
                  0000a4c4    00000034     ti.targets.arm.rtsarm.aem4f : Core-label.oem4f (.text:xdc_runtime_Core_assignLabel__I)
                  0000a4f8    00000033                                 : Text.oem4f (.text:xdc_runtime_Text_printVisFxn__I)
                  0000a52b    00000005     --HOLE-- [fill = 0]
                  0000a530    00000032     sysbios.aem4f : BIOS.obj (.text:ti_sysbios_hal_Hwi_initStack)
                  0000a562    00000002     --HOLE-- [fill = 0]
                  0000a564    00000030     msp432p4xx_driverlib.lib : gpio.o (.text:GPIO_getEnabledInterruptStatus)
                  0000a594    00000030                              : gpio.o (.text:GPIO_setAsInputPinWithPullDownResistor)
                  0000a5c4    00000030                              : gpio.o (.text:GPIO_setAsInputPinWithPullUpResistor)
                  0000a5f4    00000030     drivers_MSP432P401R.aem4f : I2C.oem4f (.text:I2C_open)
                  0000a624    00000030                               : PWM.oem4f (.text:PWM_open)
                  0000a654    00000030     msp432p4xx_driverlib.lib : spi.o (.text:is_A_Module)
                  0000a684    00000030     Robot_pem4f.oem4f (.text:ti_sysbios_BIOS_atExitFunc__I)
                  0000a6b4    00000030     Robot_pem4f.oem4f (.text:ti_sysbios_BIOS_startFunc__I)
                  0000a6e4    00000004     --HOLE-- [fill = 0]
                  0000a6e8    00000030     sysbios.aem4f : BIOS.obj (.text:ti_sysbios_family_arm_m3_TaskSupport_start__E)
                  0000a718    00000030     Robot_pem4f.oem4f (.text:ti_sysbios_gates_GateHwi_Object__create__S)
                  0000a748    00000030     Robot_pem4f.oem4f (.text:ti_sysbios_gates_GateMutex_Object__create__S)
                  0000a778    00000030     Robot_pem4f.oem4f (.text:ti_sysbios_heaps_HeapMem_Object__create__S)
                  0000a7a8    00000030     Robot_pem4f.oem4f (.text:ti_sysbios_knl_Semaphore_construct)
                  0000a7d8    00000030     sysbios.aem4f : BIOS.obj (.text:ti_sysbios_knl_Semaphore_pendTimeout__I)
                  0000a808    00000030                   : BIOS.obj (.text:ti_sysbios_knl_Task_unblockI__E)
                  0000a838    00000030     ti.targets.arm.rtsarm.aem4f : SysMin.oem4f (.text:xdc_runtime_SysMin_abort__E)
                  0000a868    00000030                                 : System.oem4f (.text:xdc_runtime_System_processAtExit__E)
                  0000a898    0000002e     Robot_pem4f.oem4f (.text:malloc)
                  0000a8c6    0000002e     rtsv7M4_T_le_v4SPD16_eabi.lib : i_tofd_t2.obj (.text)
                  0000a8f4    0000002c     msp432p4xx_driverlib.lib : gpio.o (.text:GPIO_setAsInputPin)
                  0000a920    0000002c                              : pcm.o (.text:PCM_getCoreVoltageLevel)
                  0000a94c    0000002c     power_tirtos_MSP432P401R.aem4f : PowerMSP432_tirtos.oem4f (.text:PowerMSP432_updateFreqs)
                  0000a978    0000002c     drivers_MSP432P401R.aem4f : PowerMSP432.oem4f (.text:Power_releaseConstraint)
                  0000a9a4    0000002c                               : PowerMSP432.oem4f (.text:Power_setConstraint)
                  0000a9d0    0000002c     Robot_pem4f.oem4f (.text:ti_sysbios_knl_Clock_doTick__I)
                  0000a9fc    0000002c     Robot_pem4f.oem4f (.text:ti_sysbios_knl_Queue_construct)
                  0000aa28    0000002c     sysbios.aem4f : BIOS.obj (.text:ti_sysbios_knl_Task_restore__E)
                  0000aa54    0000002c     ti.targets.arm.rtsarm.aem4f : Text.oem4f (.text:xdc_runtime_Text_cordText__E)
                  0000aa80    0000002a     msp432p4xx_driverlib.lib : pcm.o (.text:PCM_getPowerMode)
                  0000aaaa    0000002a     ti.targets.arm.rtsarm.aem4f : System.oem4f (.text:xdc_runtime_System_putchar__I)
                  0000aad4    00000028     msp432p4xx_driverlib.lib : flash.o (.text:FlashCtl_setWaitState)
                  0000aafc    00000028     drivers_MSP432P401R.aem4f : GPIOMSP432.oem4f (.text:GPIO_enableInt)
                  0000ab24    00000028     msp432p4xx_driverlib.lib : pcm.o (.text:PCM_gotoLPM0)
                  0000ab4c    00000004     --HOLE-- [fill = 0]
                  0000ab50    00000028     sysbios.aem4f : BIOS.obj (.text:ti_sysbios_knl_Swi_Module_startup__E)
                  0000ab78    00000026     drivers_MSP432P401R.aem4f : List.oem4f (.text:List_put)
                  0000ab9e    00000026     sysbios.aem4f : m3_Hwi_asm.obj (.text:ti_sysbios_family_arm_m3_Hwi_pendSV__I)
                  0000abc4    00000026     ti.targets.arm.rtsarm.aem4f : System.oem4f (.text:xdc_runtime_System_avprintf__E)
                  0000abea    00000002     --HOLE-- [fill = 0]
                  0000abec    00000024     msp432p4xx_driverlib.lib : cs.o (.text:CS_setDCOCenteredFrequency)
                  0000ac10    00000024                              : gpio.o (.text:GPIO_setAsOutputPin)
                  0000ac34    00000024                              : i2c.o (.text:I2C_masterSendMultiByteNext)
                  0000ac58    00000024                              : rtc_c.o (.text:RTC_C_holdClock)
                  0000ac7c    00000024                              : rtc_c.o (.text:RTC_C_startClock)
                  0000aca0    00000024     Robot_pem4f.oem4f (.text:ti_sysbios_BIOS_errorRaiseHook__I)
                  0000acc4    00000024     Robot_pem4f.oem4f (.text:ti_sysbios_BIOS_registerRTSLock__I)
                  0000ace8    00000024     Robot_pem4f.oem4f (.text:ti_sysbios_BIOS_removeRTSLock__I)
                  0000ad0c    00000004     --HOLE-- [fill = 0]
                  0000ad10    00000024     sysbios.aem4f : BIOS.obj (.text:ti_sysbios_family_arm_msp432_ClockFreqs_setFrequency__E)
                  0000ad34    00000024     Robot_pem4f.oem4f (.text:ti_sysbios_gates_GateMutex_Object__delete__S)
                  0000ad58    00000024     sysbios.aem4f : BIOS.obj (.text:ti_sysbios_knl_Clock_Module_startup__E)
                  0000ad7c    00000004     --HOLE-- [fill = 0]
                  0000ad80    00000024                   : BIOS.obj (.text:ti_sysbios_knl_Task_restoreHwi__E)
                  0000ada4    00000024     ti.targets.arm.rtsarm.aem4f : System.oem4f (.text:xdc_runtime_System_vprintf__E)
                  0000adc8    00000022     Robot_pem4f.oem4f (.text:xdc_runtime_SysMin_output__I)
                  0000adea    00000002     --HOLE-- [fill = 0]
                  0000adec    00000020     msp432p4xx_driverlib.lib : gpio.o (.text:GPIO_interruptEdgeSelect)
                  0000ae0c    00000020     drivers_MSP432P401R.aem4f : PowerMSP432.oem4f (.text:PowerMSP432_getFreqs)
                  0000ae2c    00000020                               : PowerMSP432.oem4f (.text:Power_unregisterNotify)
                  0000ae4c    00000020     msp432p4xx_driverlib.lib : spi.o (.text:SPI_transmitData)
                  0000ae6c    00000020     rtsv7M4_T_le_v4SPD16_eabi.lib : memchr.obj (.text)
                  0000ae8c    00000020                                   : u_tofd_t2.obj (.text)
                  0000aeac    00000020     Robot_pem4f.oem4f (.text:ti_sysbios_BIOS_rtsLock__I)
                  0000aecc    00000020     sysbios.aem4f : m3_Hwi_asm.obj (.text:ti_sysbios_family_arm_m3_Hwi_excHandlerAsm__I)
                  0000aeec    00000004     --HOLE-- [fill = 0]
                  0000aef0    00000020                   : BIOS.obj (.text:ti_sysbios_family_arm_m3_Hwi_excHandler__I)
                  0000af10    00000020     Robot_pem4f.oem4f (.text:ti_sysbios_gates_GateHwi_Object__delete__S)
                  0000af30    00000020     Robot_pem4f.oem4f (.text:ti_sysbios_heaps_HeapMem_Object__delete__S)
                  0000af50    00000020     sysbios.aem4f : BIOS.obj (.text:ti_sysbios_knl_Idle_run__E)
                  0000af70    00000020     Robot_pem4f.oem4f (.text:ti_sysbios_knl_Semaphore_Object__destruct__S)
                  0000af90    00000020     ti.targets.arm.rtsarm.aem4f : Registry.oem4f (.text:xdc_runtime_Registry_findById__E)
                  0000afb0    00000020                                 : SysMin.oem4f (.text:xdc_runtime_SysMin_Module_startup__E)
                  0000afd0    0000001e     drivers_MSP432P401R.aem4f : PWMTimerMSP432.oem4f (.text:corroboratePeriod)
                  0000afee    0000001e     sysbios.aem4f : m3_Hwi_asm_switch.obj (.text:ti_sysbios_family_xxx_Hwi_switchAndRunFunc)
                  0000b00c    0000001c     msp432p4xx_driverlib.lib : spi.o (.text:EUSCI_B_SPI_isBusy)
                  0000b028    0000001c     motor.obj (.text:LHMotorChannelAFallingFxn)
                  0000b044    0000001c     msp432p4xx_driverlib.lib : pcm.o (.text:PCM_enableRudeMode)
                  0000b060    0000001c     drivers_MSP432P401R.aem4f : PowerMSP432.oem4f (.text:Power_registerNotify)
                  0000b07c    0000001c     motor.obj (.text:RHMotorChannelAFallingFxn)
                  0000b098    0000001c     rtsv7M4_T_le_v4SPD16_eabi.lib : memccpy.obj (.text)
                  0000b0b4    0000001c     Robot_pem4f.oem4f (.text:ti_sysbios_family_arm_m3_Hwi_Object__destruct__S)
                  0000b0d0    0000001c     sysbios.aem4f : BIOS.obj (.text:ti_sysbios_gates_GateMutex_Instance_init__E)
                  0000b0ec    0000001c     Robot_pem4f.oem4f (.text:ti_sysbios_knl_Queue_Object__destruct__S)
                  0000b108    0000001c     sysbios.aem4f : BIOS.obj (.text:ti_sysbios_knl_Queue_put__E)
                  0000b124    00000004     --HOLE-- [fill = 0]
                  0000b128    0000001c                   : BIOS.obj (.text:ti_sysbios_knl_Task_enter__I)
                  0000b144    0000001c     ti.targets.arm.rtsarm.aem4f : Error.oem4f (.text:xdc_runtime_Error_raiseX__E)
                  0000b160    0000001c                                 : Memory.oem4f (.text:xdc_runtime_Memory_valloc__E)
                  0000b17c    0000001c                                 : SysMin.oem4f (.text:xdc_runtime_SysMin_exit__E)
                  0000b198    0000001c                                 : System.oem4f (.text:xdc_runtime_System_abort__E)
                  0000b1b4    0000001a     drivers_MSP432P401R.aem4f : List.oem4f (.text:List_remove)
                  0000b1ce    0000001a     msp432p4xx_driverlib.lib : spi.o (.text:SPI_enableModule)
                  0000b1e8    0000001a     Robot_pem4f.oem4f (.text:ti_sysbios_family_arm_m3_Hwi_Handle__label__S)
                  0000b202    0000001a     Robot_pem4f.oem4f (.text:ti_sysbios_gates_GateHwi_Handle__label__S)
                  0000b21c    0000001a     Robot_pem4f.oem4f (.text:ti_sysbios_gates_GateMutex_Handle__label__S)
                  0000b236    0000001a     Robot_pem4f.oem4f (.text:ti_sysbios_heaps_HeapMem_Handle__label__S)
                  0000b250    0000001a     Robot_pem4f.oem4f (.text:ti_sysbios_knl_Swi_Handle__label__S)
                  0000b26a    0000001a     Robot_pem4f.oem4f (.text:ti_sysbios_knl_Task_Handle__label__S)
                  0000b284    0000001a     Robot_pem4f.oem4f (.text:xdc_runtime_System_aprintf__E)
                  0000b29e    0000001a     Robot_pem4f.oem4f (.text:xdc_runtime_System_printf__E)
                  0000b2b8    00000018     msp432p4xx_driverlib.lib : gpio.o (.text:GPIO_clearInterruptFlag)
                  0000b2d0    00000018                              : gpio.o (.text:GPIO_setDriveStrengthLow)
                  0000b2e8    00000018                              : gpio.o (.text:GPIO_setOutputLowOnPin)
                  0000b300    00000018                              : i2c.o (.text:I2C_masterIsStartSent)
                  0000b318    00000018                              : wdt_a.o (.text:WDT_A_holdTimer)
                  0000b330    00000018     drivers_MSP432P401R.aem4f : PWMTimerMSP432.oem4f (.text:corroborateDuty)
                  0000b348    00000018     Robot_pem4f.oem4f (.text:free)
                  0000b360    00000018     rtsv7M4_T_le_v4SPD16_eabi.lib : args_main.obj (.text)
                  0000b378    00000018                                   : strcmp.obj (.text)
                  0000b390    00000018     Robot_pem4f.oem4f (.text:ti_sysbios_BIOS_rtsUnlock__I)
                  0000b3a8    00000018     Robot_pem4f.oem4f (.text:ti_sysbios_family_arm_m3_Hwi_Module__startupDone__F)
                  0000b3c0    00000018     sysbios.aem4f : m3_TaskSupport_asm.obj (.text:ti_sysbios_family_arm_m3_TaskSupport_swap__E)
                  0000b3d8    00000018     Robot_pem4f.oem4f (.text:ti_sysbios_family_arm_msp432_Timer_Module__startupDone__F)
                  0000b3f0    00000018     sysbios.aem4f : BIOS.obj (.text:ti_sysbios_gates_GateMutex_leave__E)
                  0000b408    00000018                   : BIOS.obj (.text:ti_sysbios_knl_Task_sleepTimeout__I)
                  0000b420    00000018     ti.targets.arm.rtsarm.aem4f : Error.oem4f (.text:xdc_runtime_Error_check__E)
                  0000b438    00000018                                 : System.oem4f (.text:xdc_runtime_System_exit__E)
                  0000b450    00000018                                 : Text.oem4f (.text:xdc_runtime_Text_ropeText__E)
                  0000b468    00000016     tirtosport.aem4f : HwiP_tirtos.oem4f (.text:HwiP_delete)
                  0000b47e    00000016                      : SemaphoreP_tirtos.oem4f (.text:SemaphoreP_delete)
                  0000b494    00000016     rtsv7M4_T_le_v4SPD16_eabi.lib : strchr.obj (.text)
                  0000b4aa    00000016     Robot_pem4f.oem4f (.text:ti_sysbios_BIOS_exitFunc__I)
                  0000b4c0    00000016     main.obj (.text:ti_sysbios_knl_Task_Params_init)
                  0000b4d6    00000002     --HOLE-- [fill = 0]
                  0000b4d8    00000014     msp432p4xx_driverlib.lib : gpio.o (.text:GPIO_enableInterrupt)
                  0000b4ec    00000014                              : gpio.o (.text:GPIO_setDriveStrengthHigh)
                  0000b500    00000014                              : gpio.o (.text:GPIO_setOutputHighOnPin)
                  0000b514    00000014     drivers_MSP432P401R.aem4f : PWM.oem4f (.text:PWM_Params_init)
                  0000b528    00000014                               : PowerMSP432.oem4f (.text:Power_idleFunc)
                  0000b53c    00000014     Sharp96x96.obj (.text:Sharp96x96_ClearBuffer)
                  0000b550    00000014     msp432p4xx_driverlib.lib : wdt_a.o (.text:WDT_A_startTimer)
                  0000b564    00000014     buttons.obj (.text:gpioButtonFxn0)
                  0000b578    00000014     buttons.obj (.text:gpioButtonFxn1)
                  0000b58c    00000014     rtsv7M4_T_le_v4SPD16_eabi.lib : _lock.obj (.text)
                  0000b5a0    00000014                                   : s_copysign.obj (.text)
                  0000b5b4    00000014                                   : strcpy.obj (.text)
                  0000b5c8    00000014                                   : strlen.obj (.text)
                  0000b5dc    00000014     Robot_pem4f.oem4f (.text:ti_sysbios_family_arm_m3_Hwi_Object__get__S)
                  0000b5f0    00000014     sysbios.aem4f : BIOS.obj (.text:ti_sysbios_family_arm_m3_Hwi_switchFromBootStack__E)
                  0000b604    00000014     Robot_pem4f.oem4f (.text:ti_sysbios_heaps_HeapMem_Object__get__S)
                  0000b618    00000014     Robot_pem4f.oem4f (.text:ti_sysbios_knl_Swi_Object__get__S)
                  0000b62c    00000012     tirtosport.aem4f : SemaphoreP_tirtos.oem4f (.text:SemaphoreP_pend)
                  0000b63e    00000012     Sharp96x96.obj (.text:Sharp96x96_ColorTranslate)
                  0000b650    00000012     heartBeatTask.obj (.text:heartBeatTaskFxn)
                  0000b662    00000006     drivers_MSP432P401R.aem4f : I2CMSP432.oem4f (.text:I2CMSP432_control)
                  0000b668    00000012     sysbios.aem4f : BIOS.obj (.text:ti_sysbios_hal_Hwi_Module_startup__E)
                  0000b67a    00000006     msp432p4xx_driverlib.lib : i2c.o (.text:I2C_getEnabledInterruptStatus)
                  0000b680    00000012     sysbios.aem4f : BIOS.obj (.text:ti_sysbios_hal_Timer_Module_startup__E)
                  0000b692    00000012     Robot_pem4f.oem4f (.text:xdc_runtime_Startup_exec__I)
                  0000b6a4    00000010     msp432p4xx_driverlib.lib : gpio.o (.text:GPIO_getInterruptStatus)
                  0000b6b4    00000010     drivers_MSP432P401R.aem4f : I2C.oem4f (.text:I2C_Params_init)
                  0000b6c4    00000010     msp432p4xx_driverlib.lib : i2c.o (.text:I2C_masterReceiveMultiByteStop)
                  0000b6d4    00000010                              : i2c.o (.text:I2C_masterReceiveStart)
                  0000b6e4    00000010                              : i2c.o (.text:I2C_masterSendStart)
                  0000b6f4    00000010                              : pcm.o (.text:PCM_gotoLPM4)
                  0000b704    00000004     --HOLE-- [fill = 0]
                  0000b708    00000010     sysbios.aem4f : BIOS.obj (.text:ti_sysbios_BIOS_setCpuFreq__E)
                  0000b718    00000010                   : BIOS.obj (.text:ti_sysbios_BIOS_setThreadType__E)
                  0000b728    00000010                   : BIOS.obj (.text:ti_sysbios_BIOS_start__E)
                  0000b738    00000010                   : m3_TaskSupport_asm.obj (.text:ti_sysbios_family_arm_m3_TaskSupport_glue)
                  0000b748    00000010                   : BIOS.obj (.text:ti_sysbios_family_arm_msp432_init_Boot_disableWatchdog)
                  0000b758    00000010                   : BIOS.obj (.text:ti_sysbios_gates_GateMutex_Instance_finalize__E)
                  0000b768    00000010                   : BIOS.obj (.text:ti_sysbios_knl_Semaphore_Instance_finalize__E)
                  0000b778    00000010                   : BIOS.obj (.text:ti_sysbios_knl_Swi_disable__E)
                  0000b788    00000010     Robot_pem4f.oem4f (.text:ti_sysbios_knl_Task_Object__get__S)
                  0000b798    00000010     sysbios.aem4f : BIOS.obj (.text:ti_sysbios_knl_Task_disable__E)
                  0000b7a8    00000010     ti.targets.arm.rtsarm.aem4f : Gate.oem4f (.text:xdc_runtime_Gate_leaveSystem__E)
                  0000b7b8    00000010                                 : Memory.oem4f (.text:xdc_runtime_Memory_free__E)
                  0000b7c8    00000010                                 : SysMin.oem4f (.text:xdc_runtime_SysMin_ready__E)
                  0000b7d8    00000010                                 : System.oem4f (.text:xdc_runtime_System_vsnprintf__E)
                  0000b7e8    00000010     Robot_pem4f.oem4f (.text:xdc_runtime_Text_visitRope__I)
                  0000b7f8    0000000e     tirtosport.aem4f : HwiP_tirtos.oem4f (.text:HwiP_Params_init)
                  0000b806    0000000e     msp432p4xx_driverlib.lib : i2c.o (.text:I2C_clearInterruptFlag)
                  0000b814    0000000e                              : i2c.o (.text:I2C_disableInterrupt)
                  0000b822    0000000e                              : i2c.o (.text:I2C_setMode)
                  0000b830    0000000e                              : timer_a.o (.text:Timer_A_setCompareValue)
                  0000b83e    0000000e     rtsv7M4_T_le_v4SPD16_eabi.lib : copy_decompress_none.obj (.text:decompress:none)
                  0000b84c    00000004     --HOLE-- [fill = 0]
                  0000b850    0000000e     sysbios.aem4f : BIOS.obj (.text:ti_sysbios_knl_Idle_loop__E)
                  0000b85e    00000002     --HOLE-- [fill = 0]
                  0000b860    0000000e                   : BIOS.obj (.text:ti_sysbios_knl_Queue_empty__E)
                  0000b86e    0000000c     Robot_pem4f.oem4f (.text:.bootCodeSection:ti_sysbios_family_arm_msp432_init_Boot_init__I)
                  0000b87a    0000000c     msp432p4xx_driverlib.lib : cpu.o (.text:CPU_cpsid)
                  0000b886    0000000c                              : cpu.o (.text:CPU_cpsie)
                  0000b892    0000000c                              : spi.o (.text:EUSCI_A_SPI_enable)
                  0000b89e    0000000c                              : spi.o (.text:EUSCI_B_SPI_enable)
                  0000b8aa    0000000c                              : i2c.o (.text:I2C_disableModule)
                  0000b8b6    0000000c                              : i2c.o (.text:I2C_enableModule)
                  0000b8c2    00000002     --HOLE-- [fill = 0]
                  0000b8c4    0000000c                              : pcm.o (.text:PCM_getPowerState)
                  0000b8d0    0000000c     drivers_MSP432P401R.aem4f : PowerMSP432.oem4f (.text:Power_getConstraintMask)
                  0000b8dc    0000000c                               : PowerMSP432.oem4f (.text:Power_getPerformanceLevel)
                  0000b8e8    0000000c     msp432p4xx_driverlib.lib : timer_a.o (.text:Timer_A_stopTimer)
                  0000b8f4    0000000c     rtsv7M4_T_le_v4SPD16_eabi.lib : copy_zero_init.obj (.text:decompress:ZI)
                  0000b900    0000000c     Robot_pem4f.oem4f (.text:ti_sysbios_family_arm_m3_Hwi_Params__init__S)
                  0000b90c    00000004     --HOLE-- [fill = 0]
                  0000b910    0000000c     sysbios.aem4f : BIOS.obj (.text:ti_sysbios_family_arm_m3_Hwi_disableFxn__E)
                  0000b91c    00000004     --HOLE-- [fill = 0]
                  0000b920    0000000c                   : BIOS.obj (.text:ti_sysbios_family_arm_m3_TaskSupport_checkStack__E)
                  0000b92c    00000004     --HOLE-- [fill = 0]
                  0000b930    0000000c                   : BIOS.obj (.text:ti_sysbios_family_arm_m3_TaskSupport_getStackAlignment__E)
                  0000b93c    00000004     --HOLE-- [fill = 0]
                  0000b940    0000000c                   : BIOS.obj (.text:ti_sysbios_family_arm_msp432_Timer_getMaxTicks__E)
                  0000b94c    00000004     --HOLE-- [fill = 0]
                  0000b950    0000000c                   : BIOS.obj (.text:ti_sysbios_gates_GateHwi_enter__E)
                  0000b95c    00000004     --HOLE-- [fill = 0]
                  0000b960    0000000c                   : BIOS.obj (.text:ti_sysbios_knl_Clock_getTicks__E)
                  0000b96c    0000000c     Robot_pem4f.oem4f (.text:ti_sysbios_knl_Queue_Object__get__S)
                  0000b978    0000000c     Robot_pem4f.oem4f (.text:ti_sysbios_knl_Semaphore_Params__init__S)
                  0000b984    0000000c     Robot_pem4f.oem4f (.text:ti_sysbios_knl_Task_Params__init__S)
                  0000b990    0000000c     main.obj (.text:ti_sysbios_knl_Task_handle)
                  0000b99c    0000000c     ti.targets.arm.rtsarm.aem4f : Error.oem4f (.text:xdc_runtime_Error_init__E)
                  0000b9a8    0000000c                                 : Gate.oem4f (.text:xdc_runtime_Gate_enterSystem__E)
                  0000b9b4    0000000c                                 : Memory.oem4f (.text:xdc_runtime_Memory_calloc__E)
                  0000b9c0    0000000c                                 : Memory.oem4f (.text:xdc_runtime_Memory_getMaxDefaultTypeAlign__E)
                  0000b9cc    0000000c                                 : Startup.oem4f (.text:xdc_runtime_Startup_rtsDone__E)
                  0000b9d8    0000000a     drivers_MSP432P401R.aem4f : I2CMSP432.oem4f (.text:I2CMSP432_init)
                  0000b9e2    0000000a                               : I2C.oem4f (.text:I2C_transfer)
                  0000b9ec    0000000a                               : PWM.oem4f (.text:PWM_setDuty)
                  0000b9f6    0000000a                               : PWM.oem4f (.text:PWM_start)
                  0000ba00    0000000a     tirtosport.aem4f : SemaphoreP_tirtos.oem4f (.text:SemaphoreP_post)
                  0000ba0a    0000000a     Robot_pem4f.oem4f (.text:xdc_runtime_IHeap_alloc)
                  0000ba14    0000000a     Robot_pem4f.oem4f (.text:xdc_runtime_IHeap_free)
                  0000ba1e    00000008     msp432p4xx_driverlib.lib : i2c.o (.text:I2C_enableInterrupt)
                  0000ba26    00000008     MSP_EXP432P401R.obj (.text:MSP_EXP432P401R_initGPIO)
                  0000ba2e    00000008     MSP_EXP432P401R.obj (.text:MSP_EXP432P401R_initGeneral)
                  0000ba36    00000008     msp432p4xx_driverlib.lib : pcm.o (.text:PCM_setPowerMode)
                  0000ba3e    00000008                              : pcm.o (.text:PCM_setPowerState)
                  0000ba46    00000008     drivers_MSP432P401R.aem4f : PWMTimerMSP432.oem4f (.text:PWMTimerMSP432_init)
                  0000ba4e    00000008     tirtosport.aem4f : SemaphoreP_tirtos.oem4f (.text:SemaphoreP_Params_init)
                  0000ba56    00000008     msp432p4xx_driverlib.lib : timer_a.o (.text:Timer_A_startCounter)
                  0000ba5e    00000008     drivers_MSP432P401R.aem4f : I2CMSP432.oem4f (.text:blockingTransferCallback)
                  0000ba66    00000002     --HOLE-- [fill = 0]
                  0000ba68    00000008     sysbios.aem4f : BIOS.obj (.text:ti_sysbios_family_arm_m3_Hwi_doSwiRestore__I)
                  0000ba70    00000008                   : BIOS.obj (.text:ti_sysbios_family_arm_m3_Hwi_startup__E)
                  0000ba78    00000006     msp432p4xx_driverlib.lib : i2c.o (.text:I2C_getInterruptStatus)
                  0000ba7e    00000006                              : i2c.o (.text:I2C_masterReceiveMultiByteNext)
                  0000ba84    00000006     drivers_MSP432P401R.aem4f : PWMTimerMSP432.oem4f (.text:PWMTimerMSP432_control)
                  0000ba8a    00000006     ti.targets.arm.rtsarm.aem4f : System.oem4f (.text:xdc_runtime_System_Module_startup__E)
                  0000ba90    00000006     sysbios.aem4f : BIOS.obj (.text:ti_sysbios_family_arm_m3_Hwi_doTaskRestore__I)
                  0000ba96    00000002     --HOLE-- [fill = 0]
                  0000ba98    00000006                   : BIOS.obj (.text:ti_sysbios_family_arm_m3_Hwi_restoreFxn__E)
                  0000ba9e    00000002     --HOLE-- [fill = 0]
                  0000baa0    00000006                   : BIOS.obj (.text:ti_sysbios_gates_GateHwi_leave__E)
                  0000baa6    00000002     --HOLE-- [fill = 0]
                  0000baa8    00000006                   : BIOS.obj (.text:ti_sysbios_heaps_HeapMem_isBlocking__E)
                  0000baae    00000002     --HOLE-- [fill = 0]
                  0000bab0    00000006                   : BIOS.obj (.text:ti_sysbios_knl_Queue_Instance_init__E)
                  0000bab6    00000002     --HOLE-- [fill = 0]
                  0000bab8    00000006                   : BIOS.obj (.text:ti_sysbios_knl_Swi_startup__E)
                  0000babe    00000002     --HOLE-- [fill = 0]
                  0000bac0    00000004                   : BIOS.obj (.text:ti_sysbios_gates_GateHwi_query__E)
                  0000bac4    00000004     --HOLE-- [fill = 0]
                  0000bac8    00000004                   : BIOS.obj (.text:ti_sysbios_gates_GateMutex_query__E)
                  0000bacc    00000004     --HOLE-- [fill = 0]
                  0000bad0    00000004                   : BIOS.obj (.text:ti_sysbios_knl_Task_startup__E)
                  0000bad4    00000004     --HOLE-- [fill = 0]
                  0000bad8    00000002                   : BIOS.obj (.text:ti_sysbios_BIOS_linkedWithIncorrectBootLibrary__E)
                  0000bada    00000006     --HOLE-- [fill = 0]
                  0000bae0    00000002                   : BIOS.obj (.text:ti_sysbios_gates_GateHwi_Instance_init__E)
                  0000bae2    00000006     --HOLE-- [fill = 0]
                  0000bae8    00000002                   : BIOS.obj (.text:ti_sysbios_knl_Clock_logTick__E)

.const     0    0000baec    00002a6e     
                  0000baec    0000183b     Robot_pem4f.oem4f (.const:xdc_runtime_Text_charTab__A)
                  0000d327    0000094d     fontcm20b.obj (.const:.string:g_pucCm20bData)
                  0000dc74    00000101     rtsv7M4_T_le_v4SPD16_eabi.lib : ctype.obj (.const:.string:_ctypes_)
                  0000dd75    00000001     Robot_pem4f.oem4f (.const:xdc_runtime_Error_policy__C)
                  0000dd76    00000002     Robot_pem4f.oem4f (.const:ti_sysbios_family_arm_m3_Hwi_Module__id__C)
                  0000dd78    000000c8     fontcm20b.obj (.const:g_sFontCm20b)
                  0000de40    000000b4     Robot_pem4f.oem4f (.const:xdc_runtime_Text_nodeTab__A)
                  0000def4    00000048     Robot_pem4f.oem4f (.const:.string)
                  0000df3c    0000003c     MSP_EXP432P401R.obj (.const:PWM_config)
                  0000df78    0000003c     Robot_pem4f.oem4f (.const:ti_sysbios_knl_Task_Object__PARAMS__C)
                  0000dfb4    00000030     MSP_EXP432P401R.obj (.const:I2C_config)
                  0000dfe4    00000030     Sharp96x96.obj (.const:g_sharp96x96LCD)
                  0000e014    00000030     MSP_EXP432P401R.obj (.const:i2cMSP432HWAttrs)
                  0000e044    00000030     MSP_EXP432P401R.obj (.const:pwmTimerMSP432HWAttrs)
                  0000e074    00000030     Robot_pem4f.oem4f (.const:ti_sysbios_family_arm_m3_Hwi_Object__PARAMS__C)
                  0000e0a4    00000028     drivers_MSP432P401R.aem4f : PWMTimerMSP432.oem4f (.const)
                  0000e0cc    00000028     Robot_pem4f.oem4f (.const:ti_sysbios_heaps_HeapMem_Module__FXNS__C)
                  0000e0f4    00000024     Robot_pem4f.oem4f (.const:ti_sysbios_gates_GateHwi_Module__FXNS__C)
                  0000e118    00000024     Robot_pem4f.oem4f (.const:ti_sysbios_gates_GateMutex_Module__FXNS__C)
                  0000e13c    00000024     Robot_pem4f.oem4f (.const:ti_sysbios_heaps_HeapMem_Object__PARAMS__C)
                  0000e160    00000024     Robot_pem4f.oem4f (.const:ti_sysbios_knl_Semaphore_Object__PARAMS__C)
                  0000e184    00000024     Robot_pem4f.oem4f (.const:xdc_runtime_Startup_sfxnTab__A)
                  0000e1a8    00000020     drivers_MSP432P401R.aem4f : I2CMSP432.oem4f (.const)
                  0000e1c8    00000020     Robot_pem4f.oem4f (.const:ti_sysbios_family_arm_m3_Hwi_Object__DESC__C)
                  0000e1e8    00000020     Robot_pem4f.oem4f (.const:ti_sysbios_gates_GateHwi_Object__DESC__C)
                  0000e208    00000020     Robot_pem4f.oem4f (.const:ti_sysbios_gates_GateMutex_Object__DESC__C)
                  0000e228    00000020     Robot_pem4f.oem4f (.const:ti_sysbios_heaps_HeapMem_Object__DESC__C)
                  0000e248    00000020     Robot_pem4f.oem4f (.const:ti_sysbios_knl_Queue_Object__DESC__C)
                  0000e268    00000020     Robot_pem4f.oem4f (.const:ti_sysbios_knl_Semaphore_Object__DESC__C)
                  0000e288    00000020     Robot_pem4f.oem4f (.const:ti_sysbios_knl_Task_Object__DESC__C)
                  0000e2a8    0000001c     Sharp96x96.obj (.const:$P$T0$1)
                  0000e2c4    00000018     drivers_MSP432P401R.aem4f : PWM.oem4f (.const)
                  0000e2dc    00000018     Robot_pem4f.oem4f (.const:ti_sysbios_gates_GateHwi_Object__PARAMS__C)
                  0000e2f4    00000018     Robot_pem4f.oem4f (.const:ti_sysbios_gates_GateMutex_Object__PARAMS__C)
                  0000e30c    00000018     Robot_pem4f.oem4f (.const:ti_sysbios_knl_Queue_Object__PARAMS__C)
                  0000e324    00000014     MSP_EXP432P401R.obj (.const:GPIOMSP432_config)
                  0000e338    00000012     Robot_pem4f.oem4f (.const:xdc_runtime_Startup_sfxnRts__A)
                  0000e34a    00000002     Robot_pem4f.oem4f (.const:ti_sysbios_gates_GateMutex_Module__id__C)
                  0000e34c    00000010     MSP_EXP432P401R.obj (.const:PowerMSP432_config)
                  0000e35c    00000010     drivers_MSP432P401R.aem4f : I2C.oem4f (.const)
                  0000e36c    0000000c                               : GPIOMSP432.oem4f (.const:.string)
                  0000e378    0000000c     Robot_pem4f.oem4f (.const:xdc_runtime_Startup_firstFxns__A)
                  0000e384    00000008     MSP_EXP432P401R.obj (.const:.string:$P$T0$1)
                  0000e38c    00000008     Robot_pem4f.oem4f (.const:ti_sysbios_family_arm_m3_Hwi_excHookFuncs__A)
                  0000e394    00000008     Robot_pem4f.oem4f (.const:ti_sysbios_knl_Idle_funcList__A)
                  0000e39c    00000008     Robot_pem4f.oem4f (.const:ti_sysbios_knl_Idle_funcList__C)
                  0000e3a4    00000008     Robot_pem4f.oem4f (.const:xdc_runtime_Startup_firstFxns__C)
                  0000e3ac    00000008     Robot_pem4f.oem4f (.const:xdc_runtime_Startup_lastFxns__C)
                  0000e3b4    00000004     Robot_pem4f.oem4f (.const:ti_sysbios_family_arm_m3_Hwi_E_NMI__C)
                  0000e3b8    00000004     Robot_pem4f.oem4f (.const:ti_sysbios_family_arm_m3_Hwi_E_alreadyDefined__C)
                  0000e3bc    00000004     Robot_pem4f.oem4f (.const:ti_sysbios_family_arm_m3_Hwi_E_busFault__C)
                  0000e3c0    00000004     Robot_pem4f.oem4f (.const:ti_sysbios_family_arm_m3_Hwi_E_debugMon__C)
                  0000e3c4    00000004     Robot_pem4f.oem4f (.const:ti_sysbios_family_arm_m3_Hwi_E_hardFault__C)
                  0000e3c8    00000004     Robot_pem4f.oem4f (.const:ti_sysbios_family_arm_m3_Hwi_E_memFault__C)
                  0000e3cc    00000004     Robot_pem4f.oem4f (.const:ti_sysbios_family_arm_m3_Hwi_E_noIsr__C)
                  0000e3d0    00000004     Robot_pem4f.oem4f (.const:ti_sysbios_family_arm_m3_Hwi_E_reserved__C)
                  0000e3d4    00000004     Robot_pem4f.oem4f (.const:ti_sysbios_family_arm_m3_Hwi_E_svCall__C)
                  0000e3d8    00000004     Robot_pem4f.oem4f (.const:ti_sysbios_family_arm_m3_Hwi_E_usageFault__C)
                  0000e3dc    00000004     Robot_pem4f.oem4f (.const:ti_sysbios_family_arm_m3_Hwi_NUM_INTERRUPTS__C)
                  0000e3e0    00000004     Robot_pem4f.oem4f (.const:ti_sysbios_family_arm_m3_Hwi_Object__count__C)
                  0000e3e4    00000004     Robot_pem4f.oem4f (.const:ti_sysbios_family_arm_m3_Hwi_ccr__C)
                  0000e3e8    00000004     Robot_pem4f.oem4f (.const:ti_sysbios_family_arm_m3_Hwi_excHandlerFunc__C)
                  0000e3ec    00000004     Robot_pem4f.oem4f (.const:ti_sysbios_family_arm_m3_Hwi_excHookFuncs__C)
                  0000e3f0    00000004     Robot_pem4f.oem4f (.const:ti_sysbios_family_arm_m3_Hwi_nullIsrFunc__C)
                  0000e3f4    00000004     Robot_pem4f.oem4f (.const:ti_sysbios_family_arm_m3_Hwi_priGroup__C)
                  0000e3f8    00000004     Robot_pem4f.oem4f (.const:ti_sysbios_family_arm_m3_TaskSupport_stackAlignment__C)
                  0000e3fc    00000004     Robot_pem4f.oem4f (.const:ti_sysbios_family_arm_msp432_Timer_numTimerDevices__C)
                  0000e400    00000004     Robot_pem4f.oem4f (.const:ti_sysbios_family_arm_msp432_Timer_startupNeeded__C)
                  0000e404    00000004     Robot_pem4f.oem4f (.const:ti_sysbios_gates_GateMutex_A_badContext__C)
                  0000e408    00000004     Robot_pem4f.oem4f (.const:ti_sysbios_gates_GateMutex_Instance_State_sem__O)
                  0000e40c    00000004     Robot_pem4f.oem4f (.const:ti_sysbios_gates_GateMutex_Module__diagsEnabled__C)
                  0000e410    00000004     Robot_pem4f.oem4f (.const:ti_sysbios_gates_GateMutex_Module__diagsIncluded__C)
                  0000e414    00000004     Robot_pem4f.oem4f (.const:ti_sysbios_gates_GateMutex_Module__diagsMask__C)
                  0000e418    00000004     Robot_pem4f.oem4f (.const:ti_sysbios_hal_Hwi_E_stackOverflow__C)
                  0000e41c    00000004     Robot_pem4f.oem4f (.const:ti_sysbios_heaps_HeapMem_A_align__C)
                  0000e420    00000004     Robot_pem4f.oem4f (.const:ti_sysbios_heaps_HeapMem_A_heapSize__C)
                  0000e424    00000004     Robot_pem4f.oem4f (.const:ti_sysbios_heaps_HeapMem_A_invalidFree__C)
                  0000e428    00000004     Robot_pem4f.oem4f (.const:ti_sysbios_heaps_HeapMem_A_zeroBlock__C)
                  0000e42c    00000004     Robot_pem4f.oem4f (.const:ti_sysbios_heaps_HeapMem_E_memory__C)
                  0000e430    00000004     Robot_pem4f.oem4f (.const:ti_sysbios_heaps_HeapMem_Module__diagsEnabled__C)
                  0000e434    00000004     Robot_pem4f.oem4f (.const:ti_sysbios_heaps_HeapMem_Module__diagsIncluded__C)
                  0000e438    00000004     Robot_pem4f.oem4f (.const:ti_sysbios_heaps_HeapMem_Module__diagsMask__C)
                  0000e43c    00000004     Robot_pem4f.oem4f (.const:ti_sysbios_heaps_HeapMem_Module__gateObj__C)
                  0000e440    00000004     Robot_pem4f.oem4f (.const:ti_sysbios_heaps_HeapMem_Object__count__C)
                  0000e444    00000004     Robot_pem4f.oem4f (.const:ti_sysbios_heaps_HeapMem_reqAlign__C)
                  0000e448    00000004     Robot_pem4f.oem4f (.const:ti_sysbios_knl_Clock_Module_State_clockQ__O)
                  0000e44c    00000004     Robot_pem4f.oem4f (.const:ti_sysbios_knl_Semaphore_A_badContext__C)
                  0000e450    00000004     Robot_pem4f.oem4f (.const:ti_sysbios_knl_Semaphore_A_noEvents__C)
                  0000e454    00000004     Robot_pem4f.oem4f (.const:ti_sysbios_knl_Semaphore_A_overflow__C)
                  0000e458    00000004     Robot_pem4f.oem4f (.const:ti_sysbios_knl_Semaphore_A_pendTaskDisabled__C)
                  0000e45c    00000004     Robot_pem4f.oem4f (.const:ti_sysbios_knl_Semaphore_Instance_State_pendQ__O)
                  0000e460    00000004     Robot_pem4f.oem4f (.const:ti_sysbios_knl_Semaphore_Module__diagsEnabled__C)
                  0000e464    00000004     Robot_pem4f.oem4f (.const:ti_sysbios_knl_Semaphore_Module__diagsIncluded__C)
                  0000e468    00000004     Robot_pem4f.oem4f (.const:ti_sysbios_knl_Semaphore_Module__diagsMask__C)
                  0000e46c    00000004     Robot_pem4f.oem4f (.const:ti_sysbios_knl_Swi_Object__count__C)
                  0000e470    00000004     Robot_pem4f.oem4f (.const:ti_sysbios_knl_Task_A_badPriority__C)
                  0000e474    00000004     Robot_pem4f.oem4f (.const:ti_sysbios_knl_Task_A_badTaskState__C)
                  0000e478    00000004     Robot_pem4f.oem4f (.const:ti_sysbios_knl_Task_A_badThreadType__C)
                  0000e47c    00000004     Robot_pem4f.oem4f (.const:ti_sysbios_knl_Task_A_badTimeout__C)
                  0000e480    00000004     Robot_pem4f.oem4f (.const:ti_sysbios_knl_Task_A_noPendElem__C)
                  0000e484    00000004     Robot_pem4f.oem4f (.const:ti_sysbios_knl_Task_A_sleepTaskDisabled__C)
                  0000e488    00000004     Robot_pem4f.oem4f (.const:ti_sysbios_knl_Task_E_spOutOfBounds__C)
                  0000e48c    00000004     Robot_pem4f.oem4f (.const:ti_sysbios_knl_Task_E_stackOverflow__C)
                  0000e490    00000004     Robot_pem4f.oem4f (.const:ti_sysbios_knl_Task_Module_State_inactiveQ__O)
                  0000e494    00000004     Robot_pem4f.oem4f (.const:ti_sysbios_knl_Task_Module__diagsEnabled__C)
                  0000e498    00000004     Robot_pem4f.oem4f (.const:ti_sysbios_knl_Task_Module__diagsIncluded__C)
                  0000e49c    00000004     Robot_pem4f.oem4f (.const:ti_sysbios_knl_Task_Module__diagsMask__C)
                  0000e4a0    00000004     Robot_pem4f.oem4f (.const:ti_sysbios_knl_Task_Object__count__C)
                  0000e4a4    00000004     Robot_pem4f.oem4f (.const:ti_sysbios_knl_Task_allBlockedFunc__C)
                  0000e4a8    00000004     Robot_pem4f.oem4f (.const:ti_sysbios_knl_Task_defaultStackHeap__C)
                  0000e4ac    00000004     Robot_pem4f.oem4f (.const:ti_sysbios_knl_Task_defaultStackSize__C)
                  0000e4b0    00000004     Robot_pem4f.oem4f (.const:ti_sysbios_knl_Task_numConstructedTasks__C)
                  0000e4b4    00000004     Robot_pem4f.oem4f (.const:xdc_runtime_Assert_E_assertFailed__C)
                  0000e4b8    00000004     Robot_pem4f.oem4f (.const:xdc_runtime_Core_A_initializedParams__C)
                  0000e4bc    00000004     Robot_pem4f.oem4f (.const:xdc_runtime_Core_Module__diagsEnabled__C)
                  0000e4c0    00000004     Robot_pem4f.oem4f (.const:xdc_runtime_Core_Module__diagsIncluded__C)
                  0000e4c4    00000004     Robot_pem4f.oem4f (.const:xdc_runtime_Core_Module__diagsMask__C)
                  0000e4c8    00000004     Robot_pem4f.oem4f (.const:xdc_runtime_Error_E_memory__C)
                  0000e4cc    00000004     Robot_pem4f.oem4f (.const:xdc_runtime_Error_Module__diagsEnabled__C)
                  0000e4d0    00000004     Robot_pem4f.oem4f (.const:xdc_runtime_Error_Module__diagsIncluded__C)
                  0000e4d4    00000004     Robot_pem4f.oem4f (.const:xdc_runtime_Error_Module__diagsMask__C)
                  0000e4d8    00000004     Robot_pem4f.oem4f (.const:xdc_runtime_Error_Module__loggerFxn8__C)
                  0000e4dc    00000004     Robot_pem4f.oem4f (.const:xdc_runtime_Error_Module__loggerObj__C)
                  0000e4e0    00000004     Robot_pem4f.oem4f (.const:xdc_runtime_Error_policyFxn__C)
                  0000e4e4    00000004     Robot_pem4f.oem4f (.const:xdc_runtime_Error_raiseHook__C)
                  0000e4e8    00000004     Robot_pem4f.oem4f (.const:xdc_runtime_IGateProvider_Interface__BASE__C)
                  0000e4ec    00000004     Robot_pem4f.oem4f (.const:xdc_runtime_IHeap_Interface__BASE__C)
                  0000e4f0    00000004     Robot_pem4f.oem4f (.const:xdc_runtime_IModule_Interface__BASE__C)
                  0000e4f4    00000004     Robot_pem4f.oem4f (.const:xdc_runtime_Log_L_error__C)
                  0000e4f8    00000004     Robot_pem4f.oem4f (.const:xdc_runtime_Memory_defaultHeapInstance__C)
                  0000e4fc    00000004     Robot_pem4f.oem4f (.const:xdc_runtime_Startup_execImpl__C)
                  0000e500    00000004     Robot_pem4f.oem4f (.const:xdc_runtime_Startup_maxPasses__C)
                  0000e504    00000004     Robot_pem4f.oem4f (.const:xdc_runtime_Startup_sfxnRts__C)
                  0000e508    00000004     Robot_pem4f.oem4f (.const:xdc_runtime_Startup_sfxnTab__C)
                  0000e50c    00000004     Robot_pem4f.oem4f (.const:xdc_runtime_SysMin_bufSize__C)
                  0000e510    00000004     Robot_pem4f.oem4f (.const:xdc_runtime_SysMin_outputFunc__C)
                  0000e514    00000004     Robot_pem4f.oem4f (.const:xdc_runtime_System_Module__gateObj__C)
                  0000e518    00000004     Robot_pem4f.oem4f (.const:xdc_runtime_System_abortFxn__C)
                  0000e51c    00000004     Robot_pem4f.oem4f (.const:xdc_runtime_System_exitFxn__C)
                  0000e520    00000004     Robot_pem4f.oem4f (.const:xdc_runtime_System_extendFxn__C)
                  0000e524    00000004     Robot_pem4f.oem4f (.const:xdc_runtime_System_maxAtexitHandlers__C)
                  0000e528    00000004     Robot_pem4f.oem4f (.const:xdc_runtime_Text_charTab__C)
                  0000e52c    00000004     Robot_pem4f.oem4f (.const:xdc_runtime_Text_nameEmpty__C)
                  0000e530    00000004     Robot_pem4f.oem4f (.const:xdc_runtime_Text_nameStatic__C)
                  0000e534    00000004     Robot_pem4f.oem4f (.const:xdc_runtime_Text_nameUnknown__C)
                  0000e538    00000004     Robot_pem4f.oem4f (.const:xdc_runtime_Text_nodeTab__C)
                  0000e53c    00000004     Robot_pem4f.oem4f (.const:xdc_runtime_Text_visitRopeFxn__C)
                  0000e540    00000002     Robot_pem4f.oem4f (.const:ti_sysbios_hal_Hwi_Module__id__C)
                  0000e542    00000002     Robot_pem4f.oem4f (.const:ti_sysbios_heaps_HeapMem_Module__id__C)
                  0000e544    00000002     Robot_pem4f.oem4f (.const:ti_sysbios_knl_Semaphore_Module__id__C)
                  0000e546    00000002     Robot_pem4f.oem4f (.const:ti_sysbios_knl_Task_Module__id__C)
                  0000e548    00000002     Robot_pem4f.oem4f (.const:xdc_runtime_Core_Module__id__C)
                  0000e54a    00000002     Robot_pem4f.oem4f (.const:xdc_runtime_Error_Module__loggerDefined__C)
                  0000e54c    00000002     Robot_pem4f.oem4f (.const:xdc_runtime_Error_maxDepth__C)
                  0000e54e    00000002     Robot_pem4f.oem4f (.const:xdc_runtime_Memory_Module__id__C)
                  0000e550    00000002     Robot_pem4f.oem4f (.const:xdc_runtime_SysMin_flushAtExit__C)
                  0000e552    00000002     Robot_pem4f.oem4f (.const:xdc_runtime_Text_charCnt__C)
                  0000e554    00000002     Robot_pem4f.oem4f (.const:xdc_runtime_Text_isLoaded__C)
                  0000e556    00000002     Robot_pem4f.oem4f (.const:xdc_runtime_Text_registryModsLastId__C)
                  0000e558    00000002     Robot_pem4f.oem4f (.const:xdc_runtime_Text_unnamedModsLastId__C)

.cinit     0    0000e560    000003a0     
                  0000e560    00000369     (.cinit..data.load) [load image, compression = lzss]
                  0000e8c9    00000003     --HOLE-- [fill = 0]
                  0000e8cc    0000000c     (__TI_handler_table)
                  0000e8d8    00000008     (.cinit..bss.load) [load image, compression = zero_init]
                  0000e8e0    00000008     (.cinit..vecs.load) [load image, compression = zero_init]
                  0000e8e8    00000018     (__TI_cinit_table)

.resetVecs 
*          0    00000000    0000003c     
                  00000000    0000003c     Robot_pem4f.oem4f (.resetVecs)

.bss       0    20000140    000054d8     UNINITIALIZED
                  20000140    00002ee0     (.common:DisplayBuffer)
                  20003020    00000c00     Robot_pem4f.oem4f (.bss:taskStackSection)
                  20003c20    00000800     (.common:task0Stack)
                  20004420    00000800     (.common:tsk1Stack)
                  20004c20    00000400     (.common:ti_sysbios_heaps_HeapMem_Instance_State_0_buf__A)
                  20005020    00000140     (.common:ti_sysbios_family_arm_m3_Hwi_dispatchTable)
                  20005160    00000120     rtsv7M4_T_le_v4SPD16_eabi.lib : trgmsg.obj (.bss:_CIOBUF_)
                  20005280    000000d8     (.common:i2cMSP432Objects)
                  20005358    000000a0     (.common:__TI_tmpnams)
                  200053f8    00000080     (.common:xdc_runtime_SysMin_Module_State_0_outbuf__A)
                  20005478    00000050     (.common:task0Struct)
                  200054c8    00000050     (.common:tsk1Struct)
                  20005518    00000030     drivers_MSP432P401R.aem4f : GPIOMSP432.oem4f (.bss:gpioCallbackInfo)
                  20005548    00000030     (.common:pwmTimerMSP432Objects)
                  20005578    00000018     (.common:params)
                  20005590    00000008     rtsv7M4_T_le_v4SPD16_eabi.lib : trgdrv.obj (.bss:parmbuf)
                  20005598    00000008     (.common:Kd_L)
                  200055a0    00000008     (.common:Kd_R)
                  200055a8    00000008     (.common:Ki_L)
                  200055b0    00000008     (.common:Ki_R)
                  200055b8    00000008     (.common:Kp_L)
                  200055c0    00000008     (.common:Kp_R)
                  200055c8    00000008     (.common:dt)
                  200055d0    00000008     (.common:error_L)
                  200055d8    00000008     (.common:error_R)
                  200055e0    00000004     (.common:curr_T)
                  200055e4    00000004     (.common:distance_L)
                  200055e8    00000004     (.common:distance_R)
                  200055ec    00000004     (.common:distance_l)
                  200055f0    00000004     (.common:distance_r)
                  200055f4    00000004     (.common:pre_T)
                  200055f8    00000004     (.common:pwm1)
                  200055fc    00000004     (.common:pwm3)
                  20005600    00000004     (.common:setpoint_l)
                  20005604    00000004     (.common:setpoint_r)
                  20005608    00000004     (.common:speed_L)
                  2000560c    00000004     (.common:speed_R)
                  20005610    00000004     (.common:task)
                  20005614    00000004     (.common:task1)

.data      0    20005618    000009ba     UNINITIALIZED
                  20005618    000000f0     rtsv7M4_T_le_v4SPD16_eabi.lib : defs.obj (.data:_ftable)
                  20005708    000000e4     Robot_pem4f.oem4f (.data:ti_sysbios_knl_Task_Object__table__V)
                  200057ec    000000d0     rtsv7M4_T_le_v4SPD16_eabi.lib : lowlev.obj (.data:$O1$$)
                  200058bc    00000004     drivers_MSP432P401R.aem4f : I2C.oem4f (.data)
                  200058c0    0000009e     motor.obj (.data)
                  2000595e    00000002     Sharp96x96.obj (.data)
                  20005960    0000009c     drivers_MSP432P401R.aem4f : PowerMSP432.oem4f (.data:PowerMSP432_perfLevels)
                  200059fc    00000098     Robot_pem4f.oem4f (.data:ti_sysbios_family_arm_msp432_Timer_Object__table__V)
                  20005a94    00000080     drivers_MSP432P401R.aem4f : PWMTimerMSP432.oem4f (.data:pwmTimerStatus)
                  20005b14    00000080     Robot_pem4f.oem4f (.data:ti_sysbios_knl_Swi_Module_State_0_readyQ__A)
                  20005b94    00000080     Robot_pem4f.oem4f (.data:ti_sysbios_knl_Task_Module_State_0_readyQ__A)
                  20005c14    0000006c     MSP_EXP432P401R.obj (.data:gpioCallbackFunctions)
                  20005c80    0000006c     MSP_EXP432P401R.obj (.data:gpioPinConfigs)
                  20005cec    00000044     Robot_pem4f.oem4f (.data:ti_sysbios_knl_Task_Module__state__V)
                  20005d30    00000038     Robot_pem4f.oem4f (.data:ti_sysbios_gates_GateMutex_Object__table__V)
                  20005d68    00000034     Robot_pem4f.oem4f (.data:ti_sysbios_family_arm_m3_Hwi_Module__state__V)
                  20005d9c    00000030     msp432p4xx_driverlib.lib : gpio.o (.data:GPIO_PORT_TO_BASE)
                  20005dcc    00000030     Robot_pem4f.oem4f (.data:ti_sysbios_family_arm_m3_Hwi_Object__table__V)
                  20005dfc    00000030     Robot_pem4f.oem4f (.data:ti_sysbios_knl_Swi_Object__table__V)
                  20005e2c    0000002c     Robot_pem4f.oem4f (.data:ti_sysbios_knl_Clock_Module__state__V)
                  20005e58    00000028     drivers_MSP432P401R.aem4f : PowerMSP432.oem4f (.data:PowerMSP432_module)
                  20005e80    00000024     Robot_pem4f.oem4f (.data:ti_sysbios_BIOS_Module__state__V)
                  20005ea4    00000020     Robot_pem4f.oem4f (.data:ti_sysbios_family_arm_msp432_Timer_Module_State_0_device__A)
                  20005ec4    0000001c     Robot_pem4f.oem4f (.data:ti_sysbios_knl_Swi_Module__state__V)
                  20005ee0    00000018     Robot_pem4f.oem4f (.data:ti_sysbios_heaps_HeapMem_Object__table__V)
                  20005ef8    00000010     rtsv7M4_T_le_v4SPD16_eabi.lib : defs.obj (.data)
                  20005f08    00000010     Robot_pem4f.oem4f (.data:ti_sysbios_family_arm_msp432_Timer_Module_State_0_handles__A)
                  20005f18    0000000c     rtsv7M4_T_le_v4SPD16_eabi.lib : exit.obj (.data:$O1$$)
                  20005f24    0000000c     Robot_pem4f.oem4f (.data:ti_sysbios_family_arm_msp432_ClockFreqs_Module__state__V)
                  20005f30    0000000c     Robot_pem4f.oem4f (.data:ti_sysbios_family_arm_msp432_Timer_Module__state__V)
                  20005f3c    0000000c     Robot_pem4f.oem4f (.data:xdc_runtime_SysMin_Module__state__V)
                  20005f48    00000008     rtsv7M4_T_le_v4SPD16_eabi.lib : _lock.obj (.data:$O1$$)
                  20005f50    00000008     Robot_pem4f.oem4f (.data:ti_sysbios_family_arm_m3_Hwi_Module__root__V)
                  20005f58    00000008     Robot_pem4f.oem4f (.data:ti_sysbios_gates_GateHwi_Module__root__V)
                  20005f60    00000008     Robot_pem4f.oem4f (.data:ti_sysbios_gates_GateMutex_Module__root__V)
                  20005f68    00000008     Robot_pem4f.oem4f (.data:ti_sysbios_heaps_HeapMem_Module__root__V)
                  20005f70    00000008     Robot_pem4f.oem4f (.data:ti_sysbios_knl_Queue_Module__root__V)
                  20005f78    00000008     Robot_pem4f.oem4f (.data:ti_sysbios_knl_Semaphore_Module__root__V)
                  20005f80    00000008     Robot_pem4f.oem4f (.data:ti_sysbios_knl_Task_Module__root__V)
                  20005f88    00000008     Robot_pem4f.oem4f (.data:xdc_runtime_Registry_Module__state__V)
                  20005f90    00000008     Robot_pem4f.oem4f (.data:xdc_runtime_Startup_Module__state__V)
                  20005f98    00000008     Robot_pem4f.oem4f (.data:xdc_runtime_System_Module_State_0_atexitHandlers__A)
[...]
0000e074  ti_sysbios_family_arm_m3_Hwi_Object__PARAMS__C              
0000e0a4  PWMTimerMSP432_fxnTable                                     
0000e0cc  ti_sysbios_heaps_HeapMem_Module__FXNS__C                    
0000e0f4  ti_sysbios_gates_GateHwi_Module__FXNS__C                    
0000e118  ti_sysbios_gates_GateMutex_Module__FXNS__C                  
0000e13c  ti_sysbios_heaps_HeapMem_Object__PARAMS__C                  
0000e160  ti_sysbios_knl_Semaphore_Object__PARAMS__C                  
0000e184  xdc_runtime_Startup_sfxnTab__A                              
0000e1a8  I2CMSP432_fxnTable                                          
0000e1c8  ti_sysbios_family_arm_m3_Hwi_Object__DESC__C                
0000e1e8  ti_sysbios_gates_GateHwi_Object__DESC__C                    
0000e208  ti_sysbios_gates_GateMutex_Object__DESC__C                  
0000e228  ti_sysbios_heaps_HeapMem_Object__DESC__C                    
0000e248  ti_sysbios_knl_Queue_Object__DESC__C                        
0000e268  ti_sysbios_knl_Semaphore_Object__DESC__C                    
0000e288  ti_sysbios_knl_Task_Object__DESC__C                         
0000e2c4  PWM_defaultParams                                           
0000e2dc  ti_sysbios_gates_GateHwi_Object__PARAMS__C                  
0000e2f4  ti_sysbios_gates_GateMutex_Object__PARAMS__C                
0000e30c  ti_sysbios_knl_Queue_Object__PARAMS__C                      
0000e324  GPIOMSP432_config                                           
0000e338  xdc_runtime_Startup_sfxnRts__A                              
0000e34a  ti_sysbios_gates_GateMutex_Module__id__C                    
0000e34c  PowerMSP432_config                                          
0000e35c  I2C_defaultParams                                           
0000e378  xdc_runtime_Startup_firstFxns__A                            
0000e38c  ti_sysbios_family_arm_m3_Hwi_excHookFuncs__A                
0000e394  ti_sysbios_knl_Idle_funcList__A                             
0000e39c  ti_sysbios_knl_Idle_funcList__C                             
0000e3a4  xdc_runtime_Startup_firstFxns__C                            
0000e3ac  xdc_runtime_Startup_lastFxns__C                             
0000e3b4  ti_sysbios_family_arm_m3_Hwi_E_NMI__C                       
0000e3b8  ti_sysbios_family_arm_m3_Hwi_E_alreadyDefined__C            
0000e3bc  ti_sysbios_family_arm_m3_Hwi_E_busFault__C                  
0000e3c0  ti_sysbios_family_arm_m3_Hwi_E_debugMon__C                  
0000e3c4  ti_sysbios_family_arm_m3_Hwi_E_hardFault__C                 
0000e3c8  ti_sysbios_family_arm_m3_Hwi_E_memFault__C                  
0000e3cc  ti_sysbios_family_arm_m3_Hwi_E_noIsr__C                     
0000e3d0  ti_sysbios_family_arm_m3_Hwi_E_reserved__C                  
0000e3d4  ti_sysbios_family_arm_m3_Hwi_E_svCall__C                    
0000e3d8  ti_sysbios_family_arm_m3_Hwi_E_usageFault__C                
0000e3dc  ti_sysbios_family_arm_m3_Hwi_NUM_INTERRUPTS__C              
0000e3e0  ti_sysbios_family_arm_m3_Hwi_Object__count__C               
0000e3e4  ti_sysbios_family_arm_m3_Hwi_ccr__C                         
0000e3e8  ti_sysbios_family_arm_m3_Hwi_excHandlerFunc__C              
0000e3ec  ti_sysbios_family_arm_m3_Hwi_excHookFuncs__C                
0000e3f0  ti_sysbios_family_arm_m3_Hwi_nullIsrFunc__C                 
0000e3f4  ti_sysbios_family_arm_m3_Hwi_priGroup__C                    
0000e3f8  ti_sysbios_family_arm_m3_TaskSupport_stackAlignment__C      
0000e3fc  ti_sysbios_family_arm_msp432_Timer_numTimerDevices__C       
0000e400  ti_sysbios_family_arm_msp432_Timer_startupNeeded__C         
0000e404  ti_sysbios_gates_GateMutex_A_badContext__C                  
0000e408  ti_sysbios_gates_GateMutex_Instance_State_sem__O            
0000e40c  ti_sysbios_gates_GateMutex_Module__diagsEnabled__C          
0000e410  ti_sysbios_gates_GateMutex_Module__diagsIncluded__C         
0000e414  ti_sysbios_gates_GateMutex_Module__diagsMask__C             
0000e418  ti_sysbios_hal_Hwi_E_stackOverflow__C                       
0000e41c  ti_sysbios_heaps_HeapMem_A_align__C                         
0000e420  ti_sysbios_heaps_HeapMem_A_heapSize__C                      
0000e424  ti_sysbios_heaps_HeapMem_A_invalidFree__C                   
0000e428  ti_sysbios_heaps_HeapMem_A_zeroBlock__C                     
0000e42c  ti_sysbios_heaps_HeapMem_E_memory__C                        
0000e430  ti_sysbios_heaps_HeapMem_Module__diagsEnabled__C            
0000e434  ti_sysbios_heaps_HeapMem_Module__diagsIncluded__C           
0000e438  ti_sysbios_heaps_HeapMem_Module__diagsMask__C               
0000e43c  ti_sysbios_heaps_HeapMem_Module__gateObj__C                 
0000e440  ti_sysbios_heaps_HeapMem_Object__count__C                   
0000e444  ti_sysbios_heaps_HeapMem_reqAlign__C                        
0000e448  ti_sysbios_knl_Clock_Module_State_clockQ__O                 
0000e44c  ti_sysbios_knl_Semaphore_A_badContext__C                    
0000e450  ti_sysbios_knl_Semaphore_A_noEvents__C                      
0000e454  ti_sysbios_knl_Semaphore_A_overflow__C                      
0000e458  ti_sysbios_knl_Semaphore_A_pendTaskDisabled__C              
0000e45c  ti_sysbios_knl_Semaphore_Instance_State_pendQ__O            
0000e460  ti_sysbios_knl_Semaphore_Module__diagsEnabled__C            
0000e464  ti_sysbios_knl_Semaphore_Module__diagsIncluded__C           
0000e468  ti_sysbios_knl_Semaphore_Module__diagsMask__C               
0000e46c  ti_sysbios_knl_Swi_Object__count__C                         
0000e470  ti_sysbios_knl_Task_A_badPriority__C                        
0000e474  ti_sysbios_knl_Task_A_badTaskState__C                       
0000e478  ti_sysbios_knl_Task_A_badThreadType__C                      
0000e47c  ti_sysbios_knl_Task_A_badTimeout__C                         
0000e480  ti_sysbios_knl_Task_A_noPendElem__C                         
0000e484  ti_sysbios_knl_Task_A_sleepTaskDisabled__C                  
0000e488  ti_sysbios_knl_Task_E_spOutOfBounds__C                      
0000e48c  ti_sysbios_knl_Task_E_stackOverflow__C                      
0000e490  ti_sysbios_knl_Task_Module_State_inactiveQ__O               
0000e494  ti_sysbios_knl_Task_Module__diagsEnabled__C                 
0000e498  ti_sysbios_knl_Task_Module__diagsIncluded__C                
0000e49c  ti_sysbios_knl_Task_Module__diagsMask__C                    
0000e4a0  ti_sysbios_knl_Task_Object__count__C                        
0000e4a4  ti_sysbios_knl_Task_allBlockedFunc__C                       
0000e4a8  ti_sysbios_knl_Task_defaultStackHeap__C                     
0000e4ac  ti_sysbios_knl_Task_defaultStackSize__C                     
0000e4b0  ti_sysbios_knl_Task_numConstructedTasks__C                  
0000e4b4  xdc_runtime_Assert_E_assertFailed__C                        
0000e4b8  xdc_runtime_Core_A_initializedParams__C                     
0000e4bc  xdc_runtime_Core_Module__diagsEnabled__C                    
0000e4c0  xdc_runtime_Core_Module__diagsIncluded__C                   
0000e4c4  xdc_runtime_Core_Module__diagsMask__C                       
0000e4c8  xdc_runtime_Error_E_memory__C                               
0000e4cc  xdc_runtime_Error_Module__diagsEnabled__C                   
0000e4d0  xdc_runtime_Error_Module__diagsIncluded__C                  
0000e4d4  xdc_runtime_Error_Module__diagsMask__C                      
0000e4d8  xdc_runtime_Error_Module__loggerFxn8__C                     
0000e4dc  xdc_runtime_Error_Module__loggerObj__C                      
0000e4e0  xdc_runtime_Error_policyFxn__C                              
0000e4e4  xdc_runtime_Error_raiseHook__C                              
0000e4e8  xdc_runtime_IGateProvider_Interface__BASE__C                
0000e4ec  xdc_runtime_IHeap_Interface__BASE__C                        
0000e4f0  xdc_runtime_IModule_Interface__BASE__C                      
0000e4f4  xdc_runtime_Log_L_error__C                                  
0000e4f8  xdc_runtime_Memory_defaultHeapInstance__C                   
0000e4fc  xdc_runtime_Startup_execImpl__C                             
0000e500  xdc_runtime_Startup_maxPasses__C                            
0000e504  xdc_runtime_Startup_sfxnRts__C                              
0000e508  xdc_runtime_Startup_sfxnTab__C                              
0000e50c  xdc_runtime_SysMin_bufSize__C                               
0000e510  xdc_runtime_SysMin_outputFunc__C                            
0000e514  xdc_runtime_System_Module__gateObj__C                       
0000e518  xdc_runtime_System_abortFxn__C                              
0000e51c  xdc_runtime_System_exitFxn__C                               
0000e520  xdc_runtime_System_extendFxn__C                             
0000e524  xdc_runtime_System_maxAtexitHandlers__C                     
0000e528  xdc_runtime_Text_charTab__C                                 
0000e52c  xdc_runtime_Text_nameEmpty__C                               
0000e530  xdc_runtime_Text_nameStatic__C                              
0000e534  xdc_runtime_Text_nameUnknown__C                             
0000e538  xdc_runtime_Text_nodeTab__C                                 
0000e53c  xdc_runtime_Text_visitRopeFxn__C                            
0000e540  ti_sysbios_hal_Hwi_Module__id__C                            
0000e542  ti_sysbios_heaps_HeapMem_Module__id__C                      
0000e544  ti_sysbios_knl_Semaphore_Module__id__C                      
0000e546  ti_sysbios_knl_Task_Module__id__C                           
0000e548  xdc_runtime_Core_Module__id__C                              
0000e54a  xdc_runtime_Error_Module__loggerDefined__C                  
0000e54c  xdc_runtime_Error_maxDepth__C                               
0000e54e  xdc_runtime_Memory_Module__id__C                            
0000e550  xdc_runtime_SysMin_flushAtExit__C                           
0000e552  xdc_runtime_Text_charCnt__C                                 
0000e554  xdc_runtime_Text_isLoaded__C                                
0000e556  xdc_runtime_Text_registryModsLastId__C                      
0000e558  xdc_runtime_Text_unnamedModsLastId__C                       
0000e560  __TI_static_base__                                          
0000e8cc  __TI_Handler_Table_Base                                     
0000e8d8  __TI_Handler_Table_Limit                                    
0000e8e8  __TI_CINIT_Base                                             
0000e900  __TI_CINIT_Limit                                            
20000000  ti_sysbios_family_arm_m3_Hwi_ramVectors                     
20000140  DisplayBuffer                                               
20003020  ti_sysbios_knl_Task_Instance_State_0_stack__A               
20003220  ti_sysbios_knl_Task_Instance_State_1_stack__A               
20003a20  ti_sysbios_knl_Task_Instance_State_2_stack__A               
20003c20  task0Stack                                                  
20004420  tsk1Stack                                                   
20004c20  ti_sysbios_heaps_HeapMem_Instance_State_0_buf__A            
20005020  ti_sysbios_family_arm_m3_Hwi_dispatchTable                  
20005160  __CIOBUF_                                                   
20005280  i2cMSP432Objects                                            
20005358  __TI_tmpnams                                                
200053f8  xdc_runtime_SysMin_Module_State_0_outbuf__A                 
20005478  task0Struct                                                 
200054c8  tsk1Struct                                                  
20005548  pwmTimerMSP432Objects                                       
20005578  params                                                      
20005598  Kd_L                                                        
200055a0  Kd_R                                                        
200055a8  Ki_L                                                        
200055b0  Ki_R                                                        
200055b8  Kp_L                                                        
200055c0  Kp_R                                                        
200055c8  dt                                                          
200055d0  error_L                                                     
200055d8  error_R                                                     
200055e0  curr_T                                                      
200055e4  distance_L                                                  
200055e8  distance_R                                                  
200055ec  distance_l                                                  
200055f0  distance_r                                                  
200055f4  pre_T                                                       
200055f8  pwm1                                                        
200055fc  pwm3                                                        
20005600  setpoint_l                                                  
20005604  setpoint_r                                                  
20005608  speed_L                                                     
2000560c  speed_R                                                     
20005610  task                                                        
20005614  task1                                                       
20005618  _ftable                                                     
20005708  ti_sysbios_knl_Task_Object__table__V                        
200058c0  setpoint                                                    
200058c4  Rotation_R                                                  
200058c8  Rotation_L                                                  
200058cc  ooo                                                         
200058d0  pre_error_R                                                 
200058d8  pre_error_L                                                 
200058e0  integ_R                                                     
200058e8  integ_L                                                     
200058f0  diff_R                                                      
200058f8  diff_L                                                      
20005900  duty_change_R                                               
20005904  duty_change_L                                               
20005908  pwm_R                                                       
2000590a  pwm_L                                                       
20005910  Setpoint                                                    
20005918  Kp                                                          
20005920  Ki                                                          
20005928  Kd                                                          
20005930  ini_speed_left                                              
20005938  ini_speed_right                                             
20005940  Igap                                                        
20005948  previous_gap                                                
20005950  n                                                           
20005954  pwm2                                                        
20005958  pwm4                                                        
2000595c  pwmPeriod                                                   
2000595e  VCOMbit                                                     
2000595f  flagSendToggleVCOMCommand                                   
20005960  PowerMSP432_perfLevels                                      
200059fc  ti_sysbios_family_arm_msp432_Timer_Object__table__V         
20005b14  ti_sysbios_knl_Swi_Module_State_0_readyQ__A                 
20005b94  ti_sysbios_knl_Task_Module_State_0_readyQ__A                
20005c14  gpioCallbackFunctions                                       
20005c80  gpioPinConfigs                                              
20005cec  ti_sysbios_knl_Task_Module__state__V                        
20005d30  ti_sysbios_gates_GateMutex_Object__table__V                 
20005d68  ti_sysbios_family_arm_m3_Hwi_Module__state__V               
20005dcc  ti_sysbios_family_arm_m3_Hwi_Object__table__V               
20005dfc  ti_sysbios_knl_Swi_Object__table__V                         
20005e2c  ti_sysbios_knl_Clock_Module__state__V                       
20005e58  PowerMSP432_module                                          
20005e80  ti_sysbios_BIOS_Module__state__V                            
20005ea4  ti_sysbios_family_arm_msp432_Timer_Module_State_0_device__A 
20005ec4  ti_sysbios_knl_Swi_Module__state__V                         
20005ee0  ti_sysbios_heaps_HeapMem_Object__table__V                   
20005ef8  __TI_ft_end                                                 
20005efc  __aeabi_stdin                                               
20005f00  __aeabi_stdout                                              
20005f04  __aeabi_stderr                                              
20005f08  ti_sysbios_family_arm_msp432_Timer_Module_State_0_handles__A
20005f18  __TI_cleanup_ptr                                            
20005f1c  __TI_dtors_ptr                                              
20005f20  __TI_enable_exit_profile_output                             
20005f24  ti_sysbios_family_arm_msp432_ClockFreqs_Module__state__V    
20005f30  ti_sysbios_family_arm_msp432_Timer_Module__state__V         
20005f3c  xdc_runtime_SysMin_Module__state__V                         
20005f48  _lock                                                       
20005f4c  _unlock                                                     
20005f50  ti_sysbios_family_arm_m3_Hwi_Module__root__V                
20005f58  ti_sysbios_gates_GateHwi_Module__root__V                    
20005f60  ti_sysbios_gates_GateMutex_Module__root__V                  
20005f68  ti_sysbios_heaps_HeapMem_Module__root__V                    
20005f70  ti_sysbios_knl_Queue_Module__root__V                        
20005f78  ti_sysbios_knl_Semaphore_Module__root__V                    
20005f80  ti_sysbios_knl_Task_Module__root__V                         
20005f88  xdc_runtime_Registry_Module__state__V                       
20005f90  xdc_runtime_Startup_Module__state__V                        
20005f98  xdc_runtime_System_Module_State_0_atexitHandlers__A         
20005fa0  xdc_runtime_System_Module__state__V                         
20005fac  errno                                                       
20005fb4  main_func_sp                                                
20005fb8  ti_sysbios_family_arm_m3_Hwi_Module_State_0_excContext__A   
20005fbc  ti_sysbios_family_arm_m3_Hwi_Module_State_0_excStack__A     
20005fc0  ti_sysbios_gates_GateHwi_Object__table__V                   
20005fc4  ti_sysbios_knl_Task_Module_State_0_idleTask__A              
20005fc8  xdc_runtime_Memory_Module__state__V                         
20005fcc  ti_sysbios_family_arm_m3_Hwi_Module_State_0_excActive__A    
20005fce  xdc_runtime_Error_Module__state__V                          
20005fd1  state                                                       
2000fd00  __stack                                                     
20010000  __STACK_END                                                 
4000480c  WDTCTL_SYM                                                  
e000e000  ti_sysbios_family_arm_m3_Hwi_nvic                           
ffffffff  __TI_pprof_out_hndl                                         
ffffffff  __TI_prof_data_size                                         
ffffffff  __TI_prof_data_start                                        
ffffffff  __binit__                                                   
ffffffff  __c_args__                                                  
ffffffff  binit                                                       
UNDEFED   SHT$$INIT_ARRAY$$Base                                       
UNDEFED   SHT$$INIT_ARRAY$$Limit                                      

[828 symbols]
